<?xml version="1.0" encoding="UTF-8"?>
<testsuites name="jest tests" tests="490" failures="143" errors="0" time="96.401">
  <testsuite name="SecurityManager" errors="0" failures="0" skipped="0" timestamp="2025-09-25T00:39:00" time="0.893" tests="22">
    <testcase classname="SecurityManager Initialization should initialize security manager successfully" name="SecurityManager Initialization should initialize security manager successfully" time="0.011">
    </testcase>
    <testcase classname="SecurityManager Initialization should handle initialization failure" name="SecurityManager Initialization should handle initialization failure" time="0.003">
    </testcase>
    <testcase classname="SecurityManager Initialization should handle initialization error" name="SecurityManager Initialization should handle initialization error" time="0.002">
    </testcase>
    <testcase classname="SecurityManager Security Level Management should set security level" name="SecurityManager Security Level Management should set security level" time="0.002">
    </testcase>
    <testcase classname="SecurityManager Security Level Management should apply security level settings" name="SecurityManager Security Level Management should apply security level settings" time="0.001">
    </testcase>
    <testcase classname="SecurityManager Security Validation should validate security requirements successfully" name="SecurityManager Security Validation should validate security requirements successfully" time="0.001">
    </testcase>
    <testcase classname="SecurityManager Security Validation should detect privacy violations" name="SecurityManager Security Validation should detect privacy violations" time="0.001">
    </testcase>
    <testcase classname="SecurityManager Security Validation should detect missing consent" name="SecurityManager Security Validation should detect missing consent" time="0.001">
    </testcase>
    <testcase classname="SecurityManager Security Validation should detect expired consent" name="SecurityManager Security Validation should detect expired consent" time="0.003">
    </testcase>
    <testcase classname="SecurityManager Security Validation should detect retention violations" name="SecurityManager Security Validation should detect retention violations" time="0.001">
    </testcase>
    <testcase classname="SecurityManager Secure Data Operations should securely store data" name="SecurityManager Secure Data Operations should securely store data" time="0.001">
    </testcase>
    <testcase classname="SecurityManager Secure Data Operations should securely retrieve data" name="SecurityManager Secure Data Operations should securely retrieve data" time="0.006">
    </testcase>
    <testcase classname="SecurityManager Secure Data Operations should securely delete data" name="SecurityManager Secure Data Operations should securely delete data" time="0.004">
    </testcase>
    <testcase classname="SecurityManager Secure Data Operations should handle storage errors" name="SecurityManager Secure Data Operations should handle storage errors" time="0.001">
    </testcase>
    <testcase classname="SecurityManager Consent Management should request consent successfully" name="SecurityManager Consent Management should request consent successfully" time="0.003">
    </testcase>
    <testcase classname="SecurityManager Consent Management should handle consent denial" name="SecurityManager Consent Management should handle consent denial" time="0.001">
    </testcase>
    <testcase classname="SecurityManager Consent Management should handle consent request errors" name="SecurityManager Consent Management should handle consent request errors" time="0">
    </testcase>
    <testcase classname="SecurityManager Privacy Mode Management should enable privacy mode" name="SecurityManager Privacy Mode Management should enable privacy mode" time="0.001">
    </testcase>
    <testcase classname="SecurityManager Privacy Mode Management should disable privacy mode" name="SecurityManager Privacy Mode Management should disable privacy mode" time="0.001">
    </testcase>
    <testcase classname="SecurityManager Security Status and Reporting should get security status" name="SecurityManager Security Status and Reporting should get security status" time="0">
    </testcase>
    <testcase classname="SecurityManager Security Status and Reporting should generate compliance report" name="SecurityManager Security Status and Reporting should generate compliance report" time="0.002">
    </testcase>
    <testcase classname="SecurityManager Shutdown should shutdown security manager" name="SecurityManager Shutdown should shutdown security manager" time="0.001">
    </testcase>
  </testsuite>
  <testsuite name="PrivacyModeService" errors="0" failures="0" skipped="0" timestamp="2025-09-25T00:39:01" time="0.088" tests="35">
    <testcase classname="PrivacyModeService Privacy Mode Management should enable privacy mode with default settings" name="PrivacyModeService Privacy Mode Management should enable privacy mode with default settings" time="0.005">
    </testcase>
    <testcase classname="PrivacyModeService Privacy Mode Management should enable privacy mode with custom settings" name="PrivacyModeService Privacy Mode Management should enable privacy mode with custom settings" time="0">
    </testcase>
    <testcase classname="PrivacyModeService Privacy Mode Management should disable privacy mode" name="PrivacyModeService Privacy Mode Management should disable privacy mode" time="0.001">
    </testcase>
    <testcase classname="PrivacyModeService Privacy Mode Management should update privacy settings" name="PrivacyModeService Privacy Mode Management should update privacy settings" time="0">
    </testcase>
    <testcase classname="PrivacyModeService Service Validation should allow local STT services in privacy mode" name="PrivacyModeService Service Validation should allow local STT services in privacy mode" time="0">
    </testcase>
    <testcase classname="PrivacyModeService Service Validation should block cloud STT services in privacy mode" name="PrivacyModeService Service Validation should block cloud STT services in privacy mode" time="0">
    </testcase>
    <testcase classname="PrivacyModeService Service Validation should allow cloud STT when blockCloudSTT is disabled" name="PrivacyModeService Service Validation should allow cloud STT when blockCloudSTT is disabled" time="0">
    </testcase>
    <testcase classname="PrivacyModeService Service Validation should block cloud summary services in privacy mode" name="PrivacyModeService Service Validation should block cloud summary services in privacy mode" time="0">
    </testcase>
    <testcase classname="PrivacyModeService Service Validation should allow local summary services in privacy mode" name="PrivacyModeService Service Validation should allow local summary services in privacy mode" time="0.001">
    </testcase>
    <testcase classname="PrivacyModeService Service Validation should block analytics in privacy mode" name="PrivacyModeService Service Validation should block analytics in privacy mode" time="0">
    </testcase>
    <testcase classname="PrivacyModeService Service Validation should allow analytics when blockAnalytics is disabled" name="PrivacyModeService Service Validation should allow analytics when blockAnalytics is disabled" time="0">
    </testcase>
    <testcase classname="PrivacyModeService Service Validation should block data sharing in privacy mode" name="PrivacyModeService Service Validation should block data sharing in privacy mode" time="0">
    </testcase>
    <testcase classname="PrivacyModeService Service Validation should allow all services when privacy mode is disabled" name="PrivacyModeService Service Validation should allow all services when privacy mode is disabled" time="0">
    </testcase>
    <testcase classname="PrivacyModeService Processing Request Validation should validate allowed processing request" name="PrivacyModeService Processing Request Validation should validate allowed processing request" time="0">
    </testcase>
    <testcase classname="PrivacyModeService Processing Request Validation should reject blocked service provider" name="PrivacyModeService Processing Request Validation should reject blocked service provider" time="0">
    </testcase>
    <testcase classname="PrivacyModeService Processing Request Validation should reject external data storage when localStorageOnly is enabled" name="PrivacyModeService Processing Request Validation should reject external data storage when localStorageOnly is enabled" time="0">
    </testcase>
    <testcase classname="PrivacyModeService Processing Request Validation should allow requests when privacy mode is disabled" name="PrivacyModeService Processing Request Validation should allow requests when privacy mode is disabled" time="0">
    </testcase>
    <testcase classname="PrivacyModeService Privacy-Compliant Configuration should return original config when privacy mode is disabled" name="PrivacyModeService Privacy-Compliant Configuration should return original config when privacy mode is disabled" time="0.001">
    </testcase>
    <testcase classname="PrivacyModeService Privacy-Compliant Configuration should modify config for privacy compliance" name="PrivacyModeService Privacy-Compliant Configuration should modify config for privacy compliance" time="0">
    </testcase>
    <testcase classname="PrivacyModeService Privacy-Compliant Configuration should preserve local STT provider in privacy mode" name="PrivacyModeService Privacy-Compliant Configuration should preserve local STT provider in privacy mode" time="0">
    </testcase>
    <testcase classname="PrivacyModeService Data Sanitization should sanitize transcript data" name="PrivacyModeService Data Sanitization should sanitize transcript data" time="0">
    </testcase>
    <testcase classname="PrivacyModeService Data Sanitization should sanitize config data" name="PrivacyModeService Data Sanitization should sanitize config data" time="0">
    </testcase>
    <testcase classname="PrivacyModeService Data Sanitization should sanitize analytics data" name="PrivacyModeService Data Sanitization should sanitize analytics data" time="0">
    </testcase>
    <testcase classname="PrivacyModeService Data Sanitization should return original data when privacy mode is disabled" name="PrivacyModeService Data Sanitization should return original data when privacy mode is disabled" time="0">
    </testcase>
    <testcase classname="PrivacyModeService Data Retention Policy should apply retention policy when enabled" name="PrivacyModeService Data Retention Policy should apply retention policy when enabled" time="0">
    </testcase>
    <testcase classname="PrivacyModeService Data Retention Policy should not apply retention policy when disabled" name="PrivacyModeService Data Retention Policy should not apply retention policy when disabled" time="0.001">
    </testcase>
    <testcase classname="PrivacyModeService Data Retention Policy should not apply retention policy when privacy mode is disabled" name="PrivacyModeService Data Retention Policy should not apply retention policy when privacy mode is disabled" time="0">
    </testcase>
    <testcase classname="PrivacyModeService Data Retention Policy should return correct retention period" name="PrivacyModeService Data Retention Policy should return correct retention period" time="0">
    </testcase>
    <testcase classname="PrivacyModeService Privacy Status should return correct privacy status when enabled" name="PrivacyModeService Privacy Status should return correct privacy status when enabled" time="0">
    </testcase>
    <testcase classname="PrivacyModeService Privacy Status should return correct privacy status when disabled" name="PrivacyModeService Privacy Status should return correct privacy status when disabled" time="0">
    </testcase>
    <testcase classname="PrivacyModeService Storage Initialization should initialize from stored state" name="PrivacyModeService Storage Initialization should initialize from stored state" time="0">
    </testcase>
    <testcase classname="PrivacyModeService Storage Initialization should handle invalid stored state" name="PrivacyModeService Storage Initialization should handle invalid stored state" time="0">
    </testcase>
    <testcase classname="PrivacyModeService Storage Initialization should handle missing stored state" name="PrivacyModeService Storage Initialization should handle missing stored state" time="0">
    </testcase>
    <testcase classname="PrivacyModeService Event Listeners should add and remove listeners" name="PrivacyModeService Event Listeners should add and remove listeners" time="0.001">
    </testcase>
    <testcase classname="PrivacyModeService Event Listeners should handle listener errors gracefully" name="PrivacyModeService Event Listeners should handle listener errors gracefully" time="0.004">
    </testcase>
  </testsuite>
  <testsuite name="TranscriptionEngine Real-time Features" errors="0" failures="24" skipped="0" timestamp="2025-09-25T00:39:01" time="0.389" tests="24">
    <testcase classname="TranscriptionEngine Real-time Features Pause and Resume Functionality should pause transcription" name="TranscriptionEngine Real-time Features Pause and Resume Functionality should pause transcription" time="0.001">
      <failure>Error: Transcription engine initialization failed: Speaker identification initialization failed: window is not defined
    at TranscriptionEngine.initialize (/Volumes/externalssd/devitems/teamsmeetingplugin/src/client/services/TranscriptionEngine.js:118:13)
    at processTicksAndRejections (node:internal/process/task_queues:105:5)
    at Object.&lt;anonymous&gt; (/Volumes/externalssd/devitems/teamsmeetingplugin/src/client/services/__tests__/TranscriptionEngine.realtime.test.js:52:5)</failure>
    </testcase>
    <testcase classname="TranscriptionEngine Real-time Features Pause and Resume Functionality should resume transcription" name="TranscriptionEngine Real-time Features Pause and Resume Functionality should resume transcription" time="0">
      <failure>Error: Transcription engine initialization failed: Speaker identification initialization failed: window is not defined
    at TranscriptionEngine.initialize (/Volumes/externalssd/devitems/teamsmeetingplugin/src/client/services/TranscriptionEngine.js:118:13)
    at processTicksAndRejections (node:internal/process/task_queues:105:5)
    at Object.&lt;anonymous&gt; (/Volumes/externalssd/devitems/teamsmeetingplugin/src/client/services/__tests__/TranscriptionEngine.realtime.test.js:52:5)</failure>
    </testcase>
    <testcase classname="TranscriptionEngine Real-time Features Pause and Resume Functionality should not process audio when paused" name="TranscriptionEngine Real-time Features Pause and Resume Functionality should not process audio when paused" time="0">
      <failure>Error: Transcription engine initialization failed: Speaker identification initialization failed: window is not defined
    at TranscriptionEngine.initialize (/Volumes/externalssd/devitems/teamsmeetingplugin/src/client/services/TranscriptionEngine.js:118:13)
    at processTicksAndRejections (node:internal/process/task_queues:105:5)
    at Object.&lt;anonymous&gt; (/Volumes/externalssd/devitems/teamsmeetingplugin/src/client/services/__tests__/TranscriptionEngine.realtime.test.js:52:5)</failure>
    </testcase>
    <testcase classname="TranscriptionEngine Real-time Features Pause and Resume Functionality should resume processing queue when resumed" name="TranscriptionEngine Real-time Features Pause and Resume Functionality should resume processing queue when resumed" time="0">
      <failure>Error: Transcription engine initialization failed: Speaker identification initialization failed: window is not defined
    at TranscriptionEngine.initialize (/Volumes/externalssd/devitems/teamsmeetingplugin/src/client/services/TranscriptionEngine.js:118:13)
    at processTicksAndRejections (node:internal/process/task_queues:105:5)
    at Object.&lt;anonymous&gt; (/Volumes/externalssd/devitems/teamsmeetingplugin/src/client/services/__tests__/TranscriptionEngine.realtime.test.js:52:5)</failure>
    </testcase>
    <testcase classname="TranscriptionEngine Real-time Features Real-time Streaming should emit partial results in real-time mode" name="TranscriptionEngine Real-time Features Real-time Streaming should emit partial results in real-time mode" time="0">
      <failure>Error: Transcription engine initialization failed: Speaker identification initialization failed: window is not defined
    at TranscriptionEngine.initialize (/Volumes/externalssd/devitems/teamsmeetingplugin/src/client/services/TranscriptionEngine.js:118:13)
    at processTicksAndRejections (node:internal/process/task_queues:105:5)
    at Object.&lt;anonymous&gt; (/Volumes/externalssd/devitems/teamsmeetingplugin/src/client/services/__tests__/TranscriptionEngine.realtime.test.js:52:5)</failure>
    </testcase>
    <testcase classname="TranscriptionEngine Real-time Features Real-time Streaming should finalize streaming segments after delay" name="TranscriptionEngine Real-time Features Real-time Streaming should finalize streaming segments after delay" time="0">
      <failure>Error: Transcription engine initialization failed: Speaker identification initialization failed: window is not defined
    at TranscriptionEngine.initialize (/Volumes/externalssd/devitems/teamsmeetingplugin/src/client/services/TranscriptionEngine.js:118:13)
    at processTicksAndRejections (node:internal/process/task_queues:105:5)
    at Object.&lt;anonymous&gt; (/Volumes/externalssd/devitems/teamsmeetingplugin/src/client/services/__tests__/TranscriptionEngine.realtime.test.js:52:5)</failure>
    </testcase>
    <testcase classname="TranscriptionEngine Real-time Features Real-time Streaming should accumulate streaming buffer" name="TranscriptionEngine Real-time Features Real-time Streaming should accumulate streaming buffer" time="0.001">
      <failure>Error: Transcription engine initialization failed: Speaker identification initialization failed: window is not defined
    at TranscriptionEngine.initialize (/Volumes/externalssd/devitems/teamsmeetingplugin/src/client/services/TranscriptionEngine.js:118:13)
    at processTicksAndRejections (node:internal/process/task_queues:105:5)
    at Object.&lt;anonymous&gt; (/Volumes/externalssd/devitems/teamsmeetingplugin/src/client/services/__tests__/TranscriptionEngine.realtime.test.js:52:5)</failure>
    </testcase>
    <testcase classname="TranscriptionEngine Real-time Features Transcription History Management should return transcription history" name="TranscriptionEngine Real-time Features Transcription History Management should return transcription history" time="0">
      <failure>Error: Transcription engine initialization failed: Speaker identification initialization failed: window is not defined
    at TranscriptionEngine.initialize (/Volumes/externalssd/devitems/teamsmeetingplugin/src/client/services/TranscriptionEngine.js:118:13)
    at processTicksAndRejections (node:internal/process/task_queues:105:5)
    at Object.&lt;anonymous&gt; (/Volumes/externalssd/devitems/teamsmeetingplugin/src/client/services/__tests__/TranscriptionEngine.realtime.test.js:52:5)</failure>
    </testcase>
    <testcase classname="TranscriptionEngine Real-time Features Transcription History Management should get full transcript text" name="TranscriptionEngine Real-time Features Transcription History Management should get full transcript text" time="0.001">
      <failure>Error: Transcription engine initialization failed: Speaker identification initialization failed: window is not defined
    at TranscriptionEngine.initialize (/Volumes/externalssd/devitems/teamsmeetingplugin/src/client/services/TranscriptionEngine.js:118:13)
    at processTicksAndRejections (node:internal/process/task_queues:105:5)
    at Object.&lt;anonymous&gt; (/Volumes/externalssd/devitems/teamsmeetingplugin/src/client/services/__tests__/TranscriptionEngine.realtime.test.js:52:5)</failure>
    </testcase>
    <testcase classname="TranscriptionEngine Real-time Features Transcription History Management should clear transcription buffer" name="TranscriptionEngine Real-time Features Transcription History Management should clear transcription buffer" time="0">
      <failure>Error: Transcription engine initialization failed: Speaker identification initialization failed: window is not defined
    at TranscriptionEngine.initialize (/Volumes/externalssd/devitems/teamsmeetingplugin/src/client/services/TranscriptionEngine.js:118:13)
    at processTicksAndRejections (node:internal/process/task_queues:105:5)
    at Object.&lt;anonymous&gt; (/Volumes/externalssd/devitems/teamsmeetingplugin/src/client/services/__tests__/TranscriptionEngine.realtime.test.js:52:5)</failure>
    </testcase>
    <testcase classname="TranscriptionEngine Real-time Features Segment Editing should edit transcription segment" name="TranscriptionEngine Real-time Features Segment Editing should edit transcription segment" time="0.003">
      <failure>Error: Transcription engine initialization failed: Speaker identification initialization failed: window is not defined
    at TranscriptionEngine.initialize (/Volumes/externalssd/devitems/teamsmeetingplugin/src/client/services/TranscriptionEngine.js:118:13)
    at processTicksAndRejections (node:internal/process/task_queues:105:5)
    at Object.&lt;anonymous&gt; (/Volumes/externalssd/devitems/teamsmeetingplugin/src/client/services/__tests__/TranscriptionEngine.realtime.test.js:52:5)</failure>
    </testcase>
    <testcase classname="TranscriptionEngine Real-time Features Segment Editing should delete transcription segment" name="TranscriptionEngine Real-time Features Segment Editing should delete transcription segment" time="0.001">
      <failure>Error: Transcription engine initialization failed: Speaker identification initialization failed: window is not defined
    at TranscriptionEngine.initialize (/Volumes/externalssd/devitems/teamsmeetingplugin/src/client/services/TranscriptionEngine.js:118:13)
    at processTicksAndRejections (node:internal/process/task_queues:105:5)
    at Object.&lt;anonymous&gt; (/Volumes/externalssd/devitems/teamsmeetingplugin/src/client/services/__tests__/TranscriptionEngine.realtime.test.js:52:5)</failure>
    </testcase>
    <testcase classname="TranscriptionEngine Real-time Features Segment Editing should throw error when editing non-existent segment" name="TranscriptionEngine Real-time Features Segment Editing should throw error when editing non-existent segment" time="0.001">
      <failure>Error: Transcription engine initialization failed: Speaker identification initialization failed: window is not defined
    at TranscriptionEngine.initialize (/Volumes/externalssd/devitems/teamsmeetingplugin/src/client/services/TranscriptionEngine.js:118:13)
    at processTicksAndRejections (node:internal/process/task_queues:105:5)
    at Object.&lt;anonymous&gt; (/Volumes/externalssd/devitems/teamsmeetingplugin/src/client/services/__tests__/TranscriptionEngine.realtime.test.js:52:5)</failure>
    </testcase>
    <testcase classname="TranscriptionEngine Real-time Features Segment Editing should throw error when deleting non-existent segment" name="TranscriptionEngine Real-time Features Segment Editing should throw error when deleting non-existent segment" time="0">
      <failure>Error: Transcription engine initialization failed: Speaker identification initialization failed: window is not defined
    at TranscriptionEngine.initialize (/Volumes/externalssd/devitems/teamsmeetingplugin/src/client/services/TranscriptionEngine.js:118:13)
    at processTicksAndRejections (node:internal/process/task_queues:105:5)
    at Object.&lt;anonymous&gt; (/Volumes/externalssd/devitems/teamsmeetingplugin/src/client/services/__tests__/TranscriptionEngine.realtime.test.js:52:5)</failure>
    </testcase>
    <testcase classname="TranscriptionEngine Real-time Features Export Functionality should export as plain text" name="TranscriptionEngine Real-time Features Export Functionality should export as plain text" time="0">
      <failure>Error: Transcription engine initialization failed: Speaker identification initialization failed: window is not defined
    at TranscriptionEngine.initialize (/Volumes/externalssd/devitems/teamsmeetingplugin/src/client/services/TranscriptionEngine.js:118:13)
    at processTicksAndRejections (node:internal/process/task_queues:105:5)
    at Object.&lt;anonymous&gt; (/Volumes/externalssd/devitems/teamsmeetingplugin/src/client/services/__tests__/TranscriptionEngine.realtime.test.js:52:5)</failure>
    </testcase>
    <testcase classname="TranscriptionEngine Real-time Features Export Functionality should export as JSON" name="TranscriptionEngine Real-time Features Export Functionality should export as JSON" time="0.001">
      <failure>Error: Transcription engine initialization failed: Speaker identification initialization failed: window is not defined
    at TranscriptionEngine.initialize (/Volumes/externalssd/devitems/teamsmeetingplugin/src/client/services/TranscriptionEngine.js:118:13)
    at processTicksAndRejections (node:internal/process/task_queues:105:5)
    at Object.&lt;anonymous&gt; (/Volumes/externalssd/devitems/teamsmeetingplugin/src/client/services/__tests__/TranscriptionEngine.realtime.test.js:52:5)</failure>
    </testcase>
    <testcase classname="TranscriptionEngine Real-time Features Export Functionality should export as SRT format" name="TranscriptionEngine Real-time Features Export Functionality should export as SRT format" time="0">
      <failure>Error: Transcription engine initialization failed: Speaker identification initialization failed: window is not defined
    at TranscriptionEngine.initialize (/Volumes/externalssd/devitems/teamsmeetingplugin/src/client/services/TranscriptionEngine.js:118:13)
    at processTicksAndRejections (node:internal/process/task_queues:105:5)
    at Object.&lt;anonymous&gt; (/Volumes/externalssd/devitems/teamsmeetingplugin/src/client/services/__tests__/TranscriptionEngine.realtime.test.js:52:5)</failure>
    </testcase>
    <testcase classname="TranscriptionEngine Real-time Features Export Functionality should export as WebVTT format" name="TranscriptionEngine Real-time Features Export Functionality should export as WebVTT format" time="0">
      <failure>Error: Transcription engine initialization failed: Speaker identification initialization failed: window is not defined
    at TranscriptionEngine.initialize (/Volumes/externalssd/devitems/teamsmeetingplugin/src/client/services/TranscriptionEngine.js:118:13)
    at processTicksAndRejections (node:internal/process/task_queues:105:5)
    at Object.&lt;anonymous&gt; (/Volumes/externalssd/devitems/teamsmeetingplugin/src/client/services/__tests__/TranscriptionEngine.realtime.test.js:52:5)</failure>
    </testcase>
    <testcase classname="TranscriptionEngine Real-time Features Export Functionality should throw error for unsupported format" name="TranscriptionEngine Real-time Features Export Functionality should throw error for unsupported format" time="0.001">
      <failure>Error: Transcription engine initialization failed: Speaker identification initialization failed: window is not defined
    at TranscriptionEngine.initialize (/Volumes/externalssd/devitems/teamsmeetingplugin/src/client/services/TranscriptionEngine.js:118:13)
    at processTicksAndRejections (node:internal/process/task_queues:105:5)
    at Object.&lt;anonymous&gt; (/Volumes/externalssd/devitems/teamsmeetingplugin/src/client/services/__tests__/TranscriptionEngine.realtime.test.js:52:5)</failure>
    </testcase>
    <testcase classname="TranscriptionEngine Real-time Features Processing Status Events should emit processing status changes" name="TranscriptionEngine Real-time Features Processing Status Events should emit processing status changes" time="0">
      <failure>Error: Transcription engine initialization failed: Speaker identification initialization failed: window is not defined
    at TranscriptionEngine.initialize (/Volumes/externalssd/devitems/teamsmeetingplugin/src/client/services/TranscriptionEngine.js:118:13)
    at processTicksAndRejections (node:internal/process/task_queues:105:5)
    at Object.&lt;anonymous&gt; (/Volumes/externalssd/devitems/teamsmeetingplugin/src/client/services/__tests__/TranscriptionEngine.realtime.test.js:52:5)</failure>
    </testcase>
    <testcase classname="TranscriptionEngine Real-time Features Enhanced Status Information should include real-time status in getStatus" name="TranscriptionEngine Real-time Features Enhanced Status Information should include real-time status in getStatus" time="0.001">
      <failure>Error: Transcription engine initialization failed: Speaker identification initialization failed: window is not defined
    at TranscriptionEngine.initialize (/Volumes/externalssd/devitems/teamsmeetingplugin/src/client/services/TranscriptionEngine.js:118:13)
    at processTicksAndRejections (node:internal/process/task_queues:105:5)
    at Object.&lt;anonymous&gt; (/Volumes/externalssd/devitems/teamsmeetingplugin/src/client/services/__tests__/TranscriptionEngine.realtime.test.js:52:5)</failure>
    </testcase>
    <testcase classname="TranscriptionEngine Real-time Features Enhanced Status Information should track streaming timer status" name="TranscriptionEngine Real-time Features Enhanced Status Information should track streaming timer status" time="0">
      <failure>Error: Transcription engine initialization failed: Speaker identification initialization failed: window is not defined
    at TranscriptionEngine.initialize (/Volumes/externalssd/devitems/teamsmeetingplugin/src/client/services/TranscriptionEngine.js:118:13)
    at processTicksAndRejections (node:internal/process/task_queues:105:5)
    at Object.&lt;anonymous&gt; (/Volumes/externalssd/devitems/teamsmeetingplugin/src/client/services/__tests__/TranscriptionEngine.realtime.test.js:52:5)</failure>
    </testcase>
    <testcase classname="TranscriptionEngine Real-time Features Cleanup with Real-time Features should cleanup streaming timer on cleanup" name="TranscriptionEngine Real-time Features Cleanup with Real-time Features should cleanup streaming timer on cleanup" time="0">
      <failure>Error: Transcription engine initialization failed: Speaker identification initialization failed: window is not defined
    at TranscriptionEngine.initialize (/Volumes/externalssd/devitems/teamsmeetingplugin/src/client/services/TranscriptionEngine.js:118:13)
    at processTicksAndRejections (node:internal/process/task_queues:105:5)
    at Object.&lt;anonymous&gt; (/Volumes/externalssd/devitems/teamsmeetingplugin/src/client/services/__tests__/TranscriptionEngine.realtime.test.js:52:5)</failure>
    </testcase>
    <testcase classname="TranscriptionEngine Real-time Features Confidence Calculation should calculate average confidence from recent results" name="TranscriptionEngine Real-time Features Confidence Calculation should calculate average confidence from recent results" time="0">
      <failure>Error: Transcription engine initialization failed: Speaker identification initialization failed: window is not defined
    at TranscriptionEngine.initialize (/Volumes/externalssd/devitems/teamsmeetingplugin/src/client/services/TranscriptionEngine.js:118:13)
    at processTicksAndRejections (node:internal/process/task_queues:105:5)
    at Object.&lt;anonymous&gt; (/Volumes/externalssd/devitems/teamsmeetingplugin/src/client/services/__tests__/TranscriptionEngine.realtime.test.js:52:5)</failure>
    </testcase>
  </testsuite>
  <testsuite name="SummaryService" errors="0" failures="0" skipped="0" timestamp="2025-09-25T00:39:01" time="0.1" tests="26">
    <testcase classname="SummaryService Initialization should initialize with AI providers" name="SummaryService Initialization should initialize with AI providers" time="0.001">
    </testcase>
    <testcase classname="SummaryService Initialization should set configuration manager" name="SummaryService Initialization should set configuration manager" time="0">
    </testcase>
    <testcase classname="SummaryService Initialization should set agenda service" name="SummaryService Initialization should set agenda service" time="0">
    </testcase>
    <testcase classname="SummaryService Summary Generation should generate summary successfully" name="SummaryService Summary Generation should generate summary successfully" time="0.001">
    </testcase>
    <testcase classname="SummaryService Summary Generation should handle empty transcript" name="SummaryService Summary Generation should handle empty transcript" time="0.009">
    </testcase>
    <testcase classname="SummaryService Summary Generation should handle missing API key" name="SummaryService Summary Generation should handle missing API key" time="0">
    </testcase>
    <testcase classname="SummaryService Summary Generation should handle unsupported provider" name="SummaryService Summary Generation should handle unsupported provider" time="0.001">
    </testcase>
    <testcase classname="SummaryService Summary Generation should use custom prompt when available" name="SummaryService Summary Generation should use custom prompt when available" time="0">
    </testcase>
    <testcase classname="SummaryService Summary Generation should include agenda context when available" name="SummaryService Summary Generation should include agenda context when available" time="0">
    </testcase>
    <testcase classname="SummaryService Transcript Formatting should format transcript for AI processing" name="SummaryService Transcript Formatting should format transcript for AI processing" time="0">
    </testcase>
    <testcase classname="SummaryService Transcript Formatting should handle transcript with unknown speakers" name="SummaryService Transcript Formatting should handle transcript with unknown speakers" time="0">
    </testcase>
    <testcase classname="SummaryService Summary Parsing should parse structured AI summary" name="SummaryService Summary Parsing should parse structured AI summary" time="0.001">
    </testcase>
    <testcase classname="SummaryService Summary Parsing should extract action items with assignees" name="SummaryService Summary Parsing should extract action items with assignees" time="0">
    </testcase>
    <testcase classname="SummaryService Summary Parsing should extract due dates from action items" name="SummaryService Summary Parsing should extract due dates from action items" time="0">
    </testcase>
    <testcase classname="SummaryService Summary Parsing should identify action item priorities" name="SummaryService Summary Parsing should identify action item priorities" time="0">
    </testcase>
    <testcase classname="SummaryService Agenda Integration should track agenda items in summary" name="SummaryService Agenda Integration should track agenda items in summary" time="0.001">
    </testcase>
    <testcase classname="SummaryService Agenda Integration should handle agenda items not discussed" name="SummaryService Agenda Integration should handle agenda items not discussed" time="0">
    </testcase>
    <testcase classname="SummaryService Provider Testing should test provider connection" name="SummaryService Provider Testing should test provider connection" time="0">
    </testcase>
    <testcase classname="SummaryService Provider Testing should handle provider test failure" name="SummaryService Provider Testing should handle provider test failure" time="0">
    </testcase>
    <testcase classname="SummaryService Provider Testing should handle invalid provider for testing" name="SummaryService Provider Testing should handle invalid provider for testing" time="0">
    </testcase>
    <testcase classname="SummaryService Utility Functions should extract speakers from transcript" name="SummaryService Utility Functions should extract speakers from transcript" time="0">
    </testcase>
    <testcase classname="SummaryService Utility Functions should calculate meeting duration" name="SummaryService Utility Functions should calculate meeting duration" time="0">
    </testcase>
    <testcase classname="SummaryService Utility Functions should get default model for provider" name="SummaryService Utility Functions should get default model for provider" time="0">
    </testcase>
    <testcase classname="SummaryService Error Handling should handle provider configuration errors" name="SummaryService Error Handling should handle provider configuration errors" time="0.001">
    </testcase>
    <testcase classname="SummaryService Error Handling should handle summary generation errors" name="SummaryService Error Handling should handle summary generation errors" time="0">
    </testcase>
    <testcase classname="SummaryService Error Handling should handle parsing errors gracefully" name="SummaryService Error Handling should handle parsing errors gracefully" time="0">
    </testcase>
  </testsuite>
  <testsuite name="AgendaService" errors="0" failures="0" skipped="0" timestamp="2025-09-25T00:39:01" time="0.032" tests="32">
    <testcase classname="AgendaService Constructor should initialize with default values" name="AgendaService Constructor should initialize with default values" time="0.001">
    </testcase>
    <testcase classname="AgendaService setAccessToken should set access token" name="AgendaService setAccessToken should set access token" time="0">
    </testcase>
    <testcase classname="AgendaService extractAgendaItems should extract numbered agenda items" name="AgendaService extractAgendaItems should extract numbered agenda items" time="0.001">
    </testcase>
    <testcase classname="AgendaService extractAgendaItems should extract bullet point agenda items" name="AgendaService extractAgendaItems should extract bullet point agenda items" time="0">
    </testcase>
    <testcase classname="AgendaService extractAgendaItems should extract time-based agenda items" name="AgendaService extractAgendaItems should extract time-based agenda items" time="0.001">
    </testcase>
    <testcase classname="AgendaService extractAgendaItems should handle HTML content" name="AgendaService extractAgendaItems should handle HTML content" time="0">
    </testcase>
    <testcase classname="AgendaService extractAgendaItems should return empty array for content without agenda items" name="AgendaService extractAgendaItems should return empty array for content without agenda items" time="0">
    </testcase>
    <testcase classname="AgendaService extractKeywords should extract meaningful keywords" name="AgendaService extractKeywords should extract meaningful keywords" time="0">
    </testcase>
    <testcase classname="AgendaService extractKeywords should filter out stop words" name="AgendaService extractKeywords should filter out stop words" time="0">
    </testcase>
    <testcase classname="AgendaService extractKeywords should limit to 5 keywords" name="AgendaService extractKeywords should limit to 5 keywords" time="0.001">
    </testcase>
    <testcase classname="AgendaService estimateItemDuration should estimate short duration for quick items" name="AgendaService estimateItemDuration should estimate short duration for quick items" time="0">
    </testcase>
    <testcase classname="AgendaService estimateItemDuration should estimate medium duration for reviews" name="AgendaService estimateItemDuration should estimate medium duration for reviews" time="0">
    </testcase>
    <testcase classname="AgendaService estimateItemDuration should estimate longer duration for discussions" name="AgendaService estimateItemDuration should estimate longer duration for discussions" time="0">
    </testcase>
    <testcase classname="AgendaService estimateItemDuration should estimate presentation duration" name="AgendaService estimateItemDuration should estimate presentation duration" time="0">
    </testcase>
    <testcase classname="AgendaService estimateItemDuration should return default duration for generic items" name="AgendaService estimateItemDuration should return default duration for generic items" time="0">
    </testcase>
    <testcase classname="AgendaService createFallbackAgenda should create fallback agenda" name="AgendaService createFallbackAgenda should create fallback agenda" time="0">
    </testcase>
    <testcase classname="AgendaService trackAgendaProgress should track agenda progress with keyword matches" name="AgendaService trackAgendaProgress should track agenda progress with keyword matches" time="0">
    </testcase>
    <testcase classname="AgendaService trackAgendaProgress should track multiple agenda items" name="AgendaService trackAgendaProgress should track multiple agenda items" time="0">
    </testcase>
    <testcase classname="AgendaService trackAgendaProgress should handle fallback agenda" name="AgendaService trackAgendaProgress should handle fallback agenda" time="0.001">
    </testcase>
    <testcase classname="AgendaService filterContentByAgenda should identify relevant content" name="AgendaService filterContentByAgenda should identify relevant content" time="0">
    </testcase>
    <testcase classname="AgendaService filterContentByAgenda should identify irrelevant content" name="AgendaService filterContentByAgenda should identify irrelevant content" time="0">
    </testcase>
    <testcase classname="AgendaService filterContentByAgenda should suggest focus for low relevance" name="AgendaService filterContentByAgenda should suggest focus for low relevance" time="0">
    </testcase>
    <testcase classname="AgendaService filterContentByAgenda should handle fallback agenda" name="AgendaService filterContentByAgenda should handle fallback agenda" time="0">
    </testcase>
    <testcase classname="AgendaService generateAgendaSummaryPrompt should generate agenda-focused prompt" name="AgendaService generateAgendaSummaryPrompt should generate agenda-focused prompt" time="0">
    </testcase>
    <testcase classname="AgendaService generateAgendaSummaryPrompt should generate generic prompt for fallback agenda" name="AgendaService generateAgendaSummaryPrompt should generate generic prompt for fallback agenda" time="0">
    </testcase>
    <testcase classname="AgendaService generateAgendaSummaryPrompt should generate generic prompt when no agenda" name="AgendaService generateAgendaSummaryPrompt should generate generic prompt when no agenda" time="0">
    </testcase>
    <testcase classname="AgendaService fetchMeetingAgenda should return fallback when no access token" name="AgendaService fetchMeetingAgenda should return fallback when no access token" time="0.001">
    </testcase>
    <testcase classname="AgendaService fetchMeetingAgenda should handle API errors gracefully" name="AgendaService fetchMeetingAgenda should handle API errors gracefully" time="0">
    </testcase>
    <testcase classname="AgendaService fetchMeetingAgenda should parse successful API response" name="AgendaService fetchMeetingAgenda should parse successful API response" time="0">
    </testcase>
    <testcase classname="AgendaService calculateSimilarity should calculate similarity correctly" name="AgendaService calculateSimilarity should calculate similarity correctly" time="0">
    </testcase>
    <testcase classname="AgendaService removeDuplicateItems should remove duplicate items" name="AgendaService removeDuplicateItems should remove duplicate items" time="0">
    </testcase>
    <testcase classname="AgendaService resetTracking should reset all tracking data" name="AgendaService resetTracking should reset all tracking data" time="0">
    </testcase>
  </testsuite>
  <testsuite name="LocalSTTService" errors="0" failures="0" skipped="0" timestamp="2025-09-25T00:39:01" time="0.047" tests="30">
    <testcase classname="LocalSTTService Initialization should initialize successfully with default settings" name="LocalSTTService Initialization should initialize successfully with default settings" time="0.001">
    </testcase>
    <testcase classname="LocalSTTService Initialization should initialize with custom language" name="LocalSTTService Initialization should initialize with custom language" time="0">
    </testcase>
    <testcase classname="LocalSTTService Initialization should not reinitialize if already initialized" name="LocalSTTService Initialization should not reinitialize if already initialized" time="0.001">
    </testcase>
    <testcase classname="LocalSTTService Initialization should handle initialization failure" name="LocalSTTService Initialization should handle initialization failure" time="0.008">
    </testcase>
    <testcase classname="LocalSTTService Initialization should emit initialization events" name="LocalSTTService Initialization should emit initialization events" time="0">
    </testcase>
    <testcase classname="LocalSTTService Audio Processing should prepare audio for Whisper correctly" name="LocalSTTService Audio Processing should prepare audio for Whisper correctly" time="0.001">
    </testcase>
    <testcase classname="LocalSTTService Audio Processing should resample audio to 16kHz" name="LocalSTTService Audio Processing should resample audio to 16kHz" time="0">
    </testcase>
    <testcase classname="LocalSTTService Audio Processing should normalize audio levels" name="LocalSTTService Audio Processing should normalize audio levels" time="0">
    </testcase>
    <testcase classname="LocalSTTService Audio Processing should apply pre-emphasis filter" name="LocalSTTService Audio Processing should apply pre-emphasis filter" time="0">
    </testcase>
    <testcase classname="LocalSTTService Transcription should transcribe audio successfully" name="LocalSTTService Transcription should transcribe audio successfully" time="0.001">
    </testcase>
    <testcase classname="LocalSTTService Transcription should handle string result from Whisper" name="LocalSTTService Transcription should handle string result from Whisper" time="0.001">
    </testcase>
    <testcase classname="LocalSTTService Transcription should process segments when available" name="LocalSTTService Transcription should process segments when available" time="0">
    </testcase>
    <testcase classname="LocalSTTService Transcription should handle transcription failure gracefully" name="LocalSTTService Transcription should handle transcription failure gracefully" time="0.001">
    </testcase>
    <testcase classname="LocalSTTService Transcription should validate audio data before transcription" name="LocalSTTService Transcription should validate audio data before transcription" time="0">
    </testcase>
    <testcase classname="LocalSTTService Transcription should emit transcription events" name="LocalSTTService Transcription should emit transcription events" time="0">
    </testcase>
    <testcase classname="LocalSTTService Text Processing should clean transcription text" name="LocalSTTService Text Processing should clean transcription text" time="0">
    </testcase>
    <testcase classname="LocalSTTService Text Processing should remove unusual characters" name="LocalSTTService Text Processing should remove unusual characters" time="0">
    </testcase>
    <testcase classname="LocalSTTService Text Processing should assess transcription quality" name="LocalSTTService Text Processing should assess transcription quality" time="0">
    </testcase>
    <testcase classname="LocalSTTService Text Processing should detect language patterns" name="LocalSTTService Text Processing should detect language patterns" time="0.001">
    </testcase>
    <testcase classname="LocalSTTService Text Processing should return null for short text language detection" name="LocalSTTService Text Processing should return null for short text language detection" time="0">
    </testcase>
    <testcase classname="LocalSTTService Language Management should change language successfully" name="LocalSTTService Language Management should change language successfully" time="0">
    </testcase>
    <testcase classname="LocalSTTService Language Management should throw error for unsupported language" name="LocalSTTService Language Management should throw error for unsupported language" time="0">
    </testcase>
    <testcase classname="LocalSTTService Language Management should get available languages" name="LocalSTTService Language Management should get available languages" time="0">
    </testcase>
    <testcase classname="LocalSTTService Statistics and Monitoring should track performance statistics" name="LocalSTTService Statistics and Monitoring should track performance statistics" time="0">
    </testcase>
    <testcase classname="LocalSTTService Statistics and Monitoring should track failures in statistics" name="LocalSTTService Statistics and Monitoring should track failures in statistics" time="0.001">
    </testcase>
    <testcase classname="LocalSTTService Statistics and Monitoring should reset statistics" name="LocalSTTService Statistics and Monitoring should reset statistics" time="0">
    </testcase>
    <testcase classname="LocalSTTService Statistics and Monitoring should get current status" name="LocalSTTService Statistics and Monitoring should get current status" time="0">
    </testcase>
    <testcase classname="LocalSTTService Event System should add and remove event listeners" name="LocalSTTService Event System should add and remove event listeners" time="0">
    </testcase>
    <testcase classname="LocalSTTService Event System should handle listener errors gracefully" name="LocalSTTService Event System should handle listener errors gracefully" time="0.001">
    </testcase>
    <testcase classname="LocalSTTService Cleanup should cleanup resources properly" name="LocalSTTService Cleanup should cleanup resources properly" time="0.002">
    </testcase>
  </testsuite>
  <testsuite name="SpeakerIdentificationService" errors="0" failures="37" skipped="0" timestamp="2025-09-25T00:39:01" time="0.233" tests="38">
    <testcase classname="SpeakerIdentificationService Initialization should initialize successfully" name="SpeakerIdentificationService Initialization should initialize successfully" time="0.003">
      <failure>Error: Speaker identification initialization failed: window is not defined
    at SpeakerIdentificationService.initialize (/Volumes/externalssd/devitems/teamsmeetingplugin/src/client/services/SpeakerIdentificationService.js:73:13)
    at Object.initialize (/Volumes/externalssd/devitems/teamsmeetingplugin/src/client/services/__tests__/SpeakerIdentificationService.test.js:56:43)
    at Promise.then.completed (/Volumes/externalssd/devitems/teamsmeetingplugin/node_modules/jest-circus/build/utils.js:298:28)
    at new Promise (&lt;anonymous&gt;)
    at callAsyncCircusFn (/Volumes/externalssd/devitems/teamsmeetingplugin/node_modules/jest-circus/build/utils.js:231:10)
    at _callCircusTest (/Volumes/externalssd/devitems/teamsmeetingplugin/node_modules/jest-circus/build/run.js:316:40)
    at processTicksAndRejections (node:internal/process/task_queues:105:5)
    at _runTest (/Volumes/externalssd/devitems/teamsmeetingplugin/node_modules/jest-circus/build/run.js:252:3)
    at _runTestsForDescribeBlock (/Volumes/externalssd/devitems/teamsmeetingplugin/node_modules/jest-circus/build/run.js:126:9)
    at _runTestsForDescribeBlock (/Volumes/externalssd/devitems/teamsmeetingplugin/node_modules/jest-circus/build/run.js:121:9)
    at _runTestsForDescribeBlock (/Volumes/externalssd/devitems/teamsmeetingplugin/node_modules/jest-circus/build/run.js:121:9)
    at run (/Volumes/externalssd/devitems/teamsmeetingplugin/node_modules/jest-circus/build/run.js:71:3)
    at runAndTransformResultsToJestFormat (/Volumes/externalssd/devitems/teamsmeetingplugin/node_modules/jest-circus/build/legacy-code-todo-rewrite/jestAdapterInit.js:122:21)
    at jestAdapter (/Volumes/externalssd/devitems/teamsmeetingplugin/node_modules/jest-circus/build/legacy-code-todo-rewrite/jestAdapter.js:79:19)
    at runTestInternal (/Volumes/externalssd/devitems/teamsmeetingplugin/node_modules/jest-runner/build/runTest.js:367:16)
    at runTest (/Volumes/externalssd/devitems/teamsmeetingplugin/node_modules/jest-runner/build/runTest.js:444:34)
    at Object.worker (/Volumes/externalssd/devitems/teamsmeetingplugin/node_modules/jest-runner/build/testWorker.js:106:12)</failure>
    </testcase>
    <testcase classname="SpeakerIdentificationService Initialization should not initialize twice" name="SpeakerIdentificationService Initialization should not initialize twice" time="0.004">
      <failure>Error: Speaker identification initialization failed: window is not defined
    at SpeakerIdentificationService.initialize (/Volumes/externalssd/devitems/teamsmeetingplugin/src/client/services/SpeakerIdentificationService.js:73:13)
    at Object.initialize (/Volumes/externalssd/devitems/teamsmeetingplugin/src/client/services/__tests__/SpeakerIdentificationService.test.js:64:28)
    at Promise.then.completed (/Volumes/externalssd/devitems/teamsmeetingplugin/node_modules/jest-circus/build/utils.js:298:28)
    at new Promise (&lt;anonymous&gt;)
    at callAsyncCircusFn (/Volumes/externalssd/devitems/teamsmeetingplugin/node_modules/jest-circus/build/utils.js:231:10)
    at _callCircusTest (/Volumes/externalssd/devitems/teamsmeetingplugin/node_modules/jest-circus/build/run.js:316:40)
    at processTicksAndRejections (node:internal/process/task_queues:105:5)
    at _runTest (/Volumes/externalssd/devitems/teamsmeetingplugin/node_modules/jest-circus/build/run.js:252:3)
    at _runTestsForDescribeBlock (/Volumes/externalssd/devitems/teamsmeetingplugin/node_modules/jest-circus/build/run.js:126:9)
    at _runTestsForDescribeBlock (/Volumes/externalssd/devitems/teamsmeetingplugin/node_modules/jest-circus/build/run.js:121:9)
    at _runTestsForDescribeBlock (/Volumes/externalssd/devitems/teamsmeetingplugin/node_modules/jest-circus/build/run.js:121:9)
    at run (/Volumes/externalssd/devitems/teamsmeetingplugin/node_modules/jest-circus/build/run.js:71:3)
    at runAndTransformResultsToJestFormat (/Volumes/externalssd/devitems/teamsmeetingplugin/node_modules/jest-circus/build/legacy-code-todo-rewrite/jestAdapterInit.js:122:21)
    at jestAdapter (/Volumes/externalssd/devitems/teamsmeetingplugin/node_modules/jest-circus/build/legacy-code-todo-rewrite/jestAdapter.js:79:19)
    at runTestInternal (/Volumes/externalssd/devitems/teamsmeetingplugin/node_modules/jest-runner/build/runTest.js:367:16)
    at runTest (/Volumes/externalssd/devitems/teamsmeetingplugin/node_modules/jest-runner/build/runTest.js:444:34)
    at Object.worker (/Volumes/externalssd/devitems/teamsmeetingplugin/node_modules/jest-runner/build/testWorker.js:106:12)</failure>
    </testcase>
    <testcase classname="SpeakerIdentificationService Initialization should load existing speaker profiles" name="SpeakerIdentificationService Initialization should load existing speaker profiles" time="0.001">
      <failure>Error: Speaker identification initialization failed: window is not defined
    at SpeakerIdentificationService.initialize (/Volumes/externalssd/devitems/teamsmeetingplugin/src/client/services/SpeakerIdentificationService.js:73:13)
    at Object.initialize (/Volumes/externalssd/devitems/teamsmeetingplugin/src/client/services/__tests__/SpeakerIdentificationService.test.js:84:28)
    at Promise.then.completed (/Volumes/externalssd/devitems/teamsmeetingplugin/node_modules/jest-circus/build/utils.js:298:28)
    at new Promise (&lt;anonymous&gt;)
    at callAsyncCircusFn (/Volumes/externalssd/devitems/teamsmeetingplugin/node_modules/jest-circus/build/utils.js:231:10)
    at _callCircusTest (/Volumes/externalssd/devitems/teamsmeetingplugin/node_modules/jest-circus/build/run.js:316:40)
    at processTicksAndRejections (node:internal/process/task_queues:105:5)
    at _runTest (/Volumes/externalssd/devitems/teamsmeetingplugin/node_modules/jest-circus/build/run.js:252:3)
    at _runTestsForDescribeBlock (/Volumes/externalssd/devitems/teamsmeetingplugin/node_modules/jest-circus/build/run.js:126:9)
    at _runTestsForDescribeBlock (/Volumes/externalssd/devitems/teamsmeetingplugin/node_modules/jest-circus/build/run.js:121:9)
    at _runTestsForDescribeBlock (/Volumes/externalssd/devitems/teamsmeetingplugin/node_modules/jest-circus/build/run.js:121:9)
    at run (/Volumes/externalssd/devitems/teamsmeetingplugin/node_modules/jest-circus/build/run.js:71:3)
    at runAndTransformResultsToJestFormat (/Volumes/externalssd/devitems/teamsmeetingplugin/node_modules/jest-circus/build/legacy-code-todo-rewrite/jestAdapterInit.js:122:21)
    at jestAdapter (/Volumes/externalssd/devitems/teamsmeetingplugin/node_modules/jest-circus/build/legacy-code-todo-rewrite/jestAdapter.js:79:19)
    at runTestInternal (/Volumes/externalssd/devitems/teamsmeetingplugin/node_modules/jest-runner/build/runTest.js:367:16)
    at runTest (/Volumes/externalssd/devitems/teamsmeetingplugin/node_modules/jest-runner/build/runTest.js:444:34)
    at Object.worker (/Volumes/externalssd/devitems/teamsmeetingplugin/node_modules/jest-runner/build/testWorker.js:106:12)</failure>
    </testcase>
    <testcase classname="SpeakerIdentificationService Audio Validation should validate good audio data" name="SpeakerIdentificationService Audio Validation should validate good audio data" time="0.002">
      <failure>Error: Speaker identification initialization failed: window is not defined
    at SpeakerIdentificationService.initialize (/Volumes/externalssd/devitems/teamsmeetingplugin/src/client/services/SpeakerIdentificationService.js:73:13)
    at Object.initialize (/Volumes/externalssd/devitems/teamsmeetingplugin/src/client/services/__tests__/SpeakerIdentificationService.test.js:93:28)
    at Promise.then.completed (/Volumes/externalssd/devitems/teamsmeetingplugin/node_modules/jest-circus/build/utils.js:298:28)
    at new Promise (&lt;anonymous&gt;)
    at callAsyncCircusFn (/Volumes/externalssd/devitems/teamsmeetingplugin/node_modules/jest-circus/build/utils.js:231:10)
    at _callCircusHook (/Volumes/externalssd/devitems/teamsmeetingplugin/node_modules/jest-circus/build/run.js:281:40)
    at processTicksAndRejections (node:internal/process/task_queues:105:5)
    at _runTest (/Volumes/externalssd/devitems/teamsmeetingplugin/node_modules/jest-circus/build/run.js:246:5)
    at _runTestsForDescribeBlock (/Volumes/externalssd/devitems/teamsmeetingplugin/node_modules/jest-circus/build/run.js:126:9)
    at _runTestsForDescribeBlock (/Volumes/externalssd/devitems/teamsmeetingplugin/node_modules/jest-circus/build/run.js:121:9)
    at _runTestsForDescribeBlock (/Volumes/externalssd/devitems/teamsmeetingplugin/node_modules/jest-circus/build/run.js:121:9)
    at run (/Volumes/externalssd/devitems/teamsmeetingplugin/node_modules/jest-circus/build/run.js:71:3)
    at runAndTransformResultsToJestFormat (/Volumes/externalssd/devitems/teamsmeetingplugin/node_modules/jest-circus/build/legacy-code-todo-rewrite/jestAdapterInit.js:122:21)
    at jestAdapter (/Volumes/externalssd/devitems/teamsmeetingplugin/node_modules/jest-circus/build/legacy-code-todo-rewrite/jestAdapter.js:79:19)
    at runTestInternal (/Volumes/externalssd/devitems/teamsmeetingplugin/node_modules/jest-runner/build/runTest.js:367:16)
    at runTest (/Volumes/externalssd/devitems/teamsmeetingplugin/node_modules/jest-runner/build/runTest.js:444:34)
    at Object.worker (/Volumes/externalssd/devitems/teamsmeetingplugin/node_modules/jest-runner/build/testWorker.js:106:12)</failure>
    </testcase>
    <testcase classname="SpeakerIdentificationService Audio Validation should reject null audio data" name="SpeakerIdentificationService Audio Validation should reject null audio data" time="0.001">
      <failure>Error: Speaker identification initialization failed: window is not defined
    at SpeakerIdentificationService.initialize (/Volumes/externalssd/devitems/teamsmeetingplugin/src/client/services/SpeakerIdentificationService.js:73:13)
    at Object.initialize (/Volumes/externalssd/devitems/teamsmeetingplugin/src/client/services/__tests__/SpeakerIdentificationService.test.js:93:28)
    at Promise.then.completed (/Volumes/externalssd/devitems/teamsmeetingplugin/node_modules/jest-circus/build/utils.js:298:28)
    at new Promise (&lt;anonymous&gt;)
    at callAsyncCircusFn (/Volumes/externalssd/devitems/teamsmeetingplugin/node_modules/jest-circus/build/utils.js:231:10)
    at _callCircusHook (/Volumes/externalssd/devitems/teamsmeetingplugin/node_modules/jest-circus/build/run.js:281:40)
    at processTicksAndRejections (node:internal/process/task_queues:105:5)
    at _runTest (/Volumes/externalssd/devitems/teamsmeetingplugin/node_modules/jest-circus/build/run.js:246:5)
    at _runTestsForDescribeBlock (/Volumes/externalssd/devitems/teamsmeetingplugin/node_modules/jest-circus/build/run.js:126:9)
    at _runTestsForDescribeBlock (/Volumes/externalssd/devitems/teamsmeetingplugin/node_modules/jest-circus/build/run.js:121:9)
    at _runTestsForDescribeBlock (/Volumes/externalssd/devitems/teamsmeetingplugin/node_modules/jest-circus/build/run.js:121:9)
    at run (/Volumes/externalssd/devitems/teamsmeetingplugin/node_modules/jest-circus/build/run.js:71:3)
    at runAndTransformResultsToJestFormat (/Volumes/externalssd/devitems/teamsmeetingplugin/node_modules/jest-circus/build/legacy-code-todo-rewrite/jestAdapterInit.js:122:21)
    at jestAdapter (/Volumes/externalssd/devitems/teamsmeetingplugin/node_modules/jest-circus/build/legacy-code-todo-rewrite/jestAdapter.js:79:19)
    at runTestInternal (/Volumes/externalssd/devitems/teamsmeetingplugin/node_modules/jest-runner/build/runTest.js:367:16)
    at runTest (/Volumes/externalssd/devitems/teamsmeetingplugin/node_modules/jest-runner/build/runTest.js:444:34)
    at Object.worker (/Volumes/externalssd/devitems/teamsmeetingplugin/node_modules/jest-runner/build/testWorker.js:106:12)</failure>
    </testcase>
    <testcase classname="SpeakerIdentificationService Audio Validation should reject audio without data" name="SpeakerIdentificationService Audio Validation should reject audio without data" time="0.002">
      <failure>Error: Speaker identification initialization failed: window is not defined
    at SpeakerIdentificationService.initialize (/Volumes/externalssd/devitems/teamsmeetingplugin/src/client/services/SpeakerIdentificationService.js:73:13)
    at Object.initialize (/Volumes/externalssd/devitems/teamsmeetingplugin/src/client/services/__tests__/SpeakerIdentificationService.test.js:93:28)
    at Promise.then.completed (/Volumes/externalssd/devitems/teamsmeetingplugin/node_modules/jest-circus/build/utils.js:298:28)
    at new Promise (&lt;anonymous&gt;)
    at callAsyncCircusFn (/Volumes/externalssd/devitems/teamsmeetingplugin/node_modules/jest-circus/build/utils.js:231:10)
    at _callCircusHook (/Volumes/externalssd/devitems/teamsmeetingplugin/node_modules/jest-circus/build/run.js:281:40)
    at processTicksAndRejections (node:internal/process/task_queues:105:5)
    at _runTest (/Volumes/externalssd/devitems/teamsmeetingplugin/node_modules/jest-circus/build/run.js:246:5)
    at _runTestsForDescribeBlock (/Volumes/externalssd/devitems/teamsmeetingplugin/node_modules/jest-circus/build/run.js:126:9)
    at _runTestsForDescribeBlock (/Volumes/externalssd/devitems/teamsmeetingplugin/node_modules/jest-circus/build/run.js:121:9)
    at _runTestsForDescribeBlock (/Volumes/externalssd/devitems/teamsmeetingplugin/node_modules/jest-circus/build/run.js:121:9)
    at run (/Volumes/externalssd/devitems/teamsmeetingplugin/node_modules/jest-circus/build/run.js:71:3)
    at runAndTransformResultsToJestFormat (/Volumes/externalssd/devitems/teamsmeetingplugin/node_modules/jest-circus/build/legacy-code-todo-rewrite/jestAdapterInit.js:122:21)
    at jestAdapter (/Volumes/externalssd/devitems/teamsmeetingplugin/node_modules/jest-circus/build/legacy-code-todo-rewrite/jestAdapter.js:79:19)
    at runTestInternal (/Volumes/externalssd/devitems/teamsmeetingplugin/node_modules/jest-runner/build/runTest.js:367:16)
    at runTest (/Volumes/externalssd/devitems/teamsmeetingplugin/node_modules/jest-runner/build/runTest.js:444:34)
    at Object.worker (/Volumes/externalssd/devitems/teamsmeetingplugin/node_modules/jest-runner/build/testWorker.js:106:12)</failure>
    </testcase>
    <testcase classname="SpeakerIdentificationService Audio Validation should reject too short audio" name="SpeakerIdentificationService Audio Validation should reject too short audio" time="0.001">
      <failure>Error: Speaker identification initialization failed: window is not defined
    at SpeakerIdentificationService.initialize (/Volumes/externalssd/devitems/teamsmeetingplugin/src/client/services/SpeakerIdentificationService.js:73:13)
    at Object.initialize (/Volumes/externalssd/devitems/teamsmeetingplugin/src/client/services/__tests__/SpeakerIdentificationService.test.js:93:28)
    at Promise.then.completed (/Volumes/externalssd/devitems/teamsmeetingplugin/node_modules/jest-circus/build/utils.js:298:28)
    at new Promise (&lt;anonymous&gt;)
    at callAsyncCircusFn (/Volumes/externalssd/devitems/teamsmeetingplugin/node_modules/jest-circus/build/utils.js:231:10)
    at _callCircusHook (/Volumes/externalssd/devitems/teamsmeetingplugin/node_modules/jest-circus/build/run.js:281:40)
    at processTicksAndRejections (node:internal/process/task_queues:105:5)
    at _runTest (/Volumes/externalssd/devitems/teamsmeetingplugin/node_modules/jest-circus/build/run.js:246:5)
    at _runTestsForDescribeBlock (/Volumes/externalssd/devitems/teamsmeetingplugin/node_modules/jest-circus/build/run.js:126:9)
    at _runTestsForDescribeBlock (/Volumes/externalssd/devitems/teamsmeetingplugin/node_modules/jest-circus/build/run.js:121:9)
    at _runTestsForDescribeBlock (/Volumes/externalssd/devitems/teamsmeetingplugin/node_modules/jest-circus/build/run.js:121:9)
    at run (/Volumes/externalssd/devitems/teamsmeetingplugin/node_modules/jest-circus/build/run.js:71:3)
    at runAndTransformResultsToJestFormat (/Volumes/externalssd/devitems/teamsmeetingplugin/node_modules/jest-circus/build/legacy-code-todo-rewrite/jestAdapterInit.js:122:21)
    at jestAdapter (/Volumes/externalssd/devitems/teamsmeetingplugin/node_modules/jest-circus/build/legacy-code-todo-rewrite/jestAdapter.js:79:19)
    at runTestInternal (/Volumes/externalssd/devitems/teamsmeetingplugin/node_modules/jest-runner/build/runTest.js:367:16)
    at runTest (/Volumes/externalssd/devitems/teamsmeetingplugin/node_modules/jest-runner/build/runTest.js:444:34)
    at Object.worker (/Volumes/externalssd/devitems/teamsmeetingplugin/node_modules/jest-runner/build/testWorker.js:106:12)</failure>
    </testcase>
    <testcase classname="SpeakerIdentificationService Audio Validation should reject silent audio" name="SpeakerIdentificationService Audio Validation should reject silent audio" time="0.001">
      <failure>Error: Speaker identification initialization failed: window is not defined
    at SpeakerIdentificationService.initialize (/Volumes/externalssd/devitems/teamsmeetingplugin/src/client/services/SpeakerIdentificationService.js:73:13)
    at Object.initialize (/Volumes/externalssd/devitems/teamsmeetingplugin/src/client/services/__tests__/SpeakerIdentificationService.test.js:93:28)
    at Promise.then.completed (/Volumes/externalssd/devitems/teamsmeetingplugin/node_modules/jest-circus/build/utils.js:298:28)
    at new Promise (&lt;anonymous&gt;)
    at callAsyncCircusFn (/Volumes/externalssd/devitems/teamsmeetingplugin/node_modules/jest-circus/build/utils.js:231:10)
    at _callCircusHook (/Volumes/externalssd/devitems/teamsmeetingplugin/node_modules/jest-circus/build/run.js:281:40)
    at processTicksAndRejections (node:internal/process/task_queues:105:5)
    at _runTest (/Volumes/externalssd/devitems/teamsmeetingplugin/node_modules/jest-circus/build/run.js:246:5)
    at _runTestsForDescribeBlock (/Volumes/externalssd/devitems/teamsmeetingplugin/node_modules/jest-circus/build/run.js:126:9)
    at _runTestsForDescribeBlock (/Volumes/externalssd/devitems/teamsmeetingplugin/node_modules/jest-circus/build/run.js:121:9)
    at _runTestsForDescribeBlock (/Volumes/externalssd/devitems/teamsmeetingplugin/node_modules/jest-circus/build/run.js:121:9)
    at run (/Volumes/externalssd/devitems/teamsmeetingplugin/node_modules/jest-circus/build/run.js:71:3)
    at runAndTransformResultsToJestFormat (/Volumes/externalssd/devitems/teamsmeetingplugin/node_modules/jest-circus/build/legacy-code-todo-rewrite/jestAdapterInit.js:122:21)
    at jestAdapter (/Volumes/externalssd/devitems/teamsmeetingplugin/node_modules/jest-circus/build/legacy-code-todo-rewrite/jestAdapter.js:79:19)
    at runTestInternal (/Volumes/externalssd/devitems/teamsmeetingplugin/node_modules/jest-runner/build/runTest.js:367:16)
    at runTest (/Volumes/externalssd/devitems/teamsmeetingplugin/node_modules/jest-runner/build/runTest.js:444:34)
    at Object.worker (/Volumes/externalssd/devitems/teamsmeetingplugin/node_modules/jest-runner/build/testWorker.js:106:12)</failure>
    </testcase>
    <testcase classname="SpeakerIdentificationService Feature Extraction should extract voice features from audio" name="SpeakerIdentificationService Feature Extraction should extract voice features from audio" time="0.002">
      <failure>Error: Speaker identification initialization failed: window is not defined
    at SpeakerIdentificationService.initialize (/Volumes/externalssd/devitems/teamsmeetingplugin/src/client/services/SpeakerIdentificationService.js:73:13)
    at Object.initialize (/Volumes/externalssd/devitems/teamsmeetingplugin/src/client/services/__tests__/SpeakerIdentificationService.test.js:135:28)
    at Promise.then.completed (/Volumes/externalssd/devitems/teamsmeetingplugin/node_modules/jest-circus/build/utils.js:298:28)
    at new Promise (&lt;anonymous&gt;)
    at callAsyncCircusFn (/Volumes/externalssd/devitems/teamsmeetingplugin/node_modules/jest-circus/build/utils.js:231:10)
    at _callCircusHook (/Volumes/externalssd/devitems/teamsmeetingplugin/node_modules/jest-circus/build/run.js:281:40)
    at processTicksAndRejections (node:internal/process/task_queues:105:5)
    at _runTest (/Volumes/externalssd/devitems/teamsmeetingplugin/node_modules/jest-circus/build/run.js:246:5)
    at _runTestsForDescribeBlock (/Volumes/externalssd/devitems/teamsmeetingplugin/node_modules/jest-circus/build/run.js:126:9)
    at _runTestsForDescribeBlock (/Volumes/externalssd/devitems/teamsmeetingplugin/node_modules/jest-circus/build/run.js:121:9)
    at _runTestsForDescribeBlock (/Volumes/externalssd/devitems/teamsmeetingplugin/node_modules/jest-circus/build/run.js:121:9)
    at run (/Volumes/externalssd/devitems/teamsmeetingplugin/node_modules/jest-circus/build/run.js:71:3)
    at runAndTransformResultsToJestFormat (/Volumes/externalssd/devitems/teamsmeetingplugin/node_modules/jest-circus/build/legacy-code-todo-rewrite/jestAdapterInit.js:122:21)
    at jestAdapter (/Volumes/externalssd/devitems/teamsmeetingplugin/node_modules/jest-circus/build/legacy-code-todo-rewrite/jestAdapter.js:79:19)
    at runTestInternal (/Volumes/externalssd/devitems/teamsmeetingplugin/node_modules/jest-runner/build/runTest.js:367:16)
    at runTest (/Volumes/externalssd/devitems/teamsmeetingplugin/node_modules/jest-runner/build/runTest.js:444:34)
    at Object.worker (/Volumes/externalssd/devitems/teamsmeetingplugin/node_modules/jest-runner/build/testWorker.js:106:12)</failure>
    </testcase>
    <testcase classname="SpeakerIdentificationService Feature Extraction should return null for invalid audio" name="SpeakerIdentificationService Feature Extraction should return null for invalid audio" time="0.001">
      <failure>Error: Speaker identification initialization failed: window is not defined
    at SpeakerIdentificationService.initialize (/Volumes/externalssd/devitems/teamsmeetingplugin/src/client/services/SpeakerIdentificationService.js:73:13)
    at Object.initialize (/Volumes/externalssd/devitems/teamsmeetingplugin/src/client/services/__tests__/SpeakerIdentificationService.test.js:135:28)
    at Promise.then.completed (/Volumes/externalssd/devitems/teamsmeetingplugin/node_modules/jest-circus/build/utils.js:298:28)
    at new Promise (&lt;anonymous&gt;)
    at callAsyncCircusFn (/Volumes/externalssd/devitems/teamsmeetingplugin/node_modules/jest-circus/build/utils.js:231:10)
    at _callCircusHook (/Volumes/externalssd/devitems/teamsmeetingplugin/node_modules/jest-circus/build/run.js:281:40)
    at processTicksAndRejections (node:internal/process/task_queues:105:5)
    at _runTest (/Volumes/externalssd/devitems/teamsmeetingplugin/node_modules/jest-circus/build/run.js:246:5)
    at _runTestsForDescribeBlock (/Volumes/externalssd/devitems/teamsmeetingplugin/node_modules/jest-circus/build/run.js:126:9)
    at _runTestsForDescribeBlock (/Volumes/externalssd/devitems/teamsmeetingplugin/node_modules/jest-circus/build/run.js:121:9)
    at _runTestsForDescribeBlock (/Volumes/externalssd/devitems/teamsmeetingplugin/node_modules/jest-circus/build/run.js:121:9)
    at run (/Volumes/externalssd/devitems/teamsmeetingplugin/node_modules/jest-circus/build/run.js:71:3)
    at runAndTransformResultsToJestFormat (/Volumes/externalssd/devitems/teamsmeetingplugin/node_modules/jest-circus/build/legacy-code-todo-rewrite/jestAdapterInit.js:122:21)
    at jestAdapter (/Volumes/externalssd/devitems/teamsmeetingplugin/node_modules/jest-circus/build/legacy-code-todo-rewrite/jestAdapter.js:79:19)
    at runTestInternal (/Volumes/externalssd/devitems/teamsmeetingplugin/node_modules/jest-runner/build/runTest.js:367:16)
    at runTest (/Volumes/externalssd/devitems/teamsmeetingplugin/node_modules/jest-runner/build/runTest.js:444:34)
    at Object.worker (/Volumes/externalssd/devitems/teamsmeetingplugin/node_modules/jest-runner/build/testWorker.js:106:12)</failure>
    </testcase>
    <testcase classname="SpeakerIdentificationService Feature Extraction should normalize features" name="SpeakerIdentificationService Feature Extraction should normalize features" time="0.001">
      <failure>Error: Speaker identification initialization failed: window is not defined
    at SpeakerIdentificationService.initialize (/Volumes/externalssd/devitems/teamsmeetingplugin/src/client/services/SpeakerIdentificationService.js:73:13)
    at Object.initialize (/Volumes/externalssd/devitems/teamsmeetingplugin/src/client/services/__tests__/SpeakerIdentificationService.test.js:135:28)
    at Promise.then.completed (/Volumes/externalssd/devitems/teamsmeetingplugin/node_modules/jest-circus/build/utils.js:298:28)
    at new Promise (&lt;anonymous&gt;)
    at callAsyncCircusFn (/Volumes/externalssd/devitems/teamsmeetingplugin/node_modules/jest-circus/build/utils.js:231:10)
    at _callCircusHook (/Volumes/externalssd/devitems/teamsmeetingplugin/node_modules/jest-circus/build/run.js:281:40)
    at processTicksAndRejections (node:internal/process/task_queues:105:5)
    at _runTest (/Volumes/externalssd/devitems/teamsmeetingplugin/node_modules/jest-circus/build/run.js:246:5)
    at _runTestsForDescribeBlock (/Volumes/externalssd/devitems/teamsmeetingplugin/node_modules/jest-circus/build/run.js:126:9)
    at _runTestsForDescribeBlock (/Volumes/externalssd/devitems/teamsmeetingplugin/node_modules/jest-circus/build/run.js:121:9)
    at _runTestsForDescribeBlock (/Volumes/externalssd/devitems/teamsmeetingplugin/node_modules/jest-circus/build/run.js:121:9)
    at run (/Volumes/externalssd/devitems/teamsmeetingplugin/node_modules/jest-circus/build/run.js:71:3)
    at runAndTransformResultsToJestFormat (/Volumes/externalssd/devitems/teamsmeetingplugin/node_modules/jest-circus/build/legacy-code-todo-rewrite/jestAdapterInit.js:122:21)
    at jestAdapter (/Volumes/externalssd/devitems/teamsmeetingplugin/node_modules/jest-circus/build/legacy-code-todo-rewrite/jestAdapter.js:79:19)
    at runTestInternal (/Volumes/externalssd/devitems/teamsmeetingplugin/node_modules/jest-runner/build/runTest.js:367:16)
    at runTest (/Volumes/externalssd/devitems/teamsmeetingplugin/node_modules/jest-runner/build/runTest.js:444:34)
    at Object.worker (/Volumes/externalssd/devitems/teamsmeetingplugin/node_modules/jest-runner/build/testWorker.js:106:12)</failure>
    </testcase>
    <testcase classname="SpeakerIdentificationService Speaker Identification should identify new speaker when no profiles exist" name="SpeakerIdentificationService Speaker Identification should identify new speaker when no profiles exist" time="0.001">
      <failure>Error: Speaker identification initialization failed: window is not defined
    at SpeakerIdentificationService.initialize (/Volumes/externalssd/devitems/teamsmeetingplugin/src/client/services/SpeakerIdentificationService.js:73:13)
    at Object.initialize (/Volumes/externalssd/devitems/teamsmeetingplugin/src/client/services/__tests__/SpeakerIdentificationService.test.js:174:28)
    at Promise.then.completed (/Volumes/externalssd/devitems/teamsmeetingplugin/node_modules/jest-circus/build/utils.js:298:28)
    at new Promise (&lt;anonymous&gt;)
    at callAsyncCircusFn (/Volumes/externalssd/devitems/teamsmeetingplugin/node_modules/jest-circus/build/utils.js:231:10)
    at _callCircusHook (/Volumes/externalssd/devitems/teamsmeetingplugin/node_modules/jest-circus/build/run.js:281:40)
    at processTicksAndRejections (node:internal/process/task_queues:105:5)
    at _runTest (/Volumes/externalssd/devitems/teamsmeetingplugin/node_modules/jest-circus/build/run.js:246:5)
    at _runTestsForDescribeBlock (/Volumes/externalssd/devitems/teamsmeetingplugin/node_modules/jest-circus/build/run.js:126:9)
    at _runTestsForDescribeBlock (/Volumes/externalssd/devitems/teamsmeetingplugin/node_modules/jest-circus/build/run.js:121:9)
    at _runTestsForDescribeBlock (/Volumes/externalssd/devitems/teamsmeetingplugin/node_modules/jest-circus/build/run.js:121:9)
    at run (/Volumes/externalssd/devitems/teamsmeetingplugin/node_modules/jest-circus/build/run.js:71:3)
    at runAndTransformResultsToJestFormat (/Volumes/externalssd/devitems/teamsmeetingplugin/node_modules/jest-circus/build/legacy-code-todo-rewrite/jestAdapterInit.js:122:21)
    at jestAdapter (/Volumes/externalssd/devitems/teamsmeetingplugin/node_modules/jest-circus/build/legacy-code-todo-rewrite/jestAdapter.js:79:19)
    at runTestInternal (/Volumes/externalssd/devitems/teamsmeetingplugin/node_modules/jest-runner/build/runTest.js:367:16)
    at runTest (/Volumes/externalssd/devitems/teamsmeetingplugin/node_modules/jest-runner/build/runTest.js:444:34)
    at Object.worker (/Volumes/externalssd/devitems/teamsmeetingplugin/node_modules/jest-runner/build/testWorker.js:106:12)</failure>
    </testcase>
    <testcase classname="SpeakerIdentificationService Speaker Identification should handle invalid audio gracefully" name="SpeakerIdentificationService Speaker Identification should handle invalid audio gracefully" time="0.002">
      <failure>Error: Speaker identification initialization failed: window is not defined
    at SpeakerIdentificationService.initialize (/Volumes/externalssd/devitems/teamsmeetingplugin/src/client/services/SpeakerIdentificationService.js:73:13)
    at Object.initialize (/Volumes/externalssd/devitems/teamsmeetingplugin/src/client/services/__tests__/SpeakerIdentificationService.test.js:174:28)
    at Promise.then.completed (/Volumes/externalssd/devitems/teamsmeetingplugin/node_modules/jest-circus/build/utils.js:298:28)
    at new Promise (&lt;anonymous&gt;)
    at callAsyncCircusFn (/Volumes/externalssd/devitems/teamsmeetingplugin/node_modules/jest-circus/build/utils.js:231:10)
    at _callCircusHook (/Volumes/externalssd/devitems/teamsmeetingplugin/node_modules/jest-circus/build/run.js:281:40)
    at processTicksAndRejections (node:internal/process/task_queues:105:5)
    at _runTest (/Volumes/externalssd/devitems/teamsmeetingplugin/node_modules/jest-circus/build/run.js:246:5)
    at _runTestsForDescribeBlock (/Volumes/externalssd/devitems/teamsmeetingplugin/node_modules/jest-circus/build/run.js:126:9)
    at _runTestsForDescribeBlock (/Volumes/externalssd/devitems/teamsmeetingplugin/node_modules/jest-circus/build/run.js:121:9)
    at _runTestsForDescribeBlock (/Volumes/externalssd/devitems/teamsmeetingplugin/node_modules/jest-circus/build/run.js:121:9)
    at run (/Volumes/externalssd/devitems/teamsmeetingplugin/node_modules/jest-circus/build/run.js:71:3)
    at runAndTransformResultsToJestFormat (/Volumes/externalssd/devitems/teamsmeetingplugin/node_modules/jest-circus/build/legacy-code-todo-rewrite/jestAdapterInit.js:122:21)
    at jestAdapter (/Volumes/externalssd/devitems/teamsmeetingplugin/node_modules/jest-circus/build/legacy-code-todo-rewrite/jestAdapter.js:79:19)
    at runTestInternal (/Volumes/externalssd/devitems/teamsmeetingplugin/node_modules/jest-runner/build/runTest.js:367:16)
    at runTest (/Volumes/externalssd/devitems/teamsmeetingplugin/node_modules/jest-runner/build/runTest.js:444:34)
    at Object.worker (/Volumes/externalssd/devitems/teamsmeetingplugin/node_modules/jest-runner/build/testWorker.js:106:12)</failure>
    </testcase>
    <testcase classname="SpeakerIdentificationService Speaker Identification should track speaker consistency" name="SpeakerIdentificationService Speaker Identification should track speaker consistency" time="0.003">
      <failure>Error: Speaker identification initialization failed: window is not defined
    at SpeakerIdentificationService.initialize (/Volumes/externalssd/devitems/teamsmeetingplugin/src/client/services/SpeakerIdentificationService.js:73:13)
    at Object.initialize (/Volumes/externalssd/devitems/teamsmeetingplugin/src/client/services/__tests__/SpeakerIdentificationService.test.js:174:28)
    at Promise.then.completed (/Volumes/externalssd/devitems/teamsmeetingplugin/node_modules/jest-circus/build/utils.js:298:28)
    at new Promise (&lt;anonymous&gt;)
    at callAsyncCircusFn (/Volumes/externalssd/devitems/teamsmeetingplugin/node_modules/jest-circus/build/utils.js:231:10)
    at _callCircusHook (/Volumes/externalssd/devitems/teamsmeetingplugin/node_modules/jest-circus/build/run.js:281:40)
    at processTicksAndRejections (node:internal/process/task_queues:105:5)
    at _runTest (/Volumes/externalssd/devitems/teamsmeetingplugin/node_modules/jest-circus/build/run.js:246:5)
    at _runTestsForDescribeBlock (/Volumes/externalssd/devitems/teamsmeetingplugin/node_modules/jest-circus/build/run.js:126:9)
    at _runTestsForDescribeBlock (/Volumes/externalssd/devitems/teamsmeetingplugin/node_modules/jest-circus/build/run.js:121:9)
    at _runTestsForDescribeBlock (/Volumes/externalssd/devitems/teamsmeetingplugin/node_modules/jest-circus/build/run.js:121:9)
    at run (/Volumes/externalssd/devitems/teamsmeetingplugin/node_modules/jest-circus/build/run.js:71:3)
    at runAndTransformResultsToJestFormat (/Volumes/externalssd/devitems/teamsmeetingplugin/node_modules/jest-circus/build/legacy-code-todo-rewrite/jestAdapterInit.js:122:21)
    at jestAdapter (/Volumes/externalssd/devitems/teamsmeetingplugin/node_modules/jest-circus/build/legacy-code-todo-rewrite/jestAdapter.js:79:19)
    at runTestInternal (/Volumes/externalssd/devitems/teamsmeetingplugin/node_modules/jest-runner/build/runTest.js:367:16)
    at runTest (/Volumes/externalssd/devitems/teamsmeetingplugin/node_modules/jest-runner/build/runTest.js:444:34)
    at Object.worker (/Volumes/externalssd/devitems/teamsmeetingplugin/node_modules/jest-runner/build/testWorker.js:106:12)</failure>
    </testcase>
    <testcase classname="SpeakerIdentificationService Speaker Enrollment should enroll new speaker successfully" name="SpeakerIdentificationService Speaker Enrollment should enroll new speaker successfully" time="0.001">
      <failure>Error: Speaker identification initialization failed: window is not defined
    at SpeakerIdentificationService.initialize (/Volumes/externalssd/devitems/teamsmeetingplugin/src/client/services/SpeakerIdentificationService.js:73:13)
    at Object.initialize (/Volumes/externalssd/devitems/teamsmeetingplugin/src/client/services/__tests__/SpeakerIdentificationService.test.js:210:28)
    at Promise.then.completed (/Volumes/externalssd/devitems/teamsmeetingplugin/node_modules/jest-circus/build/utils.js:298:28)
    at new Promise (&lt;anonymous&gt;)
    at callAsyncCircusFn (/Volumes/externalssd/devitems/teamsmeetingplugin/node_modules/jest-circus/build/utils.js:231:10)
    at _callCircusHook (/Volumes/externalssd/devitems/teamsmeetingplugin/node_modules/jest-circus/build/run.js:281:40)
    at processTicksAndRejections (node:internal/process/task_queues:105:5)
    at _runTest (/Volumes/externalssd/devitems/teamsmeetingplugin/node_modules/jest-circus/build/run.js:246:5)
    at _runTestsForDescribeBlock (/Volumes/externalssd/devitems/teamsmeetingplugin/node_modules/jest-circus/build/run.js:126:9)
    at _runTestsForDescribeBlock (/Volumes/externalssd/devitems/teamsmeetingplugin/node_modules/jest-circus/build/run.js:121:9)
    at _runTestsForDescribeBlock (/Volumes/externalssd/devitems/teamsmeetingplugin/node_modules/jest-circus/build/run.js:121:9)
    at run (/Volumes/externalssd/devitems/teamsmeetingplugin/node_modules/jest-circus/build/run.js:71:3)
    at runAndTransformResultsToJestFormat (/Volumes/externalssd/devitems/teamsmeetingplugin/node_modules/jest-circus/build/legacy-code-todo-rewrite/jestAdapterInit.js:122:21)
    at jestAdapter (/Volumes/externalssd/devitems/teamsmeetingplugin/node_modules/jest-circus/build/legacy-code-todo-rewrite/jestAdapter.js:79:19)
    at runTestInternal (/Volumes/externalssd/devitems/teamsmeetingplugin/node_modules/jest-runner/build/runTest.js:367:16)
    at runTest (/Volumes/externalssd/devitems/teamsmeetingplugin/node_modules/jest-runner/build/runTest.js:444:34)
    at Object.worker (/Volumes/externalssd/devitems/teamsmeetingplugin/node_modules/jest-runner/build/testWorker.js:106:12)</failure>
    </testcase>
    <testcase classname="SpeakerIdentificationService Speaker Enrollment should reject enrollment with no audio samples" name="SpeakerIdentificationService Speaker Enrollment should reject enrollment with no audio samples" time="0.001">
      <failure>Error: Speaker identification initialization failed: window is not defined
    at SpeakerIdentificationService.initialize (/Volumes/externalssd/devitems/teamsmeetingplugin/src/client/services/SpeakerIdentificationService.js:73:13)
    at Object.initialize (/Volumes/externalssd/devitems/teamsmeetingplugin/src/client/services/__tests__/SpeakerIdentificationService.test.js:210:28)
    at Promise.then.completed (/Volumes/externalssd/devitems/teamsmeetingplugin/node_modules/jest-circus/build/utils.js:298:28)
    at new Promise (&lt;anonymous&gt;)
    at callAsyncCircusFn (/Volumes/externalssd/devitems/teamsmeetingplugin/node_modules/jest-circus/build/utils.js:231:10)
    at _callCircusHook (/Volumes/externalssd/devitems/teamsmeetingplugin/node_modules/jest-circus/build/run.js:281:40)
    at processTicksAndRejections (node:internal/process/task_queues:105:5)
    at _runTest (/Volumes/externalssd/devitems/teamsmeetingplugin/node_modules/jest-circus/build/run.js:246:5)
    at _runTestsForDescribeBlock (/Volumes/externalssd/devitems/teamsmeetingplugin/node_modules/jest-circus/build/run.js:126:9)
    at _runTestsForDescribeBlock (/Volumes/externalssd/devitems/teamsmeetingplugin/node_modules/jest-circus/build/run.js:121:9)
    at _runTestsForDescribeBlock (/Volumes/externalssd/devitems/teamsmeetingplugin/node_modules/jest-circus/build/run.js:121:9)
    at run (/Volumes/externalssd/devitems/teamsmeetingplugin/node_modules/jest-circus/build/run.js:71:3)
    at runAndTransformResultsToJestFormat (/Volumes/externalssd/devitems/teamsmeetingplugin/node_modules/jest-circus/build/legacy-code-todo-rewrite/jestAdapterInit.js:122:21)
    at jestAdapter (/Volumes/externalssd/devitems/teamsmeetingplugin/node_modules/jest-circus/build/legacy-code-todo-rewrite/jestAdapter.js:79:19)
    at runTestInternal (/Volumes/externalssd/devitems/teamsmeetingplugin/node_modules/jest-runner/build/runTest.js:367:16)
    at runTest (/Volumes/externalssd/devitems/teamsmeetingplugin/node_modules/jest-runner/build/runTest.js:444:34)
    at Object.worker (/Volumes/externalssd/devitems/teamsmeetingplugin/node_modules/jest-runner/build/testWorker.js:106:12)</failure>
    </testcase>
    <testcase classname="SpeakerIdentificationService Speaker Enrollment should reject enrollment with invalid speaker ID" name="SpeakerIdentificationService Speaker Enrollment should reject enrollment with invalid speaker ID" time="0.002">
      <failure>Error: Speaker identification initialization failed: window is not defined
    at SpeakerIdentificationService.initialize (/Volumes/externalssd/devitems/teamsmeetingplugin/src/client/services/SpeakerIdentificationService.js:73:13)
    at Object.initialize (/Volumes/externalssd/devitems/teamsmeetingplugin/src/client/services/__tests__/SpeakerIdentificationService.test.js:210:28)
    at Promise.then.completed (/Volumes/externalssd/devitems/teamsmeetingplugin/node_modules/jest-circus/build/utils.js:298:28)
    at new Promise (&lt;anonymous&gt;)
    at callAsyncCircusFn (/Volumes/externalssd/devitems/teamsmeetingplugin/node_modules/jest-circus/build/utils.js:231:10)
    at _callCircusHook (/Volumes/externalssd/devitems/teamsmeetingplugin/node_modules/jest-circus/build/run.js:281:40)
    at processTicksAndRejections (node:internal/process/task_queues:105:5)
    at _runTest (/Volumes/externalssd/devitems/teamsmeetingplugin/node_modules/jest-circus/build/run.js:246:5)
    at _runTestsForDescribeBlock (/Volumes/externalssd/devitems/teamsmeetingplugin/node_modules/jest-circus/build/run.js:126:9)
    at _runTestsForDescribeBlock (/Volumes/externalssd/devitems/teamsmeetingplugin/node_modules/jest-circus/build/run.js:121:9)
    at _runTestsForDescribeBlock (/Volumes/externalssd/devitems/teamsmeetingplugin/node_modules/jest-circus/build/run.js:121:9)
    at run (/Volumes/externalssd/devitems/teamsmeetingplugin/node_modules/jest-circus/build/run.js:71:3)
    at runAndTransformResultsToJestFormat (/Volumes/externalssd/devitems/teamsmeetingplugin/node_modules/jest-circus/build/legacy-code-todo-rewrite/jestAdapterInit.js:122:21)
    at jestAdapter (/Volumes/externalssd/devitems/teamsmeetingplugin/node_modules/jest-circus/build/legacy-code-todo-rewrite/jestAdapter.js:79:19)
    at runTestInternal (/Volumes/externalssd/devitems/teamsmeetingplugin/node_modules/jest-runner/build/runTest.js:367:16)
    at runTest (/Volumes/externalssd/devitems/teamsmeetingplugin/node_modules/jest-runner/build/runTest.js:444:34)
    at Object.worker (/Volumes/externalssd/devitems/teamsmeetingplugin/node_modules/jest-runner/build/testWorker.js:106:12)</failure>
    </testcase>
    <testcase classname="SpeakerIdentificationService Speaker Enrollment should save profiles to localStorage after enrollment" name="SpeakerIdentificationService Speaker Enrollment should save profiles to localStorage after enrollment" time="0.002">
      <failure>Error: Speaker identification initialization failed: window is not defined
    at SpeakerIdentificationService.initialize (/Volumes/externalssd/devitems/teamsmeetingplugin/src/client/services/SpeakerIdentificationService.js:73:13)
    at Object.initialize (/Volumes/externalssd/devitems/teamsmeetingplugin/src/client/services/__tests__/SpeakerIdentificationService.test.js:210:28)
    at Promise.then.completed (/Volumes/externalssd/devitems/teamsmeetingplugin/node_modules/jest-circus/build/utils.js:298:28)
    at new Promise (&lt;anonymous&gt;)
    at callAsyncCircusFn (/Volumes/externalssd/devitems/teamsmeetingplugin/node_modules/jest-circus/build/utils.js:231:10)
    at _callCircusHook (/Volumes/externalssd/devitems/teamsmeetingplugin/node_modules/jest-circus/build/run.js:281:40)
    at processTicksAndRejections (node:internal/process/task_queues:105:5)
    at _runTest (/Volumes/externalssd/devitems/teamsmeetingplugin/node_modules/jest-circus/build/run.js:246:5)
    at _runTestsForDescribeBlock (/Volumes/externalssd/devitems/teamsmeetingplugin/node_modules/jest-circus/build/run.js:126:9)
    at _runTestsForDescribeBlock (/Volumes/externalssd/devitems/teamsmeetingplugin/node_modules/jest-circus/build/run.js:121:9)
    at _runTestsForDescribeBlock (/Volumes/externalssd/devitems/teamsmeetingplugin/node_modules/jest-circus/build/run.js:121:9)
    at run (/Volumes/externalssd/devitems/teamsmeetingplugin/node_modules/jest-circus/build/run.js:71:3)
    at runAndTransformResultsToJestFormat (/Volumes/externalssd/devitems/teamsmeetingplugin/node_modules/jest-circus/build/legacy-code-todo-rewrite/jestAdapterInit.js:122:21)
    at jestAdapter (/Volumes/externalssd/devitems/teamsmeetingplugin/node_modules/jest-circus/build/legacy-code-todo-rewrite/jestAdapter.js:79:19)
    at runTestInternal (/Volumes/externalssd/devitems/teamsmeetingplugin/node_modules/jest-runner/build/runTest.js:367:16)
    at runTest (/Volumes/externalssd/devitems/teamsmeetingplugin/node_modules/jest-runner/build/runTest.js:444:34)
    at Object.worker (/Volumes/externalssd/devitems/teamsmeetingplugin/node_modules/jest-runner/build/testWorker.js:106:12)</failure>
    </testcase>
    <testcase classname="SpeakerIdentificationService Speaker Management should get speaker profile by ID" name="SpeakerIdentificationService Speaker Management should get speaker profile by ID" time="0.002">
      <failure>Error: Speaker identification initialization failed: window is not defined
    at SpeakerIdentificationService.initialize (/Volumes/externalssd/devitems/teamsmeetingplugin/src/client/services/SpeakerIdentificationService.js:73:13)
    at Object.initialize (/Volumes/externalssd/devitems/teamsmeetingplugin/src/client/services/__tests__/SpeakerIdentificationService.test.js:253:28)
    at Promise.then.completed (/Volumes/externalssd/devitems/teamsmeetingplugin/node_modules/jest-circus/build/utils.js:298:28)
    at new Promise (&lt;anonymous&gt;)
    at callAsyncCircusFn (/Volumes/externalssd/devitems/teamsmeetingplugin/node_modules/jest-circus/build/utils.js:231:10)
    at _callCircusHook (/Volumes/externalssd/devitems/teamsmeetingplugin/node_modules/jest-circus/build/run.js:281:40)
    at processTicksAndRejections (node:internal/process/task_queues:105:5)
    at _runTest (/Volumes/externalssd/devitems/teamsmeetingplugin/node_modules/jest-circus/build/run.js:246:5)
    at _runTestsForDescribeBlock (/Volumes/externalssd/devitems/teamsmeetingplugin/node_modules/jest-circus/build/run.js:126:9)
    at _runTestsForDescribeBlock (/Volumes/externalssd/devitems/teamsmeetingplugin/node_modules/jest-circus/build/run.js:121:9)
    at _runTestsForDescribeBlock (/Volumes/externalssd/devitems/teamsmeetingplugin/node_modules/jest-circus/build/run.js:121:9)
    at run (/Volumes/externalssd/devitems/teamsmeetingplugin/node_modules/jest-circus/build/run.js:71:3)
    at runAndTransformResultsToJestFormat (/Volumes/externalssd/devitems/teamsmeetingplugin/node_modules/jest-circus/build/legacy-code-todo-rewrite/jestAdapterInit.js:122:21)
    at jestAdapter (/Volumes/externalssd/devitems/teamsmeetingplugin/node_modules/jest-circus/build/legacy-code-todo-rewrite/jestAdapter.js:79:19)
    at runTestInternal (/Volumes/externalssd/devitems/teamsmeetingplugin/node_modules/jest-runner/build/runTest.js:367:16)
    at runTest (/Volumes/externalssd/devitems/teamsmeetingplugin/node_modules/jest-runner/build/runTest.js:444:34)
    at Object.worker (/Volumes/externalssd/devitems/teamsmeetingplugin/node_modules/jest-runner/build/testWorker.js:106:12)</failure>
    </testcase>
    <testcase classname="SpeakerIdentificationService Speaker Management should return null for non-existent speaker" name="SpeakerIdentificationService Speaker Management should return null for non-existent speaker" time="0.001">
      <failure>Error: Speaker identification initialization failed: window is not defined
    at SpeakerIdentificationService.initialize (/Volumes/externalssd/devitems/teamsmeetingplugin/src/client/services/SpeakerIdentificationService.js:73:13)
    at Object.initialize (/Volumes/externalssd/devitems/teamsmeetingplugin/src/client/services/__tests__/SpeakerIdentificationService.test.js:253:28)
    at Promise.then.completed (/Volumes/externalssd/devitems/teamsmeetingplugin/node_modules/jest-circus/build/utils.js:298:28)
    at new Promise (&lt;anonymous&gt;)
    at callAsyncCircusFn (/Volumes/externalssd/devitems/teamsmeetingplugin/node_modules/jest-circus/build/utils.js:231:10)
    at _callCircusHook (/Volumes/externalssd/devitems/teamsmeetingplugin/node_modules/jest-circus/build/run.js:281:40)
    at processTicksAndRejections (node:internal/process/task_queues:105:5)
    at _runTest (/Volumes/externalssd/devitems/teamsmeetingplugin/node_modules/jest-circus/build/run.js:246:5)
    at _runTestsForDescribeBlock (/Volumes/externalssd/devitems/teamsmeetingplugin/node_modules/jest-circus/build/run.js:126:9)
    at _runTestsForDescribeBlock (/Volumes/externalssd/devitems/teamsmeetingplugin/node_modules/jest-circus/build/run.js:121:9)
    at _runTestsForDescribeBlock (/Volumes/externalssd/devitems/teamsmeetingplugin/node_modules/jest-circus/build/run.js:121:9)
    at run (/Volumes/externalssd/devitems/teamsmeetingplugin/node_modules/jest-circus/build/run.js:71:3)
    at runAndTransformResultsToJestFormat (/Volumes/externalssd/devitems/teamsmeetingplugin/node_modules/jest-circus/build/legacy-code-todo-rewrite/jestAdapterInit.js:122:21)
    at jestAdapter (/Volumes/externalssd/devitems/teamsmeetingplugin/node_modules/jest-circus/build/legacy-code-todo-rewrite/jestAdapter.js:79:19)
    at runTestInternal (/Volumes/externalssd/devitems/teamsmeetingplugin/node_modules/jest-runner/build/runTest.js:367:16)
    at runTest (/Volumes/externalssd/devitems/teamsmeetingplugin/node_modules/jest-runner/build/runTest.js:444:34)
    at Object.worker (/Volumes/externalssd/devitems/teamsmeetingplugin/node_modules/jest-runner/build/testWorker.js:106:12)</failure>
    </testcase>
    <testcase classname="SpeakerIdentificationService Speaker Management should get all speaker profiles" name="SpeakerIdentificationService Speaker Management should get all speaker profiles" time="0.002">
      <failure>Error: Speaker identification initialization failed: window is not defined
    at SpeakerIdentificationService.initialize (/Volumes/externalssd/devitems/teamsmeetingplugin/src/client/services/SpeakerIdentificationService.js:73:13)
    at Object.initialize (/Volumes/externalssd/devitems/teamsmeetingplugin/src/client/services/__tests__/SpeakerIdentificationService.test.js:253:28)
    at Promise.then.completed (/Volumes/externalssd/devitems/teamsmeetingplugin/node_modules/jest-circus/build/utils.js:298:28)
    at new Promise (&lt;anonymous&gt;)
    at callAsyncCircusFn (/Volumes/externalssd/devitems/teamsmeetingplugin/node_modules/jest-circus/build/utils.js:231:10)
    at _callCircusHook (/Volumes/externalssd/devitems/teamsmeetingplugin/node_modules/jest-circus/build/run.js:281:40)
    at processTicksAndRejections (node:internal/process/task_queues:105:5)
    at _runTest (/Volumes/externalssd/devitems/teamsmeetingplugin/node_modules/jest-circus/build/run.js:246:5)
    at _runTestsForDescribeBlock (/Volumes/externalssd/devitems/teamsmeetingplugin/node_modules/jest-circus/build/run.js:126:9)
    at _runTestsForDescribeBlock (/Volumes/externalssd/devitems/teamsmeetingplugin/node_modules/jest-circus/build/run.js:121:9)
    at _runTestsForDescribeBlock (/Volumes/externalssd/devitems/teamsmeetingplugin/node_modules/jest-circus/build/run.js:121:9)
    at run (/Volumes/externalssd/devitems/teamsmeetingplugin/node_modules/jest-circus/build/run.js:71:3)
    at runAndTransformResultsToJestFormat (/Volumes/externalssd/devitems/teamsmeetingplugin/node_modules/jest-circus/build/legacy-code-todo-rewrite/jestAdapterInit.js:122:21)
    at jestAdapter (/Volumes/externalssd/devitems/teamsmeetingplugin/node_modules/jest-circus/build/legacy-code-todo-rewrite/jestAdapter.js:79:19)
    at runTestInternal (/Volumes/externalssd/devitems/teamsmeetingplugin/node_modules/jest-runner/build/runTest.js:367:16)
    at runTest (/Volumes/externalssd/devitems/teamsmeetingplugin/node_modules/jest-runner/build/runTest.js:444:34)
    at Object.worker (/Volumes/externalssd/devitems/teamsmeetingplugin/node_modules/jest-runner/build/testWorker.js:106:12)</failure>
    </testcase>
    <testcase classname="SpeakerIdentificationService Speaker Management should update speaker name" name="SpeakerIdentificationService Speaker Management should update speaker name" time="0.002">
      <failure>Error: Speaker identification initialization failed: window is not defined
    at SpeakerIdentificationService.initialize (/Volumes/externalssd/devitems/teamsmeetingplugin/src/client/services/SpeakerIdentificationService.js:73:13)
    at Object.initialize (/Volumes/externalssd/devitems/teamsmeetingplugin/src/client/services/__tests__/SpeakerIdentificationService.test.js:253:28)
    at Promise.then.completed (/Volumes/externalssd/devitems/teamsmeetingplugin/node_modules/jest-circus/build/utils.js:298:28)
    at new Promise (&lt;anonymous&gt;)
    at callAsyncCircusFn (/Volumes/externalssd/devitems/teamsmeetingplugin/node_modules/jest-circus/build/utils.js:231:10)
    at _callCircusHook (/Volumes/externalssd/devitems/teamsmeetingplugin/node_modules/jest-circus/build/run.js:281:40)
    at processTicksAndRejections (node:internal/process/task_queues:105:5)
    at _runTest (/Volumes/externalssd/devitems/teamsmeetingplugin/node_modules/jest-circus/build/run.js:246:5)
    at _runTestsForDescribeBlock (/Volumes/externalssd/devitems/teamsmeetingplugin/node_modules/jest-circus/build/run.js:126:9)
    at _runTestsForDescribeBlock (/Volumes/externalssd/devitems/teamsmeetingplugin/node_modules/jest-circus/build/run.js:121:9)
    at _runTestsForDescribeBlock (/Volumes/externalssd/devitems/teamsmeetingplugin/node_modules/jest-circus/build/run.js:121:9)
    at run (/Volumes/externalssd/devitems/teamsmeetingplugin/node_modules/jest-circus/build/run.js:71:3)
    at runAndTransformResultsToJestFormat (/Volumes/externalssd/devitems/teamsmeetingplugin/node_modules/jest-circus/build/legacy-code-todo-rewrite/jestAdapterInit.js:122:21)
    at jestAdapter (/Volumes/externalssd/devitems/teamsmeetingplugin/node_modules/jest-circus/build/legacy-code-todo-rewrite/jestAdapter.js:79:19)
    at runTestInternal (/Volumes/externalssd/devitems/teamsmeetingplugin/node_modules/jest-runner/build/runTest.js:367:16)
    at runTest (/Volumes/externalssd/devitems/teamsmeetingplugin/node_modules/jest-runner/build/runTest.js:444:34)
    at Object.worker (/Volumes/externalssd/devitems/teamsmeetingplugin/node_modules/jest-runner/build/testWorker.js:106:12)</failure>
    </testcase>
    <testcase classname="SpeakerIdentificationService Speaker Management should remove speaker" name="SpeakerIdentificationService Speaker Management should remove speaker" time="0.001">
      <failure>Error: Speaker identification initialization failed: window is not defined
    at SpeakerIdentificationService.initialize (/Volumes/externalssd/devitems/teamsmeetingplugin/src/client/services/SpeakerIdentificationService.js:73:13)
    at Object.initialize (/Volumes/externalssd/devitems/teamsmeetingplugin/src/client/services/__tests__/SpeakerIdentificationService.test.js:253:28)
    at Promise.then.completed (/Volumes/externalssd/devitems/teamsmeetingplugin/node_modules/jest-circus/build/utils.js:298:28)
    at new Promise (&lt;anonymous&gt;)
    at callAsyncCircusFn (/Volumes/externalssd/devitems/teamsmeetingplugin/node_modules/jest-circus/build/utils.js:231:10)
    at _callCircusHook (/Volumes/externalssd/devitems/teamsmeetingplugin/node_modules/jest-circus/build/run.js:281:40)
    at processTicksAndRejections (node:internal/process/task_queues:105:5)
    at _runTest (/Volumes/externalssd/devitems/teamsmeetingplugin/node_modules/jest-circus/build/run.js:246:5)
    at _runTestsForDescribeBlock (/Volumes/externalssd/devitems/teamsmeetingplugin/node_modules/jest-circus/build/run.js:126:9)
    at _runTestsForDescribeBlock (/Volumes/externalssd/devitems/teamsmeetingplugin/node_modules/jest-circus/build/run.js:121:9)
    at _runTestsForDescribeBlock (/Volumes/externalssd/devitems/teamsmeetingplugin/node_modules/jest-circus/build/run.js:121:9)
    at run (/Volumes/externalssd/devitems/teamsmeetingplugin/node_modules/jest-circus/build/run.js:71:3)
    at runAndTransformResultsToJestFormat (/Volumes/externalssd/devitems/teamsmeetingplugin/node_modules/jest-circus/build/legacy-code-todo-rewrite/jestAdapterInit.js:122:21)
    at jestAdapter (/Volumes/externalssd/devitems/teamsmeetingplugin/node_modules/jest-circus/build/legacy-code-todo-rewrite/jestAdapter.js:79:19)
    at runTestInternal (/Volumes/externalssd/devitems/teamsmeetingplugin/node_modules/jest-runner/build/runTest.js:367:16)
    at runTest (/Volumes/externalssd/devitems/teamsmeetingplugin/node_modules/jest-runner/build/runTest.js:444:34)
    at Object.worker (/Volumes/externalssd/devitems/teamsmeetingplugin/node_modules/jest-runner/build/testWorker.js:106:12)</failure>
    </testcase>
    <testcase classname="SpeakerIdentificationService Speaker Management should clear all profiles" name="SpeakerIdentificationService Speaker Management should clear all profiles" time="0.002">
      <failure>Error: Speaker identification initialization failed: window is not defined
    at SpeakerIdentificationService.initialize (/Volumes/externalssd/devitems/teamsmeetingplugin/src/client/services/SpeakerIdentificationService.js:73:13)
    at Object.initialize (/Volumes/externalssd/devitems/teamsmeetingplugin/src/client/services/__tests__/SpeakerIdentificationService.test.js:253:28)
    at Promise.then.completed (/Volumes/externalssd/devitems/teamsmeetingplugin/node_modules/jest-circus/build/utils.js:298:28)
    at new Promise (&lt;anonymous&gt;)
    at callAsyncCircusFn (/Volumes/externalssd/devitems/teamsmeetingplugin/node_modules/jest-circus/build/utils.js:231:10)
    at _callCircusHook (/Volumes/externalssd/devitems/teamsmeetingplugin/node_modules/jest-circus/build/run.js:281:40)
    at processTicksAndRejections (node:internal/process/task_queues:105:5)
    at _runTest (/Volumes/externalssd/devitems/teamsmeetingplugin/node_modules/jest-circus/build/run.js:246:5)
    at _runTestsForDescribeBlock (/Volumes/externalssd/devitems/teamsmeetingplugin/node_modules/jest-circus/build/run.js:126:9)
    at _runTestsForDescribeBlock (/Volumes/externalssd/devitems/teamsmeetingplugin/node_modules/jest-circus/build/run.js:121:9)
    at _runTestsForDescribeBlock (/Volumes/externalssd/devitems/teamsmeetingplugin/node_modules/jest-circus/build/run.js:121:9)
    at run (/Volumes/externalssd/devitems/teamsmeetingplugin/node_modules/jest-circus/build/run.js:71:3)
    at runAndTransformResultsToJestFormat (/Volumes/externalssd/devitems/teamsmeetingplugin/node_modules/jest-circus/build/legacy-code-todo-rewrite/jestAdapterInit.js:122:21)
    at jestAdapter (/Volumes/externalssd/devitems/teamsmeetingplugin/node_modules/jest-circus/build/legacy-code-todo-rewrite/jestAdapter.js:79:19)
    at runTestInternal (/Volumes/externalssd/devitems/teamsmeetingplugin/node_modules/jest-runner/build/runTest.js:367:16)
    at runTest (/Volumes/externalssd/devitems/teamsmeetingplugin/node_modules/jest-runner/build/runTest.js:444:34)
    at Object.worker (/Volumes/externalssd/devitems/teamsmeetingplugin/node_modules/jest-runner/build/testWorker.js:106:12)</failure>
    </testcase>
    <testcase classname="SpeakerIdentificationService Distance Calculation should calculate distance between identical vectors" name="SpeakerIdentificationService Distance Calculation should calculate distance between identical vectors" time="0.001">
      <failure>Error: Speaker identification initialization failed: window is not defined
    at SpeakerIdentificationService.initialize (/Volumes/externalssd/devitems/teamsmeetingplugin/src/client/services/SpeakerIdentificationService.js:73:13)
    at Object.initialize (/Volumes/externalssd/devitems/teamsmeetingplugin/src/client/services/__tests__/SpeakerIdentificationService.test.js:308:28)
    at Promise.then.completed (/Volumes/externalssd/devitems/teamsmeetingplugin/node_modules/jest-circus/build/utils.js:298:28)
    at new Promise (&lt;anonymous&gt;)
    at callAsyncCircusFn (/Volumes/externalssd/devitems/teamsmeetingplugin/node_modules/jest-circus/build/utils.js:231:10)
    at _callCircusHook (/Volumes/externalssd/devitems/teamsmeetingplugin/node_modules/jest-circus/build/run.js:281:40)
    at processTicksAndRejections (node:internal/process/task_queues:105:5)
    at _runTest (/Volumes/externalssd/devitems/teamsmeetingplugin/node_modules/jest-circus/build/run.js:246:5)
    at _runTestsForDescribeBlock (/Volumes/externalssd/devitems/teamsmeetingplugin/node_modules/jest-circus/build/run.js:126:9)
    at _runTestsForDescribeBlock (/Volumes/externalssd/devitems/teamsmeetingplugin/node_modules/jest-circus/build/run.js:121:9)
    at _runTestsForDescribeBlock (/Volumes/externalssd/devitems/teamsmeetingplugin/node_modules/jest-circus/build/run.js:121:9)
    at run (/Volumes/externalssd/devitems/teamsmeetingplugin/node_modules/jest-circus/build/run.js:71:3)
    at runAndTransformResultsToJestFormat (/Volumes/externalssd/devitems/teamsmeetingplugin/node_modules/jest-circus/build/legacy-code-todo-rewrite/jestAdapterInit.js:122:21)
    at jestAdapter (/Volumes/externalssd/devitems/teamsmeetingplugin/node_modules/jest-circus/build/legacy-code-todo-rewrite/jestAdapter.js:79:19)
    at runTestInternal (/Volumes/externalssd/devitems/teamsmeetingplugin/node_modules/jest-runner/build/runTest.js:367:16)
    at runTest (/Volumes/externalssd/devitems/teamsmeetingplugin/node_modules/jest-runner/build/runTest.js:444:34)
    at Object.worker (/Volumes/externalssd/devitems/teamsmeetingplugin/node_modules/jest-runner/build/testWorker.js:106:12)</failure>
    </testcase>
    <testcase classname="SpeakerIdentificationService Distance Calculation should calculate distance between different vectors" name="SpeakerIdentificationService Distance Calculation should calculate distance between different vectors" time="0.002">
      <failure>Error: Speaker identification initialization failed: window is not defined
    at SpeakerIdentificationService.initialize (/Volumes/externalssd/devitems/teamsmeetingplugin/src/client/services/SpeakerIdentificationService.js:73:13)
    at Object.initialize (/Volumes/externalssd/devitems/teamsmeetingplugin/src/client/services/__tests__/SpeakerIdentificationService.test.js:308:28)
    at Promise.then.completed (/Volumes/externalssd/devitems/teamsmeetingplugin/node_modules/jest-circus/build/utils.js:298:28)
    at new Promise (&lt;anonymous&gt;)
    at callAsyncCircusFn (/Volumes/externalssd/devitems/teamsmeetingplugin/node_modules/jest-circus/build/utils.js:231:10)
    at _callCircusHook (/Volumes/externalssd/devitems/teamsmeetingplugin/node_modules/jest-circus/build/run.js:281:40)
    at processTicksAndRejections (node:internal/process/task_queues:105:5)
    at _runTest (/Volumes/externalssd/devitems/teamsmeetingplugin/node_modules/jest-circus/build/run.js:246:5)
    at _runTestsForDescribeBlock (/Volumes/externalssd/devitems/teamsmeetingplugin/node_modules/jest-circus/build/run.js:126:9)
    at _runTestsForDescribeBlock (/Volumes/externalssd/devitems/teamsmeetingplugin/node_modules/jest-circus/build/run.js:121:9)
    at _runTestsForDescribeBlock (/Volumes/externalssd/devitems/teamsmeetingplugin/node_modules/jest-circus/build/run.js:121:9)
    at run (/Volumes/externalssd/devitems/teamsmeetingplugin/node_modules/jest-circus/build/run.js:71:3)
    at runAndTransformResultsToJestFormat (/Volumes/externalssd/devitems/teamsmeetingplugin/node_modules/jest-circus/build/legacy-code-todo-rewrite/jestAdapterInit.js:122:21)
    at jestAdapter (/Volumes/externalssd/devitems/teamsmeetingplugin/node_modules/jest-circus/build/legacy-code-todo-rewrite/jestAdapter.js:79:19)
    at runTestInternal (/Volumes/externalssd/devitems/teamsmeetingplugin/node_modules/jest-runner/build/runTest.js:367:16)
    at runTest (/Volumes/externalssd/devitems/teamsmeetingplugin/node_modules/jest-runner/build/runTest.js:444:34)
    at Object.worker (/Volumes/externalssd/devitems/teamsmeetingplugin/node_modules/jest-runner/build/testWorker.js:106:12)</failure>
    </testcase>
    <testcase classname="SpeakerIdentificationService Distance Calculation should return infinity for vectors of different lengths" name="SpeakerIdentificationService Distance Calculation should return infinity for vectors of different lengths" time="0.002">
      <failure>Error: Speaker identification initialization failed: window is not defined
    at SpeakerIdentificationService.initialize (/Volumes/externalssd/devitems/teamsmeetingplugin/src/client/services/SpeakerIdentificationService.js:73:13)
    at Object.initialize (/Volumes/externalssd/devitems/teamsmeetingplugin/src/client/services/__tests__/SpeakerIdentificationService.test.js:308:28)
    at Promise.then.completed (/Volumes/externalssd/devitems/teamsmeetingplugin/node_modules/jest-circus/build/utils.js:298:28)
    at new Promise (&lt;anonymous&gt;)
    at callAsyncCircusFn (/Volumes/externalssd/devitems/teamsmeetingplugin/node_modules/jest-circus/build/utils.js:231:10)
    at _callCircusHook (/Volumes/externalssd/devitems/teamsmeetingplugin/node_modules/jest-circus/build/run.js:281:40)
    at processTicksAndRejections (node:internal/process/task_queues:105:5)
    at _runTest (/Volumes/externalssd/devitems/teamsmeetingplugin/node_modules/jest-circus/build/run.js:246:5)
    at _runTestsForDescribeBlock (/Volumes/externalssd/devitems/teamsmeetingplugin/node_modules/jest-circus/build/run.js:126:9)
    at _runTestsForDescribeBlock (/Volumes/externalssd/devitems/teamsmeetingplugin/node_modules/jest-circus/build/run.js:121:9)
    at _runTestsForDescribeBlock (/Volumes/externalssd/devitems/teamsmeetingplugin/node_modules/jest-circus/build/run.js:121:9)
    at run (/Volumes/externalssd/devitems/teamsmeetingplugin/node_modules/jest-circus/build/run.js:71:3)
    at runAndTransformResultsToJestFormat (/Volumes/externalssd/devitems/teamsmeetingplugin/node_modules/jest-circus/build/legacy-code-todo-rewrite/jestAdapterInit.js:122:21)
    at jestAdapter (/Volumes/externalssd/devitems/teamsmeetingplugin/node_modules/jest-circus/build/legacy-code-todo-rewrite/jestAdapter.js:79:19)
    at runTestInternal (/Volumes/externalssd/devitems/teamsmeetingplugin/node_modules/jest-runner/build/runTest.js:367:16)
    at runTest (/Volumes/externalssd/devitems/teamsmeetingplugin/node_modules/jest-runner/build/runTest.js:444:34)
    at Object.worker (/Volumes/externalssd/devitems/teamsmeetingplugin/node_modules/jest-runner/build/testWorker.js:106:12)</failure>
    </testcase>
    <testcase classname="SpeakerIdentificationService Distance Calculation should convert distance to confidence" name="SpeakerIdentificationService Distance Calculation should convert distance to confidence" time="0.001">
      <failure>Error: Speaker identification initialization failed: window is not defined
    at SpeakerIdentificationService.initialize (/Volumes/externalssd/devitems/teamsmeetingplugin/src/client/services/SpeakerIdentificationService.js:73:13)
    at Object.initialize (/Volumes/externalssd/devitems/teamsmeetingplugin/src/client/services/__tests__/SpeakerIdentificationService.test.js:308:28)
    at Promise.then.completed (/Volumes/externalssd/devitems/teamsmeetingplugin/node_modules/jest-circus/build/utils.js:298:28)
    at new Promise (&lt;anonymous&gt;)
    at callAsyncCircusFn (/Volumes/externalssd/devitems/teamsmeetingplugin/node_modules/jest-circus/build/utils.js:231:10)
    at _callCircusHook (/Volumes/externalssd/devitems/teamsmeetingplugin/node_modules/jest-circus/build/run.js:281:40)
    at processTicksAndRejections (node:internal/process/task_queues:105:5)
    at _runTest (/Volumes/externalssd/devitems/teamsmeetingplugin/node_modules/jest-circus/build/run.js:246:5)
    at _runTestsForDescribeBlock (/Volumes/externalssd/devitems/teamsmeetingplugin/node_modules/jest-circus/build/run.js:126:9)
    at _runTestsForDescribeBlock (/Volumes/externalssd/devitems/teamsmeetingplugin/node_modules/jest-circus/build/run.js:121:9)
    at _runTestsForDescribeBlock (/Volumes/externalssd/devitems/teamsmeetingplugin/node_modules/jest-circus/build/run.js:121:9)
    at run (/Volumes/externalssd/devitems/teamsmeetingplugin/node_modules/jest-circus/build/run.js:71:3)
    at runAndTransformResultsToJestFormat (/Volumes/externalssd/devitems/teamsmeetingplugin/node_modules/jest-circus/build/legacy-code-todo-rewrite/jestAdapterInit.js:122:21)
    at jestAdapter (/Volumes/externalssd/devitems/teamsmeetingplugin/node_modules/jest-circus/build/legacy-code-todo-rewrite/jestAdapter.js:79:19)
    at runTestInternal (/Volumes/externalssd/devitems/teamsmeetingplugin/node_modules/jest-runner/build/runTest.js:367:16)
    at runTest (/Volumes/externalssd/devitems/teamsmeetingplugin/node_modules/jest-runner/build/runTest.js:444:34)
    at Object.worker (/Volumes/externalssd/devitems/teamsmeetingplugin/node_modules/jest-runner/build/testWorker.js:106:12)</failure>
    </testcase>
    <testcase classname="SpeakerIdentificationService Event Handling should add and notify event listeners" name="SpeakerIdentificationService Event Handling should add and notify event listeners" time="0.001">
      <failure>Error: Speaker identification initialization failed: window is not defined
    at SpeakerIdentificationService.initialize (/Volumes/externalssd/devitems/teamsmeetingplugin/src/client/services/SpeakerIdentificationService.js:73:13)
    at Object.initialize (/Volumes/externalssd/devitems/teamsmeetingplugin/src/client/services/__tests__/SpeakerIdentificationService.test.js:352:28)
    at Promise.then.completed (/Volumes/externalssd/devitems/teamsmeetingplugin/node_modules/jest-circus/build/utils.js:298:28)
    at new Promise (&lt;anonymous&gt;)
    at callAsyncCircusFn (/Volumes/externalssd/devitems/teamsmeetingplugin/node_modules/jest-circus/build/utils.js:231:10)
    at _callCircusHook (/Volumes/externalssd/devitems/teamsmeetingplugin/node_modules/jest-circus/build/run.js:281:40)
    at processTicksAndRejections (node:internal/process/task_queues:105:5)
    at _runTest (/Volumes/externalssd/devitems/teamsmeetingplugin/node_modules/jest-circus/build/run.js:246:5)
    at _runTestsForDescribeBlock (/Volumes/externalssd/devitems/teamsmeetingplugin/node_modules/jest-circus/build/run.js:126:9)
    at _runTestsForDescribeBlock (/Volumes/externalssd/devitems/teamsmeetingplugin/node_modules/jest-circus/build/run.js:121:9)
    at _runTestsForDescribeBlock (/Volumes/externalssd/devitems/teamsmeetingplugin/node_modules/jest-circus/build/run.js:121:9)
    at run (/Volumes/externalssd/devitems/teamsmeetingplugin/node_modules/jest-circus/build/run.js:71:3)
    at runAndTransformResultsToJestFormat (/Volumes/externalssd/devitems/teamsmeetingplugin/node_modules/jest-circus/build/legacy-code-todo-rewrite/jestAdapterInit.js:122:21)
    at jestAdapter (/Volumes/externalssd/devitems/teamsmeetingplugin/node_modules/jest-circus/build/legacy-code-todo-rewrite/jestAdapter.js:79:19)
    at runTestInternal (/Volumes/externalssd/devitems/teamsmeetingplugin/node_modules/jest-runner/build/runTest.js:367:16)
    at runTest (/Volumes/externalssd/devitems/teamsmeetingplugin/node_modules/jest-runner/build/runTest.js:444:34)
    at Object.worker (/Volumes/externalssd/devitems/teamsmeetingplugin/node_modules/jest-runner/build/testWorker.js:106:12)</failure>
    </testcase>
    <testcase classname="SpeakerIdentificationService Event Handling should remove event listeners" name="SpeakerIdentificationService Event Handling should remove event listeners" time="0.001">
      <failure>Error: Speaker identification initialization failed: window is not defined
    at SpeakerIdentificationService.initialize (/Volumes/externalssd/devitems/teamsmeetingplugin/src/client/services/SpeakerIdentificationService.js:73:13)
    at Object.initialize (/Volumes/externalssd/devitems/teamsmeetingplugin/src/client/services/__tests__/SpeakerIdentificationService.test.js:352:28)
    at Promise.then.completed (/Volumes/externalssd/devitems/teamsmeetingplugin/node_modules/jest-circus/build/utils.js:298:28)
    at new Promise (&lt;anonymous&gt;)
    at callAsyncCircusFn (/Volumes/externalssd/devitems/teamsmeetingplugin/node_modules/jest-circus/build/utils.js:231:10)
    at _callCircusHook (/Volumes/externalssd/devitems/teamsmeetingplugin/node_modules/jest-circus/build/run.js:281:40)
    at processTicksAndRejections (node:internal/process/task_queues:105:5)
    at _runTest (/Volumes/externalssd/devitems/teamsmeetingplugin/node_modules/jest-circus/build/run.js:246:5)
    at _runTestsForDescribeBlock (/Volumes/externalssd/devitems/teamsmeetingplugin/node_modules/jest-circus/build/run.js:126:9)
    at _runTestsForDescribeBlock (/Volumes/externalssd/devitems/teamsmeetingplugin/node_modules/jest-circus/build/run.js:121:9)
    at _runTestsForDescribeBlock (/Volumes/externalssd/devitems/teamsmeetingplugin/node_modules/jest-circus/build/run.js:121:9)
    at run (/Volumes/externalssd/devitems/teamsmeetingplugin/node_modules/jest-circus/build/run.js:71:3)
    at runAndTransformResultsToJestFormat (/Volumes/externalssd/devitems/teamsmeetingplugin/node_modules/jest-circus/build/legacy-code-todo-rewrite/jestAdapterInit.js:122:21)
    at jestAdapter (/Volumes/externalssd/devitems/teamsmeetingplugin/node_modules/jest-circus/build/legacy-code-todo-rewrite/jestAdapter.js:79:19)
    at runTestInternal (/Volumes/externalssd/devitems/teamsmeetingplugin/node_modules/jest-runner/build/runTest.js:367:16)
    at runTest (/Volumes/externalssd/devitems/teamsmeetingplugin/node_modules/jest-runner/build/runTest.js:444:34)
    at Object.worker (/Volumes/externalssd/devitems/teamsmeetingplugin/node_modules/jest-runner/build/testWorker.js:106:12)</failure>
    </testcase>
    <testcase classname="SpeakerIdentificationService Event Handling should handle listener errors gracefully" name="SpeakerIdentificationService Event Handling should handle listener errors gracefully" time="0.001">
      <failure>Error: Speaker identification initialization failed: window is not defined
    at SpeakerIdentificationService.initialize (/Volumes/externalssd/devitems/teamsmeetingplugin/src/client/services/SpeakerIdentificationService.js:73:13)
    at Object.initialize (/Volumes/externalssd/devitems/teamsmeetingplugin/src/client/services/__tests__/SpeakerIdentificationService.test.js:352:28)
    at Promise.then.completed (/Volumes/externalssd/devitems/teamsmeetingplugin/node_modules/jest-circus/build/utils.js:298:28)
    at new Promise (&lt;anonymous&gt;)
    at callAsyncCircusFn (/Volumes/externalssd/devitems/teamsmeetingplugin/node_modules/jest-circus/build/utils.js:231:10)
    at _callCircusHook (/Volumes/externalssd/devitems/teamsmeetingplugin/node_modules/jest-circus/build/run.js:281:40)
    at processTicksAndRejections (node:internal/process/task_queues:105:5)
    at _runTest (/Volumes/externalssd/devitems/teamsmeetingplugin/node_modules/jest-circus/build/run.js:246:5)
    at _runTestsForDescribeBlock (/Volumes/externalssd/devitems/teamsmeetingplugin/node_modules/jest-circus/build/run.js:126:9)
    at _runTestsForDescribeBlock (/Volumes/externalssd/devitems/teamsmeetingplugin/node_modules/jest-circus/build/run.js:121:9)
    at _runTestsForDescribeBlock (/Volumes/externalssd/devitems/teamsmeetingplugin/node_modules/jest-circus/build/run.js:121:9)
    at run (/Volumes/externalssd/devitems/teamsmeetingplugin/node_modules/jest-circus/build/run.js:71:3)
    at runAndTransformResultsToJestFormat (/Volumes/externalssd/devitems/teamsmeetingplugin/node_modules/jest-circus/build/legacy-code-todo-rewrite/jestAdapterInit.js:122:21)
    at jestAdapter (/Volumes/externalssd/devitems/teamsmeetingplugin/node_modules/jest-circus/build/legacy-code-todo-rewrite/jestAdapter.js:79:19)
    at runTestInternal (/Volumes/externalssd/devitems/teamsmeetingplugin/node_modules/jest-runner/build/runTest.js:367:16)
    at runTest (/Volumes/externalssd/devitems/teamsmeetingplugin/node_modules/jest-runner/build/runTest.js:444:34)
    at Object.worker (/Volumes/externalssd/devitems/teamsmeetingplugin/node_modules/jest-runner/build/testWorker.js:106:12)</failure>
    </testcase>
    <testcase classname="SpeakerIdentificationService Service Status should return correct status when not initialized" name="SpeakerIdentificationService Service Status should return correct status when not initialized" time="0.002">
    </testcase>
    <testcase classname="SpeakerIdentificationService Service Status should return correct status when initialized" name="SpeakerIdentificationService Service Status should return correct status when initialized" time="0.002">
      <failure>Error: Speaker identification initialization failed: window is not defined
    at SpeakerIdentificationService.initialize (/Volumes/externalssd/devitems/teamsmeetingplugin/src/client/services/SpeakerIdentificationService.js:73:13)
    at Object.initialize (/Volumes/externalssd/devitems/teamsmeetingplugin/src/client/services/__tests__/SpeakerIdentificationService.test.js:398:28)
    at Promise.then.completed (/Volumes/externalssd/devitems/teamsmeetingplugin/node_modules/jest-circus/build/utils.js:298:28)
    at new Promise (&lt;anonymous&gt;)
    at callAsyncCircusFn (/Volumes/externalssd/devitems/teamsmeetingplugin/node_modules/jest-circus/build/utils.js:231:10)
    at _callCircusTest (/Volumes/externalssd/devitems/teamsmeetingplugin/node_modules/jest-circus/build/run.js:316:40)
    at processTicksAndRejections (node:internal/process/task_queues:105:5)
    at _runTest (/Volumes/externalssd/devitems/teamsmeetingplugin/node_modules/jest-circus/build/run.js:252:3)
    at _runTestsForDescribeBlock (/Volumes/externalssd/devitems/teamsmeetingplugin/node_modules/jest-circus/build/run.js:126:9)
    at _runTestsForDescribeBlock (/Volumes/externalssd/devitems/teamsmeetingplugin/node_modules/jest-circus/build/run.js:121:9)
    at _runTestsForDescribeBlock (/Volumes/externalssd/devitems/teamsmeetingplugin/node_modules/jest-circus/build/run.js:121:9)
    at run (/Volumes/externalssd/devitems/teamsmeetingplugin/node_modules/jest-circus/build/run.js:71:3)
    at runAndTransformResultsToJestFormat (/Volumes/externalssd/devitems/teamsmeetingplugin/node_modules/jest-circus/build/legacy-code-todo-rewrite/jestAdapterInit.js:122:21)
    at jestAdapter (/Volumes/externalssd/devitems/teamsmeetingplugin/node_modules/jest-circus/build/legacy-code-todo-rewrite/jestAdapter.js:79:19)
    at runTestInternal (/Volumes/externalssd/devitems/teamsmeetingplugin/node_modules/jest-runner/build/runTest.js:367:16)
    at runTest (/Volumes/externalssd/devitems/teamsmeetingplugin/node_modules/jest-runner/build/runTest.js:444:34)
    at Object.worker (/Volumes/externalssd/devitems/teamsmeetingplugin/node_modules/jest-runner/build/testWorker.js:106:12)</failure>
    </testcase>
    <testcase classname="SpeakerIdentificationService Cleanup should cleanup resources properly" name="SpeakerIdentificationService Cleanup should cleanup resources properly" time="0.001">
      <failure>Error: Speaker identification initialization failed: window is not defined
    at SpeakerIdentificationService.initialize (/Volumes/externalssd/devitems/teamsmeetingplugin/src/client/services/SpeakerIdentificationService.js:73:13)
    at Object.initialize (/Volumes/externalssd/devitems/teamsmeetingplugin/src/client/services/__tests__/SpeakerIdentificationService.test.js:411:28)
    at Promise.then.completed (/Volumes/externalssd/devitems/teamsmeetingplugin/node_modules/jest-circus/build/utils.js:298:28)
    at new Promise (&lt;anonymous&gt;)
    at callAsyncCircusFn (/Volumes/externalssd/devitems/teamsmeetingplugin/node_modules/jest-circus/build/utils.js:231:10)
    at _callCircusTest (/Volumes/externalssd/devitems/teamsmeetingplugin/node_modules/jest-circus/build/run.js:316:40)
    at processTicksAndRejections (node:internal/process/task_queues:105:5)
    at _runTest (/Volumes/externalssd/devitems/teamsmeetingplugin/node_modules/jest-circus/build/run.js:252:3)
    at _runTestsForDescribeBlock (/Volumes/externalssd/devitems/teamsmeetingplugin/node_modules/jest-circus/build/run.js:126:9)
    at _runTestsForDescribeBlock (/Volumes/externalssd/devitems/teamsmeetingplugin/node_modules/jest-circus/build/run.js:121:9)
    at _runTestsForDescribeBlock (/Volumes/externalssd/devitems/teamsmeetingplugin/node_modules/jest-circus/build/run.js:121:9)
    at run (/Volumes/externalssd/devitems/teamsmeetingplugin/node_modules/jest-circus/build/run.js:71:3)
    at runAndTransformResultsToJestFormat (/Volumes/externalssd/devitems/teamsmeetingplugin/node_modules/jest-circus/build/legacy-code-todo-rewrite/jestAdapterInit.js:122:21)
    at jestAdapter (/Volumes/externalssd/devitems/teamsmeetingplugin/node_modules/jest-circus/build/legacy-code-todo-rewrite/jestAdapter.js:79:19)
    at runTestInternal (/Volumes/externalssd/devitems/teamsmeetingplugin/node_modules/jest-runner/build/runTest.js:367:16)
    at runTest (/Volumes/externalssd/devitems/teamsmeetingplugin/node_modules/jest-runner/build/runTest.js:444:34)
    at Object.worker (/Volumes/externalssd/devitems/teamsmeetingplugin/node_modules/jest-runner/build/testWorker.js:106:12)</failure>
    </testcase>
    <testcase classname="SpeakerIdentificationService Audio Processing Methods should apply pre-emphasis filter" name="SpeakerIdentificationService Audio Processing Methods should apply pre-emphasis filter" time="0.001">
      <failure>Error: Speaker identification initialization failed: window is not defined
    at SpeakerIdentificationService.initialize (/Volumes/externalssd/devitems/teamsmeetingplugin/src/client/services/SpeakerIdentificationService.js:73:13)
    at Object.initialize (/Volumes/externalssd/devitems/teamsmeetingplugin/src/client/services/__tests__/SpeakerIdentificationService.test.js:424:28)
    at Promise.then.completed (/Volumes/externalssd/devitems/teamsmeetingplugin/node_modules/jest-circus/build/utils.js:298:28)
    at new Promise (&lt;anonymous&gt;)
    at callAsyncCircusFn (/Volumes/externalssd/devitems/teamsmeetingplugin/node_modules/jest-circus/build/utils.js:231:10)
    at _callCircusHook (/Volumes/externalssd/devitems/teamsmeetingplugin/node_modules/jest-circus/build/run.js:281:40)
    at processTicksAndRejections (node:internal/process/task_queues:105:5)
    at _runTest (/Volumes/externalssd/devitems/teamsmeetingplugin/node_modules/jest-circus/build/run.js:246:5)
    at _runTestsForDescribeBlock (/Volumes/externalssd/devitems/teamsmeetingplugin/node_modules/jest-circus/build/run.js:126:9)
    at _runTestsForDescribeBlock (/Volumes/externalssd/devitems/teamsmeetingplugin/node_modules/jest-circus/build/run.js:121:9)
    at _runTestsForDescribeBlock (/Volumes/externalssd/devitems/teamsmeetingplugin/node_modules/jest-circus/build/run.js:121:9)
    at run (/Volumes/externalssd/devitems/teamsmeetingplugin/node_modules/jest-circus/build/run.js:71:3)
    at runAndTransformResultsToJestFormat (/Volumes/externalssd/devitems/teamsmeetingplugin/node_modules/jest-circus/build/legacy-code-todo-rewrite/jestAdapterInit.js:122:21)
    at jestAdapter (/Volumes/externalssd/devitems/teamsmeetingplugin/node_modules/jest-circus/build/legacy-code-todo-rewrite/jestAdapter.js:79:19)
    at runTestInternal (/Volumes/externalssd/devitems/teamsmeetingplugin/node_modules/jest-runner/build/runTest.js:367:16)
    at runTest (/Volumes/externalssd/devitems/teamsmeetingplugin/node_modules/jest-runner/build/runTest.js:444:34)
    at Object.worker (/Volumes/externalssd/devitems/teamsmeetingplugin/node_modules/jest-runner/build/testWorker.js:106:12)</failure>
    </testcase>
    <testcase classname="SpeakerIdentificationService Audio Processing Methods should apply window function" name="SpeakerIdentificationService Audio Processing Methods should apply window function" time="0.001">
      <failure>Error: Speaker identification initialization failed: window is not defined
    at SpeakerIdentificationService.initialize (/Volumes/externalssd/devitems/teamsmeetingplugin/src/client/services/SpeakerIdentificationService.js:73:13)
    at Object.initialize (/Volumes/externalssd/devitems/teamsmeetingplugin/src/client/services/__tests__/SpeakerIdentificationService.test.js:424:28)
    at Promise.then.completed (/Volumes/externalssd/devitems/teamsmeetingplugin/node_modules/jest-circus/build/utils.js:298:28)
    at new Promise (&lt;anonymous&gt;)
    at callAsyncCircusFn (/Volumes/externalssd/devitems/teamsmeetingplugin/node_modules/jest-circus/build/utils.js:231:10)
    at _callCircusHook (/Volumes/externalssd/devitems/teamsmeetingplugin/node_modules/jest-circus/build/run.js:281:40)
    at processTicksAndRejections (node:internal/process/task_queues:105:5)
    at _runTest (/Volumes/externalssd/devitems/teamsmeetingplugin/node_modules/jest-circus/build/run.js:246:5)
    at _runTestsForDescribeBlock (/Volumes/externalssd/devitems/teamsmeetingplugin/node_modules/jest-circus/build/run.js:126:9)
    at _runTestsForDescribeBlock (/Volumes/externalssd/devitems/teamsmeetingplugin/node_modules/jest-circus/build/run.js:121:9)
    at _runTestsForDescribeBlock (/Volumes/externalssd/devitems/teamsmeetingplugin/node_modules/jest-circus/build/run.js:121:9)
    at run (/Volumes/externalssd/devitems/teamsmeetingplugin/node_modules/jest-circus/build/run.js:71:3)
    at runAndTransformResultsToJestFormat (/Volumes/externalssd/devitems/teamsmeetingplugin/node_modules/jest-circus/build/legacy-code-todo-rewrite/jestAdapterInit.js:122:21)
    at jestAdapter (/Volumes/externalssd/devitems/teamsmeetingplugin/node_modules/jest-circus/build/legacy-code-todo-rewrite/jestAdapter.js:79:19)
    at runTestInternal (/Volumes/externalssd/devitems/teamsmeetingplugin/node_modules/jest-runner/build/runTest.js:367:16)
    at runTest (/Volumes/externalssd/devitems/teamsmeetingplugin/node_modules/jest-runner/build/runTest.js:444:34)
    at Object.worker (/Volumes/externalssd/devitems/teamsmeetingplugin/node_modules/jest-runner/build/testWorker.js:106:12)</failure>
    </testcase>
    <testcase classname="SpeakerIdentificationService Audio Processing Methods should convert Hz to mel and back" name="SpeakerIdentificationService Audio Processing Methods should convert Hz to mel and back" time="0.002">
      <failure>Error: Speaker identification initialization failed: window is not defined
    at SpeakerIdentificationService.initialize (/Volumes/externalssd/devitems/teamsmeetingplugin/src/client/services/SpeakerIdentificationService.js:73:13)
    at Object.initialize (/Volumes/externalssd/devitems/teamsmeetingplugin/src/client/services/__tests__/SpeakerIdentificationService.test.js:424:28)
    at Promise.then.completed (/Volumes/externalssd/devitems/teamsmeetingplugin/node_modules/jest-circus/build/utils.js:298:28)
    at new Promise (&lt;anonymous&gt;)
    at callAsyncCircusFn (/Volumes/externalssd/devitems/teamsmeetingplugin/node_modules/jest-circus/build/utils.js:231:10)
    at _callCircusHook (/Volumes/externalssd/devitems/teamsmeetingplugin/node_modules/jest-circus/build/run.js:281:40)
    at processTicksAndRejections (node:internal/process/task_queues:105:5)
    at _runTest (/Volumes/externalssd/devitems/teamsmeetingplugin/node_modules/jest-circus/build/run.js:246:5)
    at _runTestsForDescribeBlock (/Volumes/externalssd/devitems/teamsmeetingplugin/node_modules/jest-circus/build/run.js:126:9)
    at _runTestsForDescribeBlock (/Volumes/externalssd/devitems/teamsmeetingplugin/node_modules/jest-circus/build/run.js:121:9)
    at _runTestsForDescribeBlock (/Volumes/externalssd/devitems/teamsmeetingplugin/node_modules/jest-circus/build/run.js:121:9)
    at run (/Volumes/externalssd/devitems/teamsmeetingplugin/node_modules/jest-circus/build/run.js:71:3)
    at runAndTransformResultsToJestFormat (/Volumes/externalssd/devitems/teamsmeetingplugin/node_modules/jest-circus/build/legacy-code-todo-rewrite/jestAdapterInit.js:122:21)
    at jestAdapter (/Volumes/externalssd/devitems/teamsmeetingplugin/node_modules/jest-circus/build/legacy-code-todo-rewrite/jestAdapter.js:79:19)
    at runTestInternal (/Volumes/externalssd/devitems/teamsmeetingplugin/node_modules/jest-runner/build/runTest.js:367:16)
    at runTest (/Volumes/externalssd/devitems/teamsmeetingplugin/node_modules/jest-runner/build/runTest.js:444:34)
    at Object.worker (/Volumes/externalssd/devitems/teamsmeetingplugin/node_modules/jest-runner/build/testWorker.js:106:12)</failure>
    </testcase>
    <testcase classname="SpeakerIdentificationService Audio Processing Methods should compute feature statistics" name="SpeakerIdentificationService Audio Processing Methods should compute feature statistics" time="0.001">
      <failure>Error: Speaker identification initialization failed: window is not defined
    at SpeakerIdentificationService.initialize (/Volumes/externalssd/devitems/teamsmeetingplugin/src/client/services/SpeakerIdentificationService.js:73:13)
    at Object.initialize (/Volumes/externalssd/devitems/teamsmeetingplugin/src/client/services/__tests__/SpeakerIdentificationService.test.js:424:28)
    at Promise.then.completed (/Volumes/externalssd/devitems/teamsmeetingplugin/node_modules/jest-circus/build/utils.js:298:28)
    at new Promise (&lt;anonymous&gt;)
    at callAsyncCircusFn (/Volumes/externalssd/devitems/teamsmeetingplugin/node_modules/jest-circus/build/utils.js:231:10)
    at _callCircusHook (/Volumes/externalssd/devitems/teamsmeetingplugin/node_modules/jest-circus/build/run.js:281:40)
    at processTicksAndRejections (node:internal/process/task_queues:105:5)
    at _runTest (/Volumes/externalssd/devitems/teamsmeetingplugin/node_modules/jest-circus/build/run.js:246:5)
    at _runTestsForDescribeBlock (/Volumes/externalssd/devitems/teamsmeetingplugin/node_modules/jest-circus/build/run.js:126:9)
    at _runTestsForDescribeBlock (/Volumes/externalssd/devitems/teamsmeetingplugin/node_modules/jest-circus/build/run.js:121:9)
    at _runTestsForDescribeBlock (/Volumes/externalssd/devitems/teamsmeetingplugin/node_modules/jest-circus/build/run.js:121:9)
    at run (/Volumes/externalssd/devitems/teamsmeetingplugin/node_modules/jest-circus/build/run.js:71:3)
    at runAndTransformResultsToJestFormat (/Volumes/externalssd/devitems/teamsmeetingplugin/node_modules/jest-circus/build/legacy-code-todo-rewrite/jestAdapterInit.js:122:21)
    at jestAdapter (/Volumes/externalssd/devitems/teamsmeetingplugin/node_modules/jest-circus/build/legacy-code-todo-rewrite/jestAdapter.js:79:19)
    at runTestInternal (/Volumes/externalssd/devitems/teamsmeetingplugin/node_modules/jest-runner/build/runTest.js:367:16)
    at runTest (/Volumes/externalssd/devitems/teamsmeetingplugin/node_modules/jest-runner/build/runTest.js:444:34)
    at Object.worker (/Volumes/externalssd/devitems/teamsmeetingplugin/node_modules/jest-runner/build/testWorker.js:106:12)</failure>
    </testcase>
  </testsuite>
  <testsuite name="AudioProcessor" errors="0" failures="20" skipped="0" timestamp="2025-09-25T00:39:01" time="0.096" tests="21">
    <testcase classname="AudioProcessor Initialization should initialize successfully" name="AudioProcessor Initialization should initialize successfully" time="0">
      <failure>Error: Audio initialization failed: window is not defined
    at AudioProcessor.initialize (/Volumes/externalssd/devitems/teamsmeetingplugin/src/client/components/AudioProcessor.js:45:13)
    at Object.initialize (/Volumes/externalssd/devitems/teamsmeetingplugin/src/client/components/__tests__/AudioProcessor.test.js:103:43)
    at Promise.then.completed (/Volumes/externalssd/devitems/teamsmeetingplugin/node_modules/jest-circus/build/utils.js:298:28)
    at new Promise (&lt;anonymous&gt;)
    at callAsyncCircusFn (/Volumes/externalssd/devitems/teamsmeetingplugin/node_modules/jest-circus/build/utils.js:231:10)
    at _callCircusTest (/Volumes/externalssd/devitems/teamsmeetingplugin/node_modules/jest-circus/build/run.js:316:40)
    at processTicksAndRejections (node:internal/process/task_queues:105:5)
    at _runTest (/Volumes/externalssd/devitems/teamsmeetingplugin/node_modules/jest-circus/build/run.js:252:3)
    at _runTestsForDescribeBlock (/Volumes/externalssd/devitems/teamsmeetingplugin/node_modules/jest-circus/build/run.js:126:9)
    at _runTestsForDescribeBlock (/Volumes/externalssd/devitems/teamsmeetingplugin/node_modules/jest-circus/build/run.js:121:9)
    at _runTestsForDescribeBlock (/Volumes/externalssd/devitems/teamsmeetingplugin/node_modules/jest-circus/build/run.js:121:9)
    at run (/Volumes/externalssd/devitems/teamsmeetingplugin/node_modules/jest-circus/build/run.js:71:3)
    at runAndTransformResultsToJestFormat (/Volumes/externalssd/devitems/teamsmeetingplugin/node_modules/jest-circus/build/legacy-code-todo-rewrite/jestAdapterInit.js:122:21)
    at jestAdapter (/Volumes/externalssd/devitems/teamsmeetingplugin/node_modules/jest-circus/build/legacy-code-todo-rewrite/jestAdapter.js:79:19)
    at runTestInternal (/Volumes/externalssd/devitems/teamsmeetingplugin/node_modules/jest-runner/build/runTest.js:367:16)
    at runTest (/Volumes/externalssd/devitems/teamsmeetingplugin/node_modules/jest-runner/build/runTest.js:444:34)
    at Object.worker (/Volumes/externalssd/devitems/teamsmeetingplugin/node_modules/jest-runner/build/testWorker.js:106:12)</failure>
    </testcase>
    <testcase classname="AudioProcessor Initialization should handle initialization failure" name="AudioProcessor Initialization should handle initialization failure" time="0">
    </testcase>
    <testcase classname="AudioProcessor Audio Capture should start audio capture successfully" name="AudioProcessor Audio Capture should start audio capture successfully" time="0">
      <failure>Error: Audio initialization failed: window is not defined
    at AudioProcessor.initialize (/Volumes/externalssd/devitems/teamsmeetingplugin/src/client/components/AudioProcessor.js:45:13)
    at Object.initialize (/Volumes/externalssd/devitems/teamsmeetingplugin/src/client/components/__tests__/AudioProcessor.test.js:124:28)
    at Promise.then.completed (/Volumes/externalssd/devitems/teamsmeetingplugin/node_modules/jest-circus/build/utils.js:298:28)
    at new Promise (&lt;anonymous&gt;)
    at callAsyncCircusFn (/Volumes/externalssd/devitems/teamsmeetingplugin/node_modules/jest-circus/build/utils.js:231:10)
    at _callCircusHook (/Volumes/externalssd/devitems/teamsmeetingplugin/node_modules/jest-circus/build/run.js:281:40)
    at processTicksAndRejections (node:internal/process/task_queues:105:5)
    at _runTest (/Volumes/externalssd/devitems/teamsmeetingplugin/node_modules/jest-circus/build/run.js:246:5)
    at _runTestsForDescribeBlock (/Volumes/externalssd/devitems/teamsmeetingplugin/node_modules/jest-circus/build/run.js:126:9)
    at _runTestsForDescribeBlock (/Volumes/externalssd/devitems/teamsmeetingplugin/node_modules/jest-circus/build/run.js:121:9)
    at _runTestsForDescribeBlock (/Volumes/externalssd/devitems/teamsmeetingplugin/node_modules/jest-circus/build/run.js:121:9)
    at run (/Volumes/externalssd/devitems/teamsmeetingplugin/node_modules/jest-circus/build/run.js:71:3)
    at runAndTransformResultsToJestFormat (/Volumes/externalssd/devitems/teamsmeetingplugin/node_modules/jest-circus/build/legacy-code-todo-rewrite/jestAdapterInit.js:122:21)
    at jestAdapter (/Volumes/externalssd/devitems/teamsmeetingplugin/node_modules/jest-circus/build/legacy-code-todo-rewrite/jestAdapter.js:79:19)
    at runTestInternal (/Volumes/externalssd/devitems/teamsmeetingplugin/node_modules/jest-runner/build/runTest.js:367:16)
    at runTest (/Volumes/externalssd/devitems/teamsmeetingplugin/node_modules/jest-runner/build/runTest.js:444:34)
    at Object.worker (/Volumes/externalssd/devitems/teamsmeetingplugin/node_modules/jest-runner/build/testWorker.js:106:12)</failure>
    </testcase>
    <testcase classname="AudioProcessor Audio Capture should not start capture if already capturing" name="AudioProcessor Audio Capture should not start capture if already capturing" time="0.001">
      <failure>Error: Audio initialization failed: window is not defined
    at AudioProcessor.initialize (/Volumes/externalssd/devitems/teamsmeetingplugin/src/client/components/AudioProcessor.js:45:13)
    at Object.initialize (/Volumes/externalssd/devitems/teamsmeetingplugin/src/client/components/__tests__/AudioProcessor.test.js:124:28)
    at Promise.then.completed (/Volumes/externalssd/devitems/teamsmeetingplugin/node_modules/jest-circus/build/utils.js:298:28)
    at new Promise (&lt;anonymous&gt;)
    at callAsyncCircusFn (/Volumes/externalssd/devitems/teamsmeetingplugin/node_modules/jest-circus/build/utils.js:231:10)
    at _callCircusHook (/Volumes/externalssd/devitems/teamsmeetingplugin/node_modules/jest-circus/build/run.js:281:40)
    at processTicksAndRejections (node:internal/process/task_queues:105:5)
    at _runTest (/Volumes/externalssd/devitems/teamsmeetingplugin/node_modules/jest-circus/build/run.js:246:5)
    at _runTestsForDescribeBlock (/Volumes/externalssd/devitems/teamsmeetingplugin/node_modules/jest-circus/build/run.js:126:9)
    at _runTestsForDescribeBlock (/Volumes/externalssd/devitems/teamsmeetingplugin/node_modules/jest-circus/build/run.js:121:9)
    at _runTestsForDescribeBlock (/Volumes/externalssd/devitems/teamsmeetingplugin/node_modules/jest-circus/build/run.js:121:9)
    at run (/Volumes/externalssd/devitems/teamsmeetingplugin/node_modules/jest-circus/build/run.js:71:3)
    at runAndTransformResultsToJestFormat (/Volumes/externalssd/devitems/teamsmeetingplugin/node_modules/jest-circus/build/legacy-code-todo-rewrite/jestAdapterInit.js:122:21)
    at jestAdapter (/Volumes/externalssd/devitems/teamsmeetingplugin/node_modules/jest-circus/build/legacy-code-todo-rewrite/jestAdapter.js:79:19)
    at runTestInternal (/Volumes/externalssd/devitems/teamsmeetingplugin/node_modules/jest-runner/build/runTest.js:367:16)
    at runTest (/Volumes/externalssd/devitems/teamsmeetingplugin/node_modules/jest-runner/build/runTest.js:444:34)
    at Object.worker (/Volumes/externalssd/devitems/teamsmeetingplugin/node_modules/jest-runner/build/testWorker.js:106:12)</failure>
    </testcase>
    <testcase classname="AudioProcessor Audio Capture should fail to start capture without initialization" name="AudioProcessor Audio Capture should fail to start capture without initialization" time="0">
      <failure>Error: Audio initialization failed: window is not defined
    at AudioProcessor.initialize (/Volumes/externalssd/devitems/teamsmeetingplugin/src/client/components/AudioProcessor.js:45:13)
    at Object.initialize (/Volumes/externalssd/devitems/teamsmeetingplugin/src/client/components/__tests__/AudioProcessor.test.js:124:28)
    at Promise.then.completed (/Volumes/externalssd/devitems/teamsmeetingplugin/node_modules/jest-circus/build/utils.js:298:28)
    at new Promise (&lt;anonymous&gt;)
    at callAsyncCircusFn (/Volumes/externalssd/devitems/teamsmeetingplugin/node_modules/jest-circus/build/utils.js:231:10)
    at _callCircusHook (/Volumes/externalssd/devitems/teamsmeetingplugin/node_modules/jest-circus/build/run.js:281:40)
    at processTicksAndRejections (node:internal/process/task_queues:105:5)
    at _runTest (/Volumes/externalssd/devitems/teamsmeetingplugin/node_modules/jest-circus/build/run.js:246:5)
    at _runTestsForDescribeBlock (/Volumes/externalssd/devitems/teamsmeetingplugin/node_modules/jest-circus/build/run.js:126:9)
    at _runTestsForDescribeBlock (/Volumes/externalssd/devitems/teamsmeetingplugin/node_modules/jest-circus/build/run.js:121:9)
    at _runTestsForDescribeBlock (/Volumes/externalssd/devitems/teamsmeetingplugin/node_modules/jest-circus/build/run.js:121:9)
    at run (/Volumes/externalssd/devitems/teamsmeetingplugin/node_modules/jest-circus/build/run.js:71:3)
    at runAndTransformResultsToJestFormat (/Volumes/externalssd/devitems/teamsmeetingplugin/node_modules/jest-circus/build/legacy-code-todo-rewrite/jestAdapterInit.js:122:21)
    at jestAdapter (/Volumes/externalssd/devitems/teamsmeetingplugin/node_modules/jest-circus/build/legacy-code-todo-rewrite/jestAdapter.js:79:19)
    at runTestInternal (/Volumes/externalssd/devitems/teamsmeetingplugin/node_modules/jest-runner/build/runTest.js:367:16)
    at runTest (/Volumes/externalssd/devitems/teamsmeetingplugin/node_modules/jest-runner/build/runTest.js:444:34)
    at Object.worker (/Volumes/externalssd/devitems/teamsmeetingplugin/node_modules/jest-runner/build/testWorker.js:106:12)</failure>
    </testcase>
    <testcase classname="AudioProcessor Audio Capture should stop audio capture successfully" name="AudioProcessor Audio Capture should stop audio capture successfully" time="0">
      <failure>Error: Audio initialization failed: window is not defined
    at AudioProcessor.initialize (/Volumes/externalssd/devitems/teamsmeetingplugin/src/client/components/AudioProcessor.js:45:13)
    at Object.initialize (/Volumes/externalssd/devitems/teamsmeetingplugin/src/client/components/__tests__/AudioProcessor.test.js:124:28)
    at Promise.then.completed (/Volumes/externalssd/devitems/teamsmeetingplugin/node_modules/jest-circus/build/utils.js:298:28)
    at new Promise (&lt;anonymous&gt;)
    at callAsyncCircusFn (/Volumes/externalssd/devitems/teamsmeetingplugin/node_modules/jest-circus/build/utils.js:231:10)
    at _callCircusHook (/Volumes/externalssd/devitems/teamsmeetingplugin/node_modules/jest-circus/build/run.js:281:40)
    at processTicksAndRejections (node:internal/process/task_queues:105:5)
    at _runTest (/Volumes/externalssd/devitems/teamsmeetingplugin/node_modules/jest-circus/build/run.js:246:5)
    at _runTestsForDescribeBlock (/Volumes/externalssd/devitems/teamsmeetingplugin/node_modules/jest-circus/build/run.js:126:9)
    at _runTestsForDescribeBlock (/Volumes/externalssd/devitems/teamsmeetingplugin/node_modules/jest-circus/build/run.js:121:9)
    at _runTestsForDescribeBlock (/Volumes/externalssd/devitems/teamsmeetingplugin/node_modules/jest-circus/build/run.js:121:9)
    at run (/Volumes/externalssd/devitems/teamsmeetingplugin/node_modules/jest-circus/build/run.js:71:3)
    at runAndTransformResultsToJestFormat (/Volumes/externalssd/devitems/teamsmeetingplugin/node_modules/jest-circus/build/legacy-code-todo-rewrite/jestAdapterInit.js:122:21)
    at jestAdapter (/Volumes/externalssd/devitems/teamsmeetingplugin/node_modules/jest-circus/build/legacy-code-todo-rewrite/jestAdapter.js:79:19)
    at runTestInternal (/Volumes/externalssd/devitems/teamsmeetingplugin/node_modules/jest-runner/build/runTest.js:367:16)
    at runTest (/Volumes/externalssd/devitems/teamsmeetingplugin/node_modules/jest-runner/build/runTest.js:444:34)
    at Object.worker (/Volumes/externalssd/devitems/teamsmeetingplugin/node_modules/jest-runner/build/testWorker.js:106:12)</failure>
    </testcase>
    <testcase classname="AudioProcessor Audio Processing should process audio data correctly" name="AudioProcessor Audio Processing should process audio data correctly" time="0">
      <failure>Error: Audio initialization failed: window is not defined
    at AudioProcessor.initialize (/Volumes/externalssd/devitems/teamsmeetingplugin/src/client/components/AudioProcessor.js:45:13)
    at Object.initialize (/Volumes/externalssd/devitems/teamsmeetingplugin/src/client/components/__tests__/AudioProcessor.test.js:176:28)
    at Promise.then.completed (/Volumes/externalssd/devitems/teamsmeetingplugin/node_modules/jest-circus/build/utils.js:298:28)
    at new Promise (&lt;anonymous&gt;)
    at callAsyncCircusFn (/Volumes/externalssd/devitems/teamsmeetingplugin/node_modules/jest-circus/build/utils.js:231:10)
    at _callCircusHook (/Volumes/externalssd/devitems/teamsmeetingplugin/node_modules/jest-circus/build/run.js:281:40)
    at processTicksAndRejections (node:internal/process/task_queues:105:5)
    at _runTest (/Volumes/externalssd/devitems/teamsmeetingplugin/node_modules/jest-circus/build/run.js:246:5)
    at _runTestsForDescribeBlock (/Volumes/externalssd/devitems/teamsmeetingplugin/node_modules/jest-circus/build/run.js:126:9)
    at _runTestsForDescribeBlock (/Volumes/externalssd/devitems/teamsmeetingplugin/node_modules/jest-circus/build/run.js:121:9)
    at _runTestsForDescribeBlock (/Volumes/externalssd/devitems/teamsmeetingplugin/node_modules/jest-circus/build/run.js:121:9)
    at run (/Volumes/externalssd/devitems/teamsmeetingplugin/node_modules/jest-circus/build/run.js:71:3)
    at runAndTransformResultsToJestFormat (/Volumes/externalssd/devitems/teamsmeetingplugin/node_modules/jest-circus/build/legacy-code-todo-rewrite/jestAdapterInit.js:122:21)
    at jestAdapter (/Volumes/externalssd/devitems/teamsmeetingplugin/node_modules/jest-circus/build/legacy-code-todo-rewrite/jestAdapter.js:79:19)
    at runTestInternal (/Volumes/externalssd/devitems/teamsmeetingplugin/node_modules/jest-runner/build/runTest.js:367:16)
    at runTest (/Volumes/externalssd/devitems/teamsmeetingplugin/node_modules/jest-runner/build/runTest.js:444:34)
    at Object.worker (/Volumes/externalssd/devitems/teamsmeetingplugin/node_modules/jest-runner/build/testWorker.js:106:12)</failure>
    </testcase>
    <testcase classname="AudioProcessor Audio Processing should manage buffer size correctly" name="AudioProcessor Audio Processing should manage buffer size correctly" time="0">
      <failure>Error: Audio initialization failed: window is not defined
    at AudioProcessor.initialize (/Volumes/externalssd/devitems/teamsmeetingplugin/src/client/components/AudioProcessor.js:45:13)
    at Object.initialize (/Volumes/externalssd/devitems/teamsmeetingplugin/src/client/components/__tests__/AudioProcessor.test.js:176:28)
    at Promise.then.completed (/Volumes/externalssd/devitems/teamsmeetingplugin/node_modules/jest-circus/build/utils.js:298:28)
    at new Promise (&lt;anonymous&gt;)
    at callAsyncCircusFn (/Volumes/externalssd/devitems/teamsmeetingplugin/node_modules/jest-circus/build/utils.js:231:10)
    at _callCircusHook (/Volumes/externalssd/devitems/teamsmeetingplugin/node_modules/jest-circus/build/run.js:281:40)
    at processTicksAndRejections (node:internal/process/task_queues:105:5)
    at _runTest (/Volumes/externalssd/devitems/teamsmeetingplugin/node_modules/jest-circus/build/run.js:246:5)
    at _runTestsForDescribeBlock (/Volumes/externalssd/devitems/teamsmeetingplugin/node_modules/jest-circus/build/run.js:126:9)
    at _runTestsForDescribeBlock (/Volumes/externalssd/devitems/teamsmeetingplugin/node_modules/jest-circus/build/run.js:121:9)
    at _runTestsForDescribeBlock (/Volumes/externalssd/devitems/teamsmeetingplugin/node_modules/jest-circus/build/run.js:121:9)
    at run (/Volumes/externalssd/devitems/teamsmeetingplugin/node_modules/jest-circus/build/run.js:71:3)
    at runAndTransformResultsToJestFormat (/Volumes/externalssd/devitems/teamsmeetingplugin/node_modules/jest-circus/build/legacy-code-todo-rewrite/jestAdapterInit.js:122:21)
    at jestAdapter (/Volumes/externalssd/devitems/teamsmeetingplugin/node_modules/jest-circus/build/legacy-code-todo-rewrite/jestAdapter.js:79:19)
    at runTestInternal (/Volumes/externalssd/devitems/teamsmeetingplugin/node_modules/jest-runner/build/runTest.js:367:16)
    at runTest (/Volumes/externalssd/devitems/teamsmeetingplugin/node_modules/jest-runner/build/runTest.js:444:34)
    at Object.worker (/Volumes/externalssd/devitems/teamsmeetingplugin/node_modules/jest-runner/build/testWorker.js:106:12)</failure>
    </testcase>
    <testcase classname="AudioProcessor Audio Quality Assessment should assess audio quality" name="AudioProcessor Audio Quality Assessment should assess audio quality" time="0">
      <failure>Error: Audio initialization failed: window is not defined
    at AudioProcessor.initialize (/Volumes/externalssd/devitems/teamsmeetingplugin/src/client/components/AudioProcessor.js:45:13)
    at Object.initialize (/Volumes/externalssd/devitems/teamsmeetingplugin/src/client/components/__tests__/AudioProcessor.test.js:218:28)
    at Promise.then.completed (/Volumes/externalssd/devitems/teamsmeetingplugin/node_modules/jest-circus/build/utils.js:298:28)
    at new Promise (&lt;anonymous&gt;)
    at callAsyncCircusFn (/Volumes/externalssd/devitems/teamsmeetingplugin/node_modules/jest-circus/build/utils.js:231:10)
    at _callCircusHook (/Volumes/externalssd/devitems/teamsmeetingplugin/node_modules/jest-circus/build/run.js:281:40)
    at processTicksAndRejections (node:internal/process/task_queues:105:5)
    at _runTest (/Volumes/externalssd/devitems/teamsmeetingplugin/node_modules/jest-circus/build/run.js:246:5)
    at _runTestsForDescribeBlock (/Volumes/externalssd/devitems/teamsmeetingplugin/node_modules/jest-circus/build/run.js:126:9)
    at _runTestsForDescribeBlock (/Volumes/externalssd/devitems/teamsmeetingplugin/node_modules/jest-circus/build/run.js:121:9)
    at _runTestsForDescribeBlock (/Volumes/externalssd/devitems/teamsmeetingplugin/node_modules/jest-circus/build/run.js:121:9)
    at run (/Volumes/externalssd/devitems/teamsmeetingplugin/node_modules/jest-circus/build/run.js:71:3)
    at runAndTransformResultsToJestFormat (/Volumes/externalssd/devitems/teamsmeetingplugin/node_modules/jest-circus/build/legacy-code-todo-rewrite/jestAdapterInit.js:122:21)
    at jestAdapter (/Volumes/externalssd/devitems/teamsmeetingplugin/node_modules/jest-circus/build/legacy-code-todo-rewrite/jestAdapter.js:79:19)
    at runTestInternal (/Volumes/externalssd/devitems/teamsmeetingplugin/node_modules/jest-runner/build/runTest.js:367:16)
    at runTest (/Volumes/externalssd/devitems/teamsmeetingplugin/node_modules/jest-runner/build/runTest.js:444:34)
    at Object.worker (/Volumes/externalssd/devitems/teamsmeetingplugin/node_modules/jest-runner/build/testWorker.js:106:12)</failure>
    </testcase>
    <testcase classname="AudioProcessor Audio Quality Assessment should determine if quality is sufficient" name="AudioProcessor Audio Quality Assessment should determine if quality is sufficient" time="0">
      <failure>Error: Audio initialization failed: window is not defined
    at AudioProcessor.initialize (/Volumes/externalssd/devitems/teamsmeetingplugin/src/client/components/AudioProcessor.js:45:13)
    at Object.initialize (/Volumes/externalssd/devitems/teamsmeetingplugin/src/client/components/__tests__/AudioProcessor.test.js:218:28)
    at Promise.then.completed (/Volumes/externalssd/devitems/teamsmeetingplugin/node_modules/jest-circus/build/utils.js:298:28)
    at new Promise (&lt;anonymous&gt;)
    at callAsyncCircusFn (/Volumes/externalssd/devitems/teamsmeetingplugin/node_modules/jest-circus/build/utils.js:231:10)
    at _callCircusHook (/Volumes/externalssd/devitems/teamsmeetingplugin/node_modules/jest-circus/build/run.js:281:40)
    at processTicksAndRejections (node:internal/process/task_queues:105:5)
    at _runTest (/Volumes/externalssd/devitems/teamsmeetingplugin/node_modules/jest-circus/build/run.js:246:5)
    at _runTestsForDescribeBlock (/Volumes/externalssd/devitems/teamsmeetingplugin/node_modules/jest-circus/build/run.js:126:9)
    at _runTestsForDescribeBlock (/Volumes/externalssd/devitems/teamsmeetingplugin/node_modules/jest-circus/build/run.js:121:9)
    at _runTestsForDescribeBlock (/Volumes/externalssd/devitems/teamsmeetingplugin/node_modules/jest-circus/build/run.js:121:9)
    at run (/Volumes/externalssd/devitems/teamsmeetingplugin/node_modules/jest-circus/build/run.js:71:3)
    at runAndTransformResultsToJestFormat (/Volumes/externalssd/devitems/teamsmeetingplugin/node_modules/jest-circus/build/legacy-code-todo-rewrite/jestAdapterInit.js:122:21)
    at jestAdapter (/Volumes/externalssd/devitems/teamsmeetingplugin/node_modules/jest-circus/build/legacy-code-todo-rewrite/jestAdapter.js:79:19)
    at runTestInternal (/Volumes/externalssd/devitems/teamsmeetingplugin/node_modules/jest-runner/build/runTest.js:367:16)
    at runTest (/Volumes/externalssd/devitems/teamsmeetingplugin/node_modules/jest-runner/build/runTest.js:444:34)
    at Object.worker (/Volumes/externalssd/devitems/teamsmeetingplugin/node_modules/jest-runner/build/testWorker.js:106:12)</failure>
    </testcase>
    <testcase classname="AudioProcessor Audio Preprocessing should normalize audio correctly" name="AudioProcessor Audio Preprocessing should normalize audio correctly" time="0">
      <failure>Error: Audio initialization failed: window is not defined
    at AudioProcessor.initialize (/Volumes/externalssd/devitems/teamsmeetingplugin/src/client/components/AudioProcessor.js:45:13)
    at Object.initialize (/Volumes/externalssd/devitems/teamsmeetingplugin/src/client/components/__tests__/AudioProcessor.test.js:268:28)
    at Promise.then.completed (/Volumes/externalssd/devitems/teamsmeetingplugin/node_modules/jest-circus/build/utils.js:298:28)
    at new Promise (&lt;anonymous&gt;)
    at callAsyncCircusFn (/Volumes/externalssd/devitems/teamsmeetingplugin/node_modules/jest-circus/build/utils.js:231:10)
    at _callCircusHook (/Volumes/externalssd/devitems/teamsmeetingplugin/node_modules/jest-circus/build/run.js:281:40)
    at processTicksAndRejections (node:internal/process/task_queues:105:5)
    at _runTest (/Volumes/externalssd/devitems/teamsmeetingplugin/node_modules/jest-circus/build/run.js:246:5)
    at _runTestsForDescribeBlock (/Volumes/externalssd/devitems/teamsmeetingplugin/node_modules/jest-circus/build/run.js:126:9)
    at _runTestsForDescribeBlock (/Volumes/externalssd/devitems/teamsmeetingplugin/node_modules/jest-circus/build/run.js:121:9)
    at _runTestsForDescribeBlock (/Volumes/externalssd/devitems/teamsmeetingplugin/node_modules/jest-circus/build/run.js:121:9)
    at run (/Volumes/externalssd/devitems/teamsmeetingplugin/node_modules/jest-circus/build/run.js:71:3)
    at runAndTransformResultsToJestFormat (/Volumes/externalssd/devitems/teamsmeetingplugin/node_modules/jest-circus/build/legacy-code-todo-rewrite/jestAdapterInit.js:122:21)
    at jestAdapter (/Volumes/externalssd/devitems/teamsmeetingplugin/node_modules/jest-circus/build/legacy-code-todo-rewrite/jestAdapter.js:79:19)
    at runTestInternal (/Volumes/externalssd/devitems/teamsmeetingplugin/node_modules/jest-runner/build/runTest.js:367:16)
    at runTest (/Volumes/externalssd/devitems/teamsmeetingplugin/node_modules/jest-runner/build/runTest.js:444:34)
    at Object.worker (/Volumes/externalssd/devitems/teamsmeetingplugin/node_modules/jest-runner/build/testWorker.js:106:12)</failure>
    </testcase>
    <testcase classname="AudioProcessor Audio Preprocessing should apply noise gate correctly" name="AudioProcessor Audio Preprocessing should apply noise gate correctly" time="0">
      <failure>Error: Audio initialization failed: window is not defined
    at AudioProcessor.initialize (/Volumes/externalssd/devitems/teamsmeetingplugin/src/client/components/AudioProcessor.js:45:13)
    at Object.initialize (/Volumes/externalssd/devitems/teamsmeetingplugin/src/client/components/__tests__/AudioProcessor.test.js:268:28)
    at Promise.then.completed (/Volumes/externalssd/devitems/teamsmeetingplugin/node_modules/jest-circus/build/utils.js:298:28)
    at new Promise (&lt;anonymous&gt;)
    at callAsyncCircusFn (/Volumes/externalssd/devitems/teamsmeetingplugin/node_modules/jest-circus/build/utils.js:231:10)
    at _callCircusHook (/Volumes/externalssd/devitems/teamsmeetingplugin/node_modules/jest-circus/build/run.js:281:40)
    at processTicksAndRejections (node:internal/process/task_queues:105:5)
    at _runTest (/Volumes/externalssd/devitems/teamsmeetingplugin/node_modules/jest-circus/build/run.js:246:5)
    at _runTestsForDescribeBlock (/Volumes/externalssd/devitems/teamsmeetingplugin/node_modules/jest-circus/build/run.js:126:9)
    at _runTestsForDescribeBlock (/Volumes/externalssd/devitems/teamsmeetingplugin/node_modules/jest-circus/build/run.js:121:9)
    at _runTestsForDescribeBlock (/Volumes/externalssd/devitems/teamsmeetingplugin/node_modules/jest-circus/build/run.js:121:9)
    at run (/Volumes/externalssd/devitems/teamsmeetingplugin/node_modules/jest-circus/build/run.js:71:3)
    at runAndTransformResultsToJestFormat (/Volumes/externalssd/devitems/teamsmeetingplugin/node_modules/jest-circus/build/legacy-code-todo-rewrite/jestAdapterInit.js:122:21)
    at jestAdapter (/Volumes/externalssd/devitems/teamsmeetingplugin/node_modules/jest-circus/build/legacy-code-todo-rewrite/jestAdapter.js:79:19)
    at runTestInternal (/Volumes/externalssd/devitems/teamsmeetingplugin/node_modules/jest-runner/build/runTest.js:367:16)
    at runTest (/Volumes/externalssd/devitems/teamsmeetingplugin/node_modules/jest-runner/build/runTest.js:444:34)
    at Object.worker (/Volumes/externalssd/devitems/teamsmeetingplugin/node_modules/jest-runner/build/testWorker.js:106:12)</failure>
    </testcase>
    <testcase classname="AudioProcessor Audio Preprocessing should preprocess audio with normalization and noise gate" name="AudioProcessor Audio Preprocessing should preprocess audio with normalization and noise gate" time="0">
      <failure>Error: Audio initialization failed: window is not defined
    at AudioProcessor.initialize (/Volumes/externalssd/devitems/teamsmeetingplugin/src/client/components/AudioProcessor.js:45:13)
    at Object.initialize (/Volumes/externalssd/devitems/teamsmeetingplugin/src/client/components/__tests__/AudioProcessor.test.js:268:28)
    at Promise.then.completed (/Volumes/externalssd/devitems/teamsmeetingplugin/node_modules/jest-circus/build/utils.js:298:28)
    at new Promise (&lt;anonymous&gt;)
    at callAsyncCircusFn (/Volumes/externalssd/devitems/teamsmeetingplugin/node_modules/jest-circus/build/utils.js:231:10)
    at _callCircusHook (/Volumes/externalssd/devitems/teamsmeetingplugin/node_modules/jest-circus/build/run.js:281:40)
    at processTicksAndRejections (node:internal/process/task_queues:105:5)
    at _runTest (/Volumes/externalssd/devitems/teamsmeetingplugin/node_modules/jest-circus/build/run.js:246:5)
    at _runTestsForDescribeBlock (/Volumes/externalssd/devitems/teamsmeetingplugin/node_modules/jest-circus/build/run.js:126:9)
    at _runTestsForDescribeBlock (/Volumes/externalssd/devitems/teamsmeetingplugin/node_modules/jest-circus/build/run.js:121:9)
    at _runTestsForDescribeBlock (/Volumes/externalssd/devitems/teamsmeetingplugin/node_modules/jest-circus/build/run.js:121:9)
    at run (/Volumes/externalssd/devitems/teamsmeetingplugin/node_modules/jest-circus/build/run.js:71:3)
    at runAndTransformResultsToJestFormat (/Volumes/externalssd/devitems/teamsmeetingplugin/node_modules/jest-circus/build/legacy-code-todo-rewrite/jestAdapterInit.js:122:21)
    at jestAdapter (/Volumes/externalssd/devitems/teamsmeetingplugin/node_modules/jest-circus/build/legacy-code-todo-rewrite/jestAdapter.js:79:19)
    at runTestInternal (/Volumes/externalssd/devitems/teamsmeetingplugin/node_modules/jest-runner/build/runTest.js:367:16)
    at runTest (/Volumes/externalssd/devitems/teamsmeetingplugin/node_modules/jest-runner/build/runTest.js:444:34)
    at Object.worker (/Volumes/externalssd/devitems/teamsmeetingplugin/node_modules/jest-runner/build/testWorker.js:106:12)</failure>
    </testcase>
    <testcase classname="AudioProcessor Audio Segment Management should combine audio segments correctly" name="AudioProcessor Audio Segment Management should combine audio segments correctly" time="0">
      <failure>Error: Audio initialization failed: window is not defined
    at AudioProcessor.initialize (/Volumes/externalssd/devitems/teamsmeetingplugin/src/client/components/AudioProcessor.js:45:13)
    at Object.initialize (/Volumes/externalssd/devitems/teamsmeetingplugin/src/client/components/__tests__/AudioProcessor.test.js:319:28)
    at Promise.then.completed (/Volumes/externalssd/devitems/teamsmeetingplugin/node_modules/jest-circus/build/utils.js:298:28)
    at new Promise (&lt;anonymous&gt;)
    at callAsyncCircusFn (/Volumes/externalssd/devitems/teamsmeetingplugin/node_modules/jest-circus/build/utils.js:231:10)
    at _callCircusHook (/Volumes/externalssd/devitems/teamsmeetingplugin/node_modules/jest-circus/build/run.js:281:40)
    at processTicksAndRejections (node:internal/process/task_queues:105:5)
    at _runTest (/Volumes/externalssd/devitems/teamsmeetingplugin/node_modules/jest-circus/build/run.js:246:5)
    at _runTestsForDescribeBlock (/Volumes/externalssd/devitems/teamsmeetingplugin/node_modules/jest-circus/build/run.js:126:9)
    at _runTestsForDescribeBlock (/Volumes/externalssd/devitems/teamsmeetingplugin/node_modules/jest-circus/build/run.js:121:9)
    at _runTestsForDescribeBlock (/Volumes/externalssd/devitems/teamsmeetingplugin/node_modules/jest-circus/build/run.js:121:9)
    at run (/Volumes/externalssd/devitems/teamsmeetingplugin/node_modules/jest-circus/build/run.js:71:3)
    at runAndTransformResultsToJestFormat (/Volumes/externalssd/devitems/teamsmeetingplugin/node_modules/jest-circus/build/legacy-code-todo-rewrite/jestAdapterInit.js:122:21)
    at jestAdapter (/Volumes/externalssd/devitems/teamsmeetingplugin/node_modules/jest-circus/build/legacy-code-todo-rewrite/jestAdapter.js:79:19)
    at runTestInternal (/Volumes/externalssd/devitems/teamsmeetingplugin/node_modules/jest-runner/build/runTest.js:367:16)
    at runTest (/Volumes/externalssd/devitems/teamsmeetingplugin/node_modules/jest-runner/build/runTest.js:444:34)
    at Object.worker (/Volumes/externalssd/devitems/teamsmeetingplugin/node_modules/jest-runner/build/testWorker.js:106:12)</failure>
    </testcase>
    <testcase classname="AudioProcessor Audio Segment Management should return null for empty segments" name="AudioProcessor Audio Segment Management should return null for empty segments" time="0">
      <failure>Error: Audio initialization failed: window is not defined
    at AudioProcessor.initialize (/Volumes/externalssd/devitems/teamsmeetingplugin/src/client/components/AudioProcessor.js:45:13)
    at Object.initialize (/Volumes/externalssd/devitems/teamsmeetingplugin/src/client/components/__tests__/AudioProcessor.test.js:319:28)
    at Promise.then.completed (/Volumes/externalssd/devitems/teamsmeetingplugin/node_modules/jest-circus/build/utils.js:298:28)
    at new Promise (&lt;anonymous&gt;)
    at callAsyncCircusFn (/Volumes/externalssd/devitems/teamsmeetingplugin/node_modules/jest-circus/build/utils.js:231:10)
    at _callCircusHook (/Volumes/externalssd/devitems/teamsmeetingplugin/node_modules/jest-circus/build/run.js:281:40)
    at processTicksAndRejections (node:internal/process/task_queues:105:5)
    at _runTest (/Volumes/externalssd/devitems/teamsmeetingplugin/node_modules/jest-circus/build/run.js:246:5)
    at _runTestsForDescribeBlock (/Volumes/externalssd/devitems/teamsmeetingplugin/node_modules/jest-circus/build/run.js:126:9)
    at _runTestsForDescribeBlock (/Volumes/externalssd/devitems/teamsmeetingplugin/node_modules/jest-circus/build/run.js:121:9)
    at _runTestsForDescribeBlock (/Volumes/externalssd/devitems/teamsmeetingplugin/node_modules/jest-circus/build/run.js:121:9)
    at run (/Volumes/externalssd/devitems/teamsmeetingplugin/node_modules/jest-circus/build/run.js:71:3)
    at runAndTransformResultsToJestFormat (/Volumes/externalssd/devitems/teamsmeetingplugin/node_modules/jest-circus/build/legacy-code-todo-rewrite/jestAdapterInit.js:122:21)
    at jestAdapter (/Volumes/externalssd/devitems/teamsmeetingplugin/node_modules/jest-circus/build/legacy-code-todo-rewrite/jestAdapter.js:79:19)
    at runTestInternal (/Volumes/externalssd/devitems/teamsmeetingplugin/node_modules/jest-runner/build/runTest.js:367:16)
    at runTest (/Volumes/externalssd/devitems/teamsmeetingplugin/node_modules/jest-runner/build/runTest.js:444:34)
    at Object.worker (/Volumes/externalssd/devitems/teamsmeetingplugin/node_modules/jest-runner/build/testWorker.js:106:12)</failure>
    </testcase>
    <testcase classname="AudioProcessor Audio Segment Management should get audio segment for transcription" name="AudioProcessor Audio Segment Management should get audio segment for transcription" time="0">
      <failure>Error: Audio initialization failed: window is not defined
    at AudioProcessor.initialize (/Volumes/externalssd/devitems/teamsmeetingplugin/src/client/components/AudioProcessor.js:45:13)
    at Object.initialize (/Volumes/externalssd/devitems/teamsmeetingplugin/src/client/components/__tests__/AudioProcessor.test.js:319:28)
    at Promise.then.completed (/Volumes/externalssd/devitems/teamsmeetingplugin/node_modules/jest-circus/build/utils.js:298:28)
    at new Promise (&lt;anonymous&gt;)
    at callAsyncCircusFn (/Volumes/externalssd/devitems/teamsmeetingplugin/node_modules/jest-circus/build/utils.js:231:10)
    at _callCircusHook (/Volumes/externalssd/devitems/teamsmeetingplugin/node_modules/jest-circus/build/run.js:281:40)
    at processTicksAndRejections (node:internal/process/task_queues:105:5)
    at _runTest (/Volumes/externalssd/devitems/teamsmeetingplugin/node_modules/jest-circus/build/run.js:246:5)
    at _runTestsForDescribeBlock (/Volumes/externalssd/devitems/teamsmeetingplugin/node_modules/jest-circus/build/run.js:126:9)
    at _runTestsForDescribeBlock (/Volumes/externalssd/devitems/teamsmeetingplugin/node_modules/jest-circus/build/run.js:121:9)
    at _runTestsForDescribeBlock (/Volumes/externalssd/devitems/teamsmeetingplugin/node_modules/jest-circus/build/run.js:121:9)
    at run (/Volumes/externalssd/devitems/teamsmeetingplugin/node_modules/jest-circus/build/run.js:71:3)
    at runAndTransformResultsToJestFormat (/Volumes/externalssd/devitems/teamsmeetingplugin/node_modules/jest-circus/build/legacy-code-todo-rewrite/jestAdapterInit.js:122:21)
    at jestAdapter (/Volumes/externalssd/devitems/teamsmeetingplugin/node_modules/jest-circus/build/legacy-code-todo-rewrite/jestAdapter.js:79:19)
    at runTestInternal (/Volumes/externalssd/devitems/teamsmeetingplugin/node_modules/jest-runner/build/runTest.js:367:16)
    at runTest (/Volumes/externalssd/devitems/teamsmeetingplugin/node_modules/jest-runner/build/runTest.js:444:34)
    at Object.worker (/Volumes/externalssd/devitems/teamsmeetingplugin/node_modules/jest-runner/build/testWorker.js:106:12)</failure>
    </testcase>
    <testcase classname="AudioProcessor Audio Segment Management should return null when no audio segments available" name="AudioProcessor Audio Segment Management should return null when no audio segments available" time="0">
      <failure>Error: Audio initialization failed: window is not defined
    at AudioProcessor.initialize (/Volumes/externalssd/devitems/teamsmeetingplugin/src/client/components/AudioProcessor.js:45:13)
    at Object.initialize (/Volumes/externalssd/devitems/teamsmeetingplugin/src/client/components/__tests__/AudioProcessor.test.js:319:28)
    at Promise.then.completed (/Volumes/externalssd/devitems/teamsmeetingplugin/node_modules/jest-circus/build/utils.js:298:28)
    at new Promise (&lt;anonymous&gt;)
    at callAsyncCircusFn (/Volumes/externalssd/devitems/teamsmeetingplugin/node_modules/jest-circus/build/utils.js:231:10)
    at _callCircusHook (/Volumes/externalssd/devitems/teamsmeetingplugin/node_modules/jest-circus/build/run.js:281:40)
    at processTicksAndRejections (node:internal/process/task_queues:105:5)
    at _runTest (/Volumes/externalssd/devitems/teamsmeetingplugin/node_modules/jest-circus/build/run.js:246:5)
    at _runTestsForDescribeBlock (/Volumes/externalssd/devitems/teamsmeetingplugin/node_modules/jest-circus/build/run.js:126:9)
    at _runTestsForDescribeBlock (/Volumes/externalssd/devitems/teamsmeetingplugin/node_modules/jest-circus/build/run.js:121:9)
    at _runTestsForDescribeBlock (/Volumes/externalssd/devitems/teamsmeetingplugin/node_modules/jest-circus/build/run.js:121:9)
    at run (/Volumes/externalssd/devitems/teamsmeetingplugin/node_modules/jest-circus/build/run.js:71:3)
    at runAndTransformResultsToJestFormat (/Volumes/externalssd/devitems/teamsmeetingplugin/node_modules/jest-circus/build/legacy-code-todo-rewrite/jestAdapterInit.js:122:21)
    at jestAdapter (/Volumes/externalssd/devitems/teamsmeetingplugin/node_modules/jest-circus/build/legacy-code-todo-rewrite/jestAdapter.js:79:19)
    at runTestInternal (/Volumes/externalssd/devitems/teamsmeetingplugin/node_modules/jest-runner/build/runTest.js:367:16)
    at runTest (/Volumes/externalssd/devitems/teamsmeetingplugin/node_modules/jest-runner/build/runTest.js:444:34)
    at Object.worker (/Volumes/externalssd/devitems/teamsmeetingplugin/node_modules/jest-runner/build/testWorker.js:106:12)</failure>
    </testcase>
    <testcase classname="AudioProcessor Event Handling should add and remove event listeners" name="AudioProcessor Event Handling should add and remove event listeners" time="0">
      <failure>Error: Audio initialization failed: window is not defined
    at AudioProcessor.initialize (/Volumes/externalssd/devitems/teamsmeetingplugin/src/client/components/AudioProcessor.js:45:13)
    at Object.initialize (/Volumes/externalssd/devitems/teamsmeetingplugin/src/client/components/__tests__/AudioProcessor.test.js:365:28)
    at Promise.then.completed (/Volumes/externalssd/devitems/teamsmeetingplugin/node_modules/jest-circus/build/utils.js:298:28)
    at new Promise (&lt;anonymous&gt;)
    at callAsyncCircusFn (/Volumes/externalssd/devitems/teamsmeetingplugin/node_modules/jest-circus/build/utils.js:231:10)
    at _callCircusHook (/Volumes/externalssd/devitems/teamsmeetingplugin/node_modules/jest-circus/build/run.js:281:40)
    at processTicksAndRejections (node:internal/process/task_queues:105:5)
    at _runTest (/Volumes/externalssd/devitems/teamsmeetingplugin/node_modules/jest-circus/build/run.js:246:5)
    at _runTestsForDescribeBlock (/Volumes/externalssd/devitems/teamsmeetingplugin/node_modules/jest-circus/build/run.js:126:9)
    at _runTestsForDescribeBlock (/Volumes/externalssd/devitems/teamsmeetingplugin/node_modules/jest-circus/build/run.js:121:9)
    at _runTestsForDescribeBlock (/Volumes/externalssd/devitems/teamsmeetingplugin/node_modules/jest-circus/build/run.js:121:9)
    at run (/Volumes/externalssd/devitems/teamsmeetingplugin/node_modules/jest-circus/build/run.js:71:3)
    at runAndTransformResultsToJestFormat (/Volumes/externalssd/devitems/teamsmeetingplugin/node_modules/jest-circus/build/legacy-code-todo-rewrite/jestAdapterInit.js:122:21)
    at jestAdapter (/Volumes/externalssd/devitems/teamsmeetingplugin/node_modules/jest-circus/build/legacy-code-todo-rewrite/jestAdapter.js:79:19)
    at runTestInternal (/Volumes/externalssd/devitems/teamsmeetingplugin/node_modules/jest-runner/build/runTest.js:367:16)
    at runTest (/Volumes/externalssd/devitems/teamsmeetingplugin/node_modules/jest-runner/build/runTest.js:444:34)
    at Object.worker (/Volumes/externalssd/devitems/teamsmeetingplugin/node_modules/jest-runner/build/testWorker.js:106:12)</failure>
    </testcase>
    <testcase classname="AudioProcessor Event Handling should handle listener errors gracefully" name="AudioProcessor Event Handling should handle listener errors gracefully" time="0">
      <failure>Error: Audio initialization failed: window is not defined
    at AudioProcessor.initialize (/Volumes/externalssd/devitems/teamsmeetingplugin/src/client/components/AudioProcessor.js:45:13)
    at Object.initialize (/Volumes/externalssd/devitems/teamsmeetingplugin/src/client/components/__tests__/AudioProcessor.test.js:365:28)
    at Promise.then.completed (/Volumes/externalssd/devitems/teamsmeetingplugin/node_modules/jest-circus/build/utils.js:298:28)
    at new Promise (&lt;anonymous&gt;)
    at callAsyncCircusFn (/Volumes/externalssd/devitems/teamsmeetingplugin/node_modules/jest-circus/build/utils.js:231:10)
    at _callCircusHook (/Volumes/externalssd/devitems/teamsmeetingplugin/node_modules/jest-circus/build/run.js:281:40)
    at processTicksAndRejections (node:internal/process/task_queues:105:5)
    at _runTest (/Volumes/externalssd/devitems/teamsmeetingplugin/node_modules/jest-circus/build/run.js:246:5)
    at _runTestsForDescribeBlock (/Volumes/externalssd/devitems/teamsmeetingplugin/node_modules/jest-circus/build/run.js:126:9)
    at _runTestsForDescribeBlock (/Volumes/externalssd/devitems/teamsmeetingplugin/node_modules/jest-circus/build/run.js:121:9)
    at _runTestsForDescribeBlock (/Volumes/externalssd/devitems/teamsmeetingplugin/node_modules/jest-circus/build/run.js:121:9)
    at run (/Volumes/externalssd/devitems/teamsmeetingplugin/node_modules/jest-circus/build/run.js:71:3)
    at runAndTransformResultsToJestFormat (/Volumes/externalssd/devitems/teamsmeetingplugin/node_modules/jest-circus/build/legacy-code-todo-rewrite/jestAdapterInit.js:122:21)
    at jestAdapter (/Volumes/externalssd/devitems/teamsmeetingplugin/node_modules/jest-circus/build/legacy-code-todo-rewrite/jestAdapter.js:79:19)
    at runTestInternal (/Volumes/externalssd/devitems/teamsmeetingplugin/node_modules/jest-runner/build/runTest.js:367:16)
    at runTest (/Volumes/externalssd/devitems/teamsmeetingplugin/node_modules/jest-runner/build/runTest.js:444:34)
    at Object.worker (/Volumes/externalssd/devitems/teamsmeetingplugin/node_modules/jest-runner/build/testWorker.js:106:12)</failure>
    </testcase>
    <testcase classname="AudioProcessor Status and Cleanup should return correct status" name="AudioProcessor Status and Cleanup should return correct status" time="0.001">
      <failure>Error: Audio initialization failed: window is not defined
    at AudioProcessor.initialize (/Volumes/externalssd/devitems/teamsmeetingplugin/src/client/components/AudioProcessor.js:45:13)
    at Object.initialize (/Volumes/externalssd/devitems/teamsmeetingplugin/src/client/components/__tests__/AudioProcessor.test.js:405:28)
    at Promise.then.completed (/Volumes/externalssd/devitems/teamsmeetingplugin/node_modules/jest-circus/build/utils.js:298:28)
    at new Promise (&lt;anonymous&gt;)
    at callAsyncCircusFn (/Volumes/externalssd/devitems/teamsmeetingplugin/node_modules/jest-circus/build/utils.js:231:10)
    at _callCircusTest (/Volumes/externalssd/devitems/teamsmeetingplugin/node_modules/jest-circus/build/run.js:316:40)
    at processTicksAndRejections (node:internal/process/task_queues:105:5)
    at _runTest (/Volumes/externalssd/devitems/teamsmeetingplugin/node_modules/jest-circus/build/run.js:252:3)
    at _runTestsForDescribeBlock (/Volumes/externalssd/devitems/teamsmeetingplugin/node_modules/jest-circus/build/run.js:126:9)
    at _runTestsForDescribeBlock (/Volumes/externalssd/devitems/teamsmeetingplugin/node_modules/jest-circus/build/run.js:121:9)
    at _runTestsForDescribeBlock (/Volumes/externalssd/devitems/teamsmeetingplugin/node_modules/jest-circus/build/run.js:121:9)
    at run (/Volumes/externalssd/devitems/teamsmeetingplugin/node_modules/jest-circus/build/run.js:71:3)
    at runAndTransformResultsToJestFormat (/Volumes/externalssd/devitems/teamsmeetingplugin/node_modules/jest-circus/build/legacy-code-todo-rewrite/jestAdapterInit.js:122:21)
    at jestAdapter (/Volumes/externalssd/devitems/teamsmeetingplugin/node_modules/jest-circus/build/legacy-code-todo-rewrite/jestAdapter.js:79:19)
    at runTestInternal (/Volumes/externalssd/devitems/teamsmeetingplugin/node_modules/jest-runner/build/runTest.js:367:16)
    at runTest (/Volumes/externalssd/devitems/teamsmeetingplugin/node_modules/jest-runner/build/runTest.js:444:34)
    at Object.worker (/Volumes/externalssd/devitems/teamsmeetingplugin/node_modules/jest-runner/build/testWorker.js:106:12)</failure>
    </testcase>
    <testcase classname="AudioProcessor Status and Cleanup should cleanup resources properly" name="AudioProcessor Status and Cleanup should cleanup resources properly" time="0">
      <failure>Error: Audio initialization failed: window is not defined
    at AudioProcessor.initialize (/Volumes/externalssd/devitems/teamsmeetingplugin/src/client/components/AudioProcessor.js:45:13)
    at Object.initialize (/Volumes/externalssd/devitems/teamsmeetingplugin/src/client/components/__tests__/AudioProcessor.test.js:415:28)
    at Promise.then.completed (/Volumes/externalssd/devitems/teamsmeetingplugin/node_modules/jest-circus/build/utils.js:298:28)
    at new Promise (&lt;anonymous&gt;)
    at callAsyncCircusFn (/Volumes/externalssd/devitems/teamsmeetingplugin/node_modules/jest-circus/build/utils.js:231:10)
    at _callCircusTest (/Volumes/externalssd/devitems/teamsmeetingplugin/node_modules/jest-circus/build/run.js:316:40)
    at processTicksAndRejections (node:internal/process/task_queues:105:5)
    at _runTest (/Volumes/externalssd/devitems/teamsmeetingplugin/node_modules/jest-circus/build/run.js:252:3)
    at _runTestsForDescribeBlock (/Volumes/externalssd/devitems/teamsmeetingplugin/node_modules/jest-circus/build/run.js:126:9)
    at _runTestsForDescribeBlock (/Volumes/externalssd/devitems/teamsmeetingplugin/node_modules/jest-circus/build/run.js:121:9)
    at _runTestsForDescribeBlock (/Volumes/externalssd/devitems/teamsmeetingplugin/node_modules/jest-circus/build/run.js:121:9)
    at run (/Volumes/externalssd/devitems/teamsmeetingplugin/node_modules/jest-circus/build/run.js:71:3)
    at runAndTransformResultsToJestFormat (/Volumes/externalssd/devitems/teamsmeetingplugin/node_modules/jest-circus/build/legacy-code-todo-rewrite/jestAdapterInit.js:122:21)
    at jestAdapter (/Volumes/externalssd/devitems/teamsmeetingplugin/node_modules/jest-circus/build/legacy-code-todo-rewrite/jestAdapter.js:79:19)
    at runTestInternal (/Volumes/externalssd/devitems/teamsmeetingplugin/node_modules/jest-runner/build/runTest.js:367:16)
    at runTest (/Volumes/externalssd/devitems/teamsmeetingplugin/node_modules/jest-runner/build/runTest.js:444:34)
    at Object.worker (/Volumes/externalssd/devitems/teamsmeetingplugin/node_modules/jest-runner/build/testWorker.js:106:12)</failure>
    </testcase>
  </testsuite>
  <testsuite name="TranscriptExportService" errors="0" failures="1" skipped="0" timestamp="2025-09-25T00:39:01" time="0.058" tests="31">
    <testcase classname="TranscriptExportService initialization should initialize with supported formats" name="TranscriptExportService initialization should initialize with supported formats" time="0.001">
    </testcase>
    <testcase classname="TranscriptExportService export functionality should export transcript to text format" name="TranscriptExportService export functionality should export transcript to text format" time="0.011">
    </testcase>
    <testcase classname="TranscriptExportService export functionality should export transcript to JSON format" name="TranscriptExportService export functionality should export transcript to JSON format" time="0">
    </testcase>
    <testcase classname="TranscriptExportService export functionality should export transcript to PDF (HTML) format" name="TranscriptExportService export functionality should export transcript to PDF (HTML) format" time="0.001">
    </testcase>
    <testcase classname="TranscriptExportService export functionality should export transcript to Word (RTF) format" name="TranscriptExportService export functionality should export transcript to Word (RTF) format" time="0">
    </testcase>
    <testcase classname="TranscriptExportService export functionality should throw error for unsupported format" name="TranscriptExportService export functionality should throw error for unsupported format" time="0.006">
    </testcase>
    <testcase classname="TranscriptExportService export functionality should use custom filename when provided" name="TranscriptExportService export functionality should use custom filename when provided" time="0">
    </testcase>
    <testcase classname="TranscriptExportService batch export should export multiple transcripts" name="TranscriptExportService batch export should export multiple transcripts" time="0">
    </testcase>
    <testcase classname="TranscriptExportService batch export should handle batch export errors gracefully" name="TranscriptExportService batch export should handle batch export errors gracefully" time="0">
    </testcase>
    <testcase classname="TranscriptExportService data preparation should prepare export data correctly" name="TranscriptExportService data preparation should prepare export data correctly" time="0.001">
    </testcase>
    <testcase classname="TranscriptExportService data preparation should apply speaker filter" name="TranscriptExportService data preparation should apply speaker filter" time="0.001">
    </testcase>
    <testcase classname="TranscriptExportService data preparation should apply time range filter" name="TranscriptExportService data preparation should apply time range filter" time="0">
    </testcase>
    <testcase classname="TranscriptExportService text export should generate text with timestamps" name="TranscriptExportService text export should generate text with timestamps" time="0">
    </testcase>
    <testcase classname="TranscriptExportService text export should generate text without timestamps" name="TranscriptExportService text export should generate text without timestamps" time="0">
    </testcase>
    <testcase classname="TranscriptExportService text export should group consecutive segments by speaker" name="TranscriptExportService text export should group consecutive segments by speaker" time="0">
    </testcase>
    <testcase classname="TranscriptExportService JSON export should generate formatted JSON" name="TranscriptExportService JSON export should generate formatted JSON" time="0">
    </testcase>
    <testcase classname="TranscriptExportService JSON export should generate compact JSON" name="TranscriptExportService JSON export should generate compact JSON" time="0.001">
    </testcase>
    <testcase classname="TranscriptExportService HTML export should generate HTML with proper structure" name="TranscriptExportService HTML export should generate HTML with proper structure" time="0">
    </testcase>
    <testcase classname="TranscriptExportService HTML export should generate HTML without timestamps" name="TranscriptExportService HTML export should generate HTML without timestamps" time="0">
    </testcase>
    <testcase classname="TranscriptExportService RTF export should generate RTF with proper formatting" name="TranscriptExportService RTF export should generate RTF with proper formatting" time="0">
    </testcase>
    <testcase classname="TranscriptExportService RTF export should generate RTF without timestamps" name="TranscriptExportService RTF export should generate RTF without timestamps" time="0">
    </testcase>
    <testcase classname="TranscriptExportService file download should trigger file download" name="TranscriptExportService file download should trigger file download" time="0.001">
    </testcase>
    <testcase classname="TranscriptExportService export preview should generate text preview" name="TranscriptExportService export preview should generate text preview" time="0">
    </testcase>
    <testcase classname="TranscriptExportService export preview should generate JSON preview" name="TranscriptExportService export preview should generate JSON preview" time="0.001">
    </testcase>
    <testcase classname="TranscriptExportService export preview should generate HTML preview" name="TranscriptExportService export preview should generate HTML preview" time="0.001">
      <failure>Error: expect(received).toBe(expected) // Object.is equality

Expected: &quot;string&quot;
Received: &quot;object&quot;
    at Object.toBe (/Volumes/externalssd/devitems/teamsmeetingplugin/src/client/services/__tests__/TranscriptExportService.test.js:347:30)
    at Promise.then.completed (/Volumes/externalssd/devitems/teamsmeetingplugin/node_modules/jest-circus/build/utils.js:298:28)
    at new Promise (&lt;anonymous&gt;)
    at callAsyncCircusFn (/Volumes/externalssd/devitems/teamsmeetingplugin/node_modules/jest-circus/build/utils.js:231:10)
    at _callCircusTest (/Volumes/externalssd/devitems/teamsmeetingplugin/node_modules/jest-circus/build/run.js:316:40)
    at processTicksAndRejections (node:internal/process/task_queues:105:5)
    at _runTest (/Volumes/externalssd/devitems/teamsmeetingplugin/node_modules/jest-circus/build/run.js:252:3)
    at _runTestsForDescribeBlock (/Volumes/externalssd/devitems/teamsmeetingplugin/node_modules/jest-circus/build/run.js:126:9)
    at _runTestsForDescribeBlock (/Volumes/externalssd/devitems/teamsmeetingplugin/node_modules/jest-circus/build/run.js:121:9)
    at _runTestsForDescribeBlock (/Volumes/externalssd/devitems/teamsmeetingplugin/node_modules/jest-circus/build/run.js:121:9)
    at run (/Volumes/externalssd/devitems/teamsmeetingplugin/node_modules/jest-circus/build/run.js:71:3)
    at runAndTransformResultsToJestFormat (/Volumes/externalssd/devitems/teamsmeetingplugin/node_modules/jest-circus/build/legacy-code-todo-rewrite/jestAdapterInit.js:122:21)
    at jestAdapter (/Volumes/externalssd/devitems/teamsmeetingplugin/node_modules/jest-circus/build/legacy-code-todo-rewrite/jestAdapter.js:79:19)
    at runTestInternal (/Volumes/externalssd/devitems/teamsmeetingplugin/node_modules/jest-runner/build/runTest.js:367:16)
    at runTest (/Volumes/externalssd/devitems/teamsmeetingplugin/node_modules/jest-runner/build/runTest.js:444:34)
    at Object.worker (/Volumes/externalssd/devitems/teamsmeetingplugin/node_modules/jest-runner/build/testWorker.js:106:12)</failure>
    </testcase>
    <testcase classname="TranscriptExportService export preview should return error for unsupported preview format" name="TranscriptExportService export preview should return error for unsupported preview format" time="0">
    </testcase>
    <testcase classname="TranscriptExportService helper methods should calculate duration correctly" name="TranscriptExportService helper methods should calculate duration correctly" time="0">
    </testcase>
    <testcase classname="TranscriptExportService helper methods should handle duration with hours" name="TranscriptExportService helper methods should handle duration with hours" time="0">
    </testcase>
    <testcase classname="TranscriptExportService helper methods should extract participants correctly" name="TranscriptExportService helper methods should extract participants correctly" time="0">
    </testcase>
    <testcase classname="TranscriptExportService helper methods should format timestamps correctly" name="TranscriptExportService helper methods should format timestamps correctly" time="0">
    </testcase>
    <testcase classname="TranscriptExportService helper methods should handle empty content gracefully" name="TranscriptExportService helper methods should handle empty content gracefully" time="0">
    </testcase>
  </testsuite>
  <testsuite name="EncryptionService" errors="0" failures="0" skipped="0" timestamp="2025-09-25T00:39:01" time="0.073" tests="16">
    <testcase classname="EncryptionService Key Generation should generate encryption key" name="EncryptionService Key Generation should generate encryption key" time="0.001">
    </testcase>
    <testcase classname="EncryptionService Key Generation should derive key from password" name="EncryptionService Key Generation should derive key from password" time="0">
    </testcase>
    <testcase classname="EncryptionService Key Generation should generate random salt" name="EncryptionService Key Generation should generate random salt" time="0">
    </testcase>
    <testcase classname="EncryptionService Key Generation should generate random IV" name="EncryptionService Key Generation should generate random IV" time="0">
    </testcase>
    <testcase classname="EncryptionService Encryption/Decryption should encrypt data" name="EncryptionService Encryption/Decryption should encrypt data" time="0.001">
    </testcase>
    <testcase classname="EncryptionService Encryption/Decryption should encrypt object data" name="EncryptionService Encryption/Decryption should encrypt object data" time="0">
    </testcase>
    <testcase classname="EncryptionService Encryption/Decryption should decrypt data" name="EncryptionService Encryption/Decryption should decrypt data" time="0">
    </testcase>
    <testcase classname="EncryptionService Key Import/Export should export key" name="EncryptionService Key Import/Export should export key" time="0">
    </testcase>
    <testcase classname="EncryptionService Key Import/Export should import key" name="EncryptionService Key Import/Export should import key" time="0.001">
    </testcase>
    <testcase classname="EncryptionService Transcript Encryption should encrypt transcript with metadata" name="EncryptionService Transcript Encryption should encrypt transcript with metadata" time="0">
    </testcase>
    <testcase classname="EncryptionService Transcript Encryption should decrypt transcript" name="EncryptionService Transcript Encryption should decrypt transcript" time="0">
    </testcase>
    <testcase classname="EncryptionService Secure Delete should securely delete ArrayBuffer" name="EncryptionService Secure Delete should securely delete ArrayBuffer" time="0">
    </testcase>
    <testcase classname="EncryptionService Secure Delete should securely delete Uint8Array" name="EncryptionService Secure Delete should securely delete Uint8Array" time="0">
    </testcase>
    <testcase classname="EncryptionService Error Handling should handle encryption errors" name="EncryptionService Error Handling should handle encryption errors" time="0.004">
    </testcase>
    <testcase classname="EncryptionService Error Handling should handle decryption errors" name="EncryptionService Error Handling should handle decryption errors" time="0">
    </testcase>
    <testcase classname="EncryptionService Error Handling should handle key generation errors" name="EncryptionService Error Handling should handle key generation errors" time="0">
    </testcase>
  </testsuite>
  <testsuite name="OpenAIProvider" errors="0" failures="0" skipped="0" timestamp="2025-09-25T00:39:01" time="0.043" tests="19">
    <testcase classname="OpenAIProvider Configuration should configure with API key" name="OpenAIProvider Configuration should configure with API key" time="0.001">
    </testcase>
    <testcase classname="OpenAIProvider Configuration should use default values when not provided" name="OpenAIProvider Configuration should use default values when not provided" time="0">
    </testcase>
    <testcase classname="OpenAIProvider Configuration should throw error without API key" name="OpenAIProvider Configuration should throw error without API key" time="0.004">
    </testcase>
    <testcase classname="OpenAIProvider Summary Generation should generate summary successfully" name="OpenAIProvider Summary Generation should generate summary successfully" time="0.001">
    </testcase>
    <testcase classname="OpenAIProvider Summary Generation should handle API errors" name="OpenAIProvider Summary Generation should handle API errors" time="0">
    </testcase>
    <testcase classname="OpenAIProvider Summary Generation should handle empty response" name="OpenAIProvider Summary Generation should handle empty response" time="0">
    </testcase>
    <testcase classname="OpenAIProvider Summary Generation should handle network errors" name="OpenAIProvider Summary Generation should handle network errors" time="0">
    </testcase>
    <testcase classname="OpenAIProvider Summary Generation should send correct request format" name="OpenAIProvider Summary Generation should send correct request format" time="0">
    </testcase>
    <testcase classname="OpenAIProvider Connection Testing should test connection successfully" name="OpenAIProvider Connection Testing should test connection successfully" time="0">
    </testcase>
    <testcase classname="OpenAIProvider Connection Testing should handle connection failure" name="OpenAIProvider Connection Testing should handle connection failure" time="0">
    </testcase>
    <testcase classname="OpenAIProvider Connection Testing should handle network error during connection test" name="OpenAIProvider Connection Testing should handle network error during connection test" time="0">
    </testcase>
    <testcase classname="OpenAIProvider Model Management should get available models" name="OpenAIProvider Model Management should get available models" time="0.001">
    </testcase>
    <testcase classname="OpenAIProvider Model Management should return default models on API failure" name="OpenAIProvider Model Management should return default models on API failure" time="0">
    </testcase>
    <testcase classname="OpenAIProvider Model Management should get correct context length for models" name="OpenAIProvider Model Management should get correct context length for models" time="0">
    </testcase>
    <testcase classname="OpenAIProvider Token Management should estimate token count" name="OpenAIProvider Token Management should estimate token count" time="0">
    </testcase>
    <testcase classname="OpenAIProvider Token Management should check if content fits in context" name="OpenAIProvider Token Management should check if content fits in context" time="0">
    </testcase>
    <testcase classname="OpenAIProvider Token Management should truncate transcript when too long" name="OpenAIProvider Token Management should truncate transcript when too long" time="0">
    </testcase>
    <testcase classname="OpenAIProvider Token Management should not truncate short transcript" name="OpenAIProvider Token Management should not truncate short transcript" time="0">
    </testcase>
    <testcase classname="OpenAIProvider Provider Information should return provider info" name="OpenAIProvider Provider Information should return provider info" time="0">
    </testcase>
  </testsuite>
  <testsuite name="SummaryService Integration" errors="0" failures="5" skipped="0" timestamp="2025-09-25T00:39:01" time="0.166" tests="5">
    <testcase classname="SummaryService Integration End-to-End Summary Generation should integrate all components for summary generation" name="SummaryService Integration End-to-End Summary Generation should integrate all components for summary generation" time="0.004">
      <failure>TypeError: Cannot read properties of undefined (reading &apos;navigator&apos;)
    at resetClipboardStubOnView (/Volumes/externalssd/devitems/teamsmeetingplugin/node_modules/@testing-library/user-event/dist/cjs/utils/dataTransfer/Clipboard.js:117:32)
    at Object.&lt;anonymous&gt; (/Volumes/externalssd/devitems/teamsmeetingplugin/node_modules/@testing-library/user-event/dist/cjs/utils/dataTransfer/Clipboard.js:158:21)
    at Promise.then.completed (/Volumes/externalssd/devitems/teamsmeetingplugin/node_modules/jest-circus/build/utils.js:298:28)
    at new Promise (&lt;anonymous&gt;)
    at callAsyncCircusFn (/Volumes/externalssd/devitems/teamsmeetingplugin/node_modules/jest-circus/build/utils.js:231:10)
    at _callCircusHook (/Volumes/externalssd/devitems/teamsmeetingplugin/node_modules/jest-circus/build/run.js:281:40)
    at processTicksAndRejections (node:internal/process/task_queues:105:5)
    at _runTest (/Volumes/externalssd/devitems/teamsmeetingplugin/node_modules/jest-circus/build/run.js:254:5)
    at _runTestsForDescribeBlock (/Volumes/externalssd/devitems/teamsmeetingplugin/node_modules/jest-circus/build/run.js:126:9)
    at _runTestsForDescribeBlock (/Volumes/externalssd/devitems/teamsmeetingplugin/node_modules/jest-circus/build/run.js:121:9)
    at _runTestsForDescribeBlock (/Volumes/externalssd/devitems/teamsmeetingplugin/node_modules/jest-circus/build/run.js:121:9)
    at run (/Volumes/externalssd/devitems/teamsmeetingplugin/node_modules/jest-circus/build/run.js:71:3)
    at runAndTransformResultsToJestFormat (/Volumes/externalssd/devitems/teamsmeetingplugin/node_modules/jest-circus/build/legacy-code-todo-rewrite/jestAdapterInit.js:122:21)
    at jestAdapter (/Volumes/externalssd/devitems/teamsmeetingplugin/node_modules/jest-circus/build/legacy-code-todo-rewrite/jestAdapter.js:79:19)
    at runTestInternal (/Volumes/externalssd/devitems/teamsmeetingplugin/node_modules/jest-runner/build/runTest.js:367:16)
    at runTest (/Volumes/externalssd/devitems/teamsmeetingplugin/node_modules/jest-runner/build/runTest.js:444:34)
    at Object.worker (/Volumes/externalssd/devitems/teamsmeetingplugin/node_modules/jest-runner/build/testWorker.js:106:12)</failure>
    </testcase>
    <testcase classname="SummaryService Integration End-to-End Summary Generation should handle summary generation without agenda" name="SummaryService Integration End-to-End Summary Generation should handle summary generation without agenda" time="0.001">
      <failure>Error: expect(received).toBe(expected) // Object.is equality

Expected: false
Received: true
    at Object.toBe (/Volumes/externalssd/devitems/teamsmeetingplugin/src/client/services/__tests__/SummaryService.integration.test.js:166:45)
    at processTicksAndRejections (node:internal/process/task_queues:105:5)</failure>
      <failure>TypeError: Cannot read properties of undefined (reading &apos;navigator&apos;)
    at resetClipboardStubOnView (/Volumes/externalssd/devitems/teamsmeetingplugin/node_modules/@testing-library/user-event/dist/cjs/utils/dataTransfer/Clipboard.js:117:32)
    at Object.&lt;anonymous&gt; (/Volumes/externalssd/devitems/teamsmeetingplugin/node_modules/@testing-library/user-event/dist/cjs/utils/dataTransfer/Clipboard.js:158:21)
    at Promise.then.completed (/Volumes/externalssd/devitems/teamsmeetingplugin/node_modules/jest-circus/build/utils.js:298:28)
    at new Promise (&lt;anonymous&gt;)
    at callAsyncCircusFn (/Volumes/externalssd/devitems/teamsmeetingplugin/node_modules/jest-circus/build/utils.js:231:10)
    at _callCircusHook (/Volumes/externalssd/devitems/teamsmeetingplugin/node_modules/jest-circus/build/run.js:281:40)
    at processTicksAndRejections (node:internal/process/task_queues:105:5)
    at _runTest (/Volumes/externalssd/devitems/teamsmeetingplugin/node_modules/jest-circus/build/run.js:254:5)
    at _runTestsForDescribeBlock (/Volumes/externalssd/devitems/teamsmeetingplugin/node_modules/jest-circus/build/run.js:126:9)
    at _runTestsForDescribeBlock (/Volumes/externalssd/devitems/teamsmeetingplugin/node_modules/jest-circus/build/run.js:121:9)
    at _runTestsForDescribeBlock (/Volumes/externalssd/devitems/teamsmeetingplugin/node_modules/jest-circus/build/run.js:121:9)
    at run (/Volumes/externalssd/devitems/teamsmeetingplugin/node_modules/jest-circus/build/run.js:71:3)
    at runAndTransformResultsToJestFormat (/Volumes/externalssd/devitems/teamsmeetingplugin/node_modules/jest-circus/build/legacy-code-todo-rewrite/jestAdapterInit.js:122:21)
    at jestAdapter (/Volumes/externalssd/devitems/teamsmeetingplugin/node_modules/jest-circus/build/legacy-code-todo-rewrite/jestAdapter.js:79:19)
    at runTestInternal (/Volumes/externalssd/devitems/teamsmeetingplugin/node_modules/jest-runner/build/runTest.js:367:16)
    at runTest (/Volumes/externalssd/devitems/teamsmeetingplugin/node_modules/jest-runner/build/runTest.js:444:34)
    at Object.worker (/Volumes/externalssd/devitems/teamsmeetingplugin/node_modules/jest-runner/build/testWorker.js:106:12)</failure>
    </testcase>
    <testcase classname="SummaryService Integration End-to-End Summary Generation should format transcript correctly for AI processing" name="SummaryService Integration End-to-End Summary Generation should format transcript correctly for AI processing" time="0">
      <failure>TypeError: Cannot read properties of undefined (reading &apos;navigator&apos;)
    at resetClipboardStubOnView (/Volumes/externalssd/devitems/teamsmeetingplugin/node_modules/@testing-library/user-event/dist/cjs/utils/dataTransfer/Clipboard.js:117:32)
    at Object.&lt;anonymous&gt; (/Volumes/externalssd/devitems/teamsmeetingplugin/node_modules/@testing-library/user-event/dist/cjs/utils/dataTransfer/Clipboard.js:158:21)
    at Promise.then.completed (/Volumes/externalssd/devitems/teamsmeetingplugin/node_modules/jest-circus/build/utils.js:298:28)
    at new Promise (&lt;anonymous&gt;)
    at callAsyncCircusFn (/Volumes/externalssd/devitems/teamsmeetingplugin/node_modules/jest-circus/build/utils.js:231:10)
    at _callCircusHook (/Volumes/externalssd/devitems/teamsmeetingplugin/node_modules/jest-circus/build/run.js:281:40)
    at processTicksAndRejections (node:internal/process/task_queues:105:5)
    at _runTest (/Volumes/externalssd/devitems/teamsmeetingplugin/node_modules/jest-circus/build/run.js:254:5)
    at _runTestsForDescribeBlock (/Volumes/externalssd/devitems/teamsmeetingplugin/node_modules/jest-circus/build/run.js:126:9)
    at _runTestsForDescribeBlock (/Volumes/externalssd/devitems/teamsmeetingplugin/node_modules/jest-circus/build/run.js:121:9)
    at _runTestsForDescribeBlock (/Volumes/externalssd/devitems/teamsmeetingplugin/node_modules/jest-circus/build/run.js:121:9)
    at run (/Volumes/externalssd/devitems/teamsmeetingplugin/node_modules/jest-circus/build/run.js:71:3)
    at runAndTransformResultsToJestFormat (/Volumes/externalssd/devitems/teamsmeetingplugin/node_modules/jest-circus/build/legacy-code-todo-rewrite/jestAdapterInit.js:122:21)
    at jestAdapter (/Volumes/externalssd/devitems/teamsmeetingplugin/node_modules/jest-circus/build/legacy-code-todo-rewrite/jestAdapter.js:79:19)
    at runTestInternal (/Volumes/externalssd/devitems/teamsmeetingplugin/node_modules/jest-runner/build/runTest.js:367:16)
    at runTest (/Volumes/externalssd/devitems/teamsmeetingplugin/node_modules/jest-runner/build/runTest.js:444:34)
    at Object.worker (/Volumes/externalssd/devitems/teamsmeetingplugin/node_modules/jest-runner/build/testWorker.js:106:12)</failure>
    </testcase>
    <testcase classname="SummaryService Integration End-to-End Summary Generation should calculate meeting statistics correctly" name="SummaryService Integration End-to-End Summary Generation should calculate meeting statistics correctly" time="0">
      <failure>Error: expect(received).toBe(expected) // Object.is equality

Expected: 15
Received: 0
    at Object.toBe (/Volumes/externalssd/devitems/teamsmeetingplugin/src/client/services/__tests__/SummaryService.integration.test.js:203:24)
    at Promise.then.completed (/Volumes/externalssd/devitems/teamsmeetingplugin/node_modules/jest-circus/build/utils.js:298:28)
    at new Promise (&lt;anonymous&gt;)
    at callAsyncCircusFn (/Volumes/externalssd/devitems/teamsmeetingplugin/node_modules/jest-circus/build/utils.js:231:10)
    at _callCircusTest (/Volumes/externalssd/devitems/teamsmeetingplugin/node_modules/jest-circus/build/run.js:316:40)
    at processTicksAndRejections (node:internal/process/task_queues:105:5)
    at _runTest (/Volumes/externalssd/devitems/teamsmeetingplugin/node_modules/jest-circus/build/run.js:252:3)
    at _runTestsForDescribeBlock (/Volumes/externalssd/devitems/teamsmeetingplugin/node_modules/jest-circus/build/run.js:126:9)
    at _runTestsForDescribeBlock (/Volumes/externalssd/devitems/teamsmeetingplugin/node_modules/jest-circus/build/run.js:121:9)
    at _runTestsForDescribeBlock (/Volumes/externalssd/devitems/teamsmeetingplugin/node_modules/jest-circus/build/run.js:121:9)
    at run (/Volumes/externalssd/devitems/teamsmeetingplugin/node_modules/jest-circus/build/run.js:71:3)
    at runAndTransformResultsToJestFormat (/Volumes/externalssd/devitems/teamsmeetingplugin/node_modules/jest-circus/build/legacy-code-todo-rewrite/jestAdapterInit.js:122:21)
    at jestAdapter (/Volumes/externalssd/devitems/teamsmeetingplugin/node_modules/jest-circus/build/legacy-code-todo-rewrite/jestAdapter.js:79:19)
    at runTestInternal (/Volumes/externalssd/devitems/teamsmeetingplugin/node_modules/jest-runner/build/runTest.js:367:16)
    at runTest (/Volumes/externalssd/devitems/teamsmeetingplugin/node_modules/jest-runner/build/runTest.js:444:34)
    at Object.worker (/Volumes/externalssd/devitems/teamsmeetingplugin/node_modules/jest-runner/build/testWorker.js:106:12)</failure>
      <failure>TypeError: Cannot read properties of undefined (reading &apos;navigator&apos;)
    at resetClipboardStubOnView (/Volumes/externalssd/devitems/teamsmeetingplugin/node_modules/@testing-library/user-event/dist/cjs/utils/dataTransfer/Clipboard.js:117:32)
    at Object.&lt;anonymous&gt; (/Volumes/externalssd/devitems/teamsmeetingplugin/node_modules/@testing-library/user-event/dist/cjs/utils/dataTransfer/Clipboard.js:158:21)
    at Promise.then.completed (/Volumes/externalssd/devitems/teamsmeetingplugin/node_modules/jest-circus/build/utils.js:298:28)
    at new Promise (&lt;anonymous&gt;)
    at callAsyncCircusFn (/Volumes/externalssd/devitems/teamsmeetingplugin/node_modules/jest-circus/build/utils.js:231:10)
    at _callCircusHook (/Volumes/externalssd/devitems/teamsmeetingplugin/node_modules/jest-circus/build/run.js:281:40)
    at processTicksAndRejections (node:internal/process/task_queues:105:5)
    at _runTest (/Volumes/externalssd/devitems/teamsmeetingplugin/node_modules/jest-circus/build/run.js:254:5)
    at _runTestsForDescribeBlock (/Volumes/externalssd/devitems/teamsmeetingplugin/node_modules/jest-circus/build/run.js:126:9)
    at _runTestsForDescribeBlock (/Volumes/externalssd/devitems/teamsmeetingplugin/node_modules/jest-circus/build/run.js:121:9)
    at _runTestsForDescribeBlock (/Volumes/externalssd/devitems/teamsmeetingplugin/node_modules/jest-circus/build/run.js:121:9)
    at run (/Volumes/externalssd/devitems/teamsmeetingplugin/node_modules/jest-circus/build/run.js:71:3)
    at runAndTransformResultsToJestFormat (/Volumes/externalssd/devitems/teamsmeetingplugin/node_modules/jest-circus/build/legacy-code-todo-rewrite/jestAdapterInit.js:122:21)
    at jestAdapter (/Volumes/externalssd/devitems/teamsmeetingplugin/node_modules/jest-circus/build/legacy-code-todo-rewrite/jestAdapter.js:79:19)
    at runTestInternal (/Volumes/externalssd/devitems/teamsmeetingplugin/node_modules/jest-runner/build/runTest.js:367:16)
    at runTest (/Volumes/externalssd/devitems/teamsmeetingplugin/node_modules/jest-runner/build/runTest.js:444:34)
    at Object.worker (/Volumes/externalssd/devitems/teamsmeetingplugin/node_modules/jest-runner/build/testWorker.js:106:12)</failure>
    </testcase>
    <testcase classname="SummaryService Integration Provider Integration should work with different AI providers" name="SummaryService Integration Provider Integration should work with different AI providers" time="0">
      <failure>TypeError: Cannot read properties of undefined (reading &apos;navigator&apos;)
    at resetClipboardStubOnView (/Volumes/externalssd/devitems/teamsmeetingplugin/node_modules/@testing-library/user-event/dist/cjs/utils/dataTransfer/Clipboard.js:117:32)
    at Object.&lt;anonymous&gt; (/Volumes/externalssd/devitems/teamsmeetingplugin/node_modules/@testing-library/user-event/dist/cjs/utils/dataTransfer/Clipboard.js:158:21)
    at Promise.then.completed (/Volumes/externalssd/devitems/teamsmeetingplugin/node_modules/jest-circus/build/utils.js:298:28)
    at new Promise (&lt;anonymous&gt;)
    at callAsyncCircusFn (/Volumes/externalssd/devitems/teamsmeetingplugin/node_modules/jest-circus/build/utils.js:231:10)
    at _callCircusHook (/Volumes/externalssd/devitems/teamsmeetingplugin/node_modules/jest-circus/build/run.js:281:40)
    at processTicksAndRejections (node:internal/process/task_queues:105:5)
    at _runTest (/Volumes/externalssd/devitems/teamsmeetingplugin/node_modules/jest-circus/build/run.js:254:5)
    at _runTestsForDescribeBlock (/Volumes/externalssd/devitems/teamsmeetingplugin/node_modules/jest-circus/build/run.js:126:9)
    at _runTestsForDescribeBlock (/Volumes/externalssd/devitems/teamsmeetingplugin/node_modules/jest-circus/build/run.js:121:9)
    at _runTestsForDescribeBlock (/Volumes/externalssd/devitems/teamsmeetingplugin/node_modules/jest-circus/build/run.js:121:9)
    at run (/Volumes/externalssd/devitems/teamsmeetingplugin/node_modules/jest-circus/build/run.js:71:3)
    at runAndTransformResultsToJestFormat (/Volumes/externalssd/devitems/teamsmeetingplugin/node_modules/jest-circus/build/legacy-code-todo-rewrite/jestAdapterInit.js:122:21)
    at jestAdapter (/Volumes/externalssd/devitems/teamsmeetingplugin/node_modules/jest-circus/build/legacy-code-todo-rewrite/jestAdapter.js:79:19)
    at runTestInternal (/Volumes/externalssd/devitems/teamsmeetingplugin/node_modules/jest-runner/build/runTest.js:367:16)
    at runTest (/Volumes/externalssd/devitems/teamsmeetingplugin/node_modules/jest-runner/build/runTest.js:444:34)
    at Object.worker (/Volumes/externalssd/devitems/teamsmeetingplugin/node_modules/jest-runner/build/testWorker.js:106:12)</failure>
    </testcase>
    <testcase classname=" Test execution failure: could be caused by test hooks like &apos;afterAll&apos;." name=" Test execution failure: could be caused by test hooks like &apos;afterAll&apos;." time="0">
      <failure>{&quot;message&quot;:&quot;&quot;,&quot;stack&quot;:&quot;TypeError: Cannot read properties of undefined (reading &apos;navigator&apos;)\n    at detachClipboardStubFromView (/Volumes/externalssd/devitems/teamsmeetingplugin/node_modules/@testing-library/user-event/dist/cjs/utils/dataTransfer/Clipboard.js:122:32)\n    at Object.&lt;anonymous&gt; (/Volumes/externalssd/devitems/teamsmeetingplugin/node_modules/@testing-library/user-event/dist/cjs/utils/dataTransfer/Clipboard.js:161:20)\n    at Promise.then.completed (/Volumes/externalssd/devitems/teamsmeetingplugin/node_modules/jest-circus/build/utils.js:298:28)\n    at new Promise (&lt;anonymous&gt;)\n    at callAsyncCircusFn (/Volumes/externalssd/devitems/teamsmeetingplugin/node_modules/jest-circus/build/utils.js:231:10)\n    at _callCircusHook (/Volumes/externalssd/devitems/teamsmeetingplugin/node_modules/jest-circus/build/run.js:281:40)\n    at processTicksAndRejections (node:internal/process/task_queues:105:5)\n    at _runTestsForDescribeBlock (/Volumes/externalssd/devitems/teamsmeetingplugin/node_modules/jest-circus/build/run.js:154:7)\n    at run (/Volumes/externalssd/devitems/teamsmeetingplugin/node_modules/jest-circus/build/run.js:71:3)\n    at runAndTransformResultsToJestFormat (/Volumes/externalssd/devitems/teamsmeetingplugin/node_modules/jest-circus/build/legacy-code-todo-rewrite/jestAdapterInit.js:122:21)\n    at jestAdapter (/Volumes/externalssd/devitems/teamsmeetingplugin/node_modules/jest-circus/build/legacy-code-todo-rewrite/jestAdapter.js:79:19)\n    at runTestInternal (/Volumes/externalssd/devitems/teamsmeetingplugin/node_modules/jest-runner/build/runTest.js:367:16)\n    at runTest (/Volumes/externalssd/devitems/teamsmeetingplugin/node_modules/jest-runner/build/runTest.js:444:34)\n    at Object.worker (/Volumes/externalssd/devitems/teamsmeetingplugin/node_modules/jest-runner/build/testWorker.js:106:12)&quot;}</failure>
    </testcase>
  </testsuite>
  <testsuite name="ConfigurationManager Enhanced Features" errors="0" failures="0" skipped="0" timestamp="2025-09-25T00:39:02" time="0.029" tests="7">
    <testcase classname="ConfigurationManager Enhanced Features Prompt Validation should validate valid prompt" name="ConfigurationManager Enhanced Features Prompt Validation should validate valid prompt" time="0">
    </testcase>
    <testcase classname="ConfigurationManager Enhanced Features Prompt Validation should reject prompt without name" name="ConfigurationManager Enhanced Features Prompt Validation should reject prompt without name" time="0">
    </testcase>
    <testcase classname="ConfigurationManager Enhanced Features Prompt Validation should reject prompt without content" name="ConfigurationManager Enhanced Features Prompt Validation should reject prompt without content" time="0">
    </testcase>
    <testcase classname="ConfigurationManager Enhanced Features Prompt Validation should reject prompt with content too long" name="ConfigurationManager Enhanced Features Prompt Validation should reject prompt with content too long" time="0">
    </testcase>
    <testcase classname="ConfigurationManager Enhanced Features Prompt Validation should reject prompt with name too long" name="ConfigurationManager Enhanced Features Prompt Validation should reject prompt with name too long" time="0">
    </testcase>
    <testcase classname="ConfigurationManager Enhanced Features Import/Export should handle invalid import data" name="ConfigurationManager Enhanced Features Import/Export should handle invalid import data" time="0.008">
    </testcase>
    <testcase classname="ConfigurationManager Enhanced Features Import/Export should export prompts with correct format" name="ConfigurationManager Enhanced Features Import/Export should export prompts with correct format" time="0">
    </testcase>
  </testsuite>
  <testsuite name="RecoveryStrategies" errors="0" failures="1" skipped="0" timestamp="2025-09-25T00:39:01" time="2.134" tests="28">
    <testcase classname="RecoveryStrategies Strategy Selection should select correct strategy for microphone access denied" name="RecoveryStrategies Strategy Selection should select correct strategy for microphone access denied" time="0.002">
    </testcase>
    <testcase classname="RecoveryStrategies Strategy Selection should select correct strategy for STT service unavailable" name="RecoveryStrategies Strategy Selection should select correct strategy for STT service unavailable" time="0.001">
    </testcase>
    <testcase classname="RecoveryStrategies Strategy Selection should select correct strategy for network errors" name="RecoveryStrategies Strategy Selection should select correct strategy for network errors" time="0">
    </testcase>
    <testcase classname="RecoveryStrategies Strategy Selection should return null for unknown error codes" name="RecoveryStrategies Strategy Selection should return null for unknown error codes" time="0">
    </testcase>
    <testcase classname="RecoveryStrategies Strategy Execution should execute recovery strategy successfully" name="RecoveryStrategies Strategy Execution should execute recovery strategy successfully" time="0.001">
    </testcase>
    <testcase classname="RecoveryStrategies Strategy Execution should handle strategy execution failure" name="RecoveryStrategies Strategy Execution should handle strategy execution failure" time="0">
    </testcase>
    <testcase classname="RecoveryStrategies Strategy Execution should handle missing strategy gracefully" name="RecoveryStrategies Strategy Execution should handle missing strategy gracefully" time="0">
    </testcase>
    <testcase classname="RecoveryStrategies Strategy Execution should handle strategy execution exception" name="RecoveryStrategies Strategy Execution should handle strategy execution exception" time="0.001">
      <failure>Error: expect(received).toBe(expected) // Object.is equality

Expected: &quot;strategy_execution_failed&quot;
Received: &quot;stt_recovery_failed&quot;
    at Object.toBe (/Volumes/externalssd/devitems/teamsmeetingplugin/src/client/services/__tests__/RecoveryStrategies.test.js:150:29)
    at processTicksAndRejections (node:internal/process/task_queues:105:5)</failure>
    </testcase>
    <testcase classname="RecoveryStrategies Fallback Mode Management should enable fallback mode" name="RecoveryStrategies Fallback Mode Management should enable fallback mode" time="0.001">
    </testcase>
    <testcase classname="RecoveryStrategies Fallback Mode Management should disable fallback mode" name="RecoveryStrategies Fallback Mode Management should disable fallback mode" time="0">
    </testcase>
    <testcase classname="RecoveryStrategies Fallback Mode Management should return false when disabling non-existent fallback" name="RecoveryStrategies Fallback Mode Management should return false when disabling non-existent fallback" time="0">
    </testcase>
    <testcase classname="RecoveryStrategies Fallback Mode Management should get all active fallback modes" name="RecoveryStrategies Fallback Mode Management should get all active fallback modes" time="0">
    </testcase>
    <testcase classname="RecoveryStrategies Audio Stream Recovery should recover audio stream successfully" name="RecoveryStrategies Audio Stream Recovery should recover audio stream successfully" time="1.002">
    </testcase>
    <testcase classname="RecoveryStrategies Audio Stream Recovery should handle audio stream recovery failure" name="RecoveryStrategies Audio Stream Recovery should handle audio stream recovery failure" time="1.003">
    </testcase>
    <testcase classname="RecoveryStrategies STT Service Recovery should switch to local STT when cloud service fails" name="RecoveryStrategies STT Service Recovery should switch to local STT when cloud service fails" time="0.001">
    </testcase>
    <testcase classname="RecoveryStrategies STT Service Recovery should switch to alternative cloud service" name="RecoveryStrategies STT Service Recovery should switch to alternative cloud service" time="0.001">
    </testcase>
    <testcase classname="RecoveryStrategies STT Service Recovery should fail when no alternatives available" name="RecoveryStrategies STT Service Recovery should fail when no alternatives available" time="0">
    </testcase>
    <testcase classname="RecoveryStrategies Rate Limit Recovery should switch to local STT on rate limit" name="RecoveryStrategies Rate Limit Recovery should switch to local STT on rate limit" time="0.001">
    </testcase>
    <testcase classname="RecoveryStrategies Rate Limit Recovery should implement backoff when no local STT available" name="RecoveryStrategies Rate Limit Recovery should implement backoff when no local STT available" time="0">
    </testcase>
    <testcase classname="RecoveryStrategies Rate Limit Recovery should calculate exponential backoff correctly" name="RecoveryStrategies Rate Limit Recovery should calculate exponential backoff correctly" time="0">
    </testcase>
    <testcase classname="RecoveryStrategies Network Recovery should detect network restoration" name="RecoveryStrategies Network Recovery should detect network restoration" time="0.001">
    </testcase>
    <testcase classname="RecoveryStrategies Network Recovery should handle persistent network issues" name="RecoveryStrategies Network Recovery should handle persistent network issues" time="0">
    </testcase>
    <testcase classname="RecoveryStrategies Storage Recovery should attempt storage cleanup" name="RecoveryStrategies Storage Recovery should attempt storage cleanup" time="0">
    </testcase>
    <testcase classname="RecoveryStrategies AI Service Recovery should switch to basic summary on AI service failure" name="RecoveryStrategies AI Service Recovery should switch to basic summary on AI service failure" time="0.001">
    </testcase>
    <testcase classname="RecoveryStrategies Chat Integration Recovery should handle chat permission denied" name="RecoveryStrategies Chat Integration Recovery should handle chat permission denied" time="0">
    </testcase>
    <testcase classname="RecoveryStrategies Chat Integration Recovery should handle long chat messages" name="RecoveryStrategies Chat Integration Recovery should handle long chat messages" time="0">
    </testcase>
    <testcase classname="RecoveryStrategies Platform Recovery should handle Teams SDK errors" name="RecoveryStrategies Platform Recovery should handle Teams SDK errors" time="0">
    </testcase>
    <testcase classname="RecoveryStrategies Platform Recovery should handle unsupported platforms" name="RecoveryStrategies Platform Recovery should handle unsupported platforms" time="0.001">
    </testcase>
  </testsuite>
  <testsuite name="TeamsChatService" errors="0" failures="2" skipped="0" timestamp="2025-09-25T00:39:00" time="19.99" tests="43">
    <testcase classname="TeamsChatService Initialization should initialize with default configuration" name="TeamsChatService Initialization should initialize with default configuration" time="0.004">
    </testcase>
    <testcase classname="TeamsChatService Initialization should set Teams adapter correctly" name="TeamsChatService Initialization should set Teams adapter correctly" time="0">
    </testcase>
    <testcase classname="TeamsChatService Initialization should update configuration" name="TeamsChatService Initialization should update configuration" time="0.002">
    </testcase>
    <testcase classname="TeamsChatService Permission Checking should check permissions successfully when host" name="TeamsChatService Permission Checking should check permissions successfully when host" time="0.003">
    </testcase>
    <testcase classname="TeamsChatService Permission Checking should deny permissions when not host" name="TeamsChatService Permission Checking should deny permissions when not host" time="0">
    </testcase>
    <testcase classname="TeamsChatService Permission Checking should deny permissions when not in meeting" name="TeamsChatService Permission Checking should deny permissions when not in meeting" time="0">
    </testcase>
    <testcase classname="TeamsChatService Permission Checking should handle adapter not initialized" name="TeamsChatService Permission Checking should handle adapter not initialized" time="0">
    </testcase>
    <testcase classname="TeamsChatService Transcript Formatting should format transcript with default options" name="TeamsChatService Transcript Formatting should format transcript with default options" time="0.025">
    </testcase>
    <testcase classname="TeamsChatService Transcript Formatting should format transcript without header" name="TeamsChatService Transcript Formatting should format transcript without header" time="0">
    </testcase>
    <testcase classname="TeamsChatService Transcript Formatting should format transcript without footer" name="TeamsChatService Transcript Formatting should format transcript without footer" time="0.001">
    </testcase>
    <testcase classname="TeamsChatService Transcript Formatting should limit segments when maxSegments specified" name="TeamsChatService Transcript Formatting should limit segments when maxSegments specified" time="0">
    </testcase>
    <testcase classname="TeamsChatService Transcript Formatting should handle empty transcript" name="TeamsChatService Transcript Formatting should handle empty transcript" time="0">
    </testcase>
    <testcase classname="TeamsChatService Summary Formatting should format summary with all sections" name="TeamsChatService Summary Formatting should format summary with all sections" time="0.001">
    </testcase>
    <testcase classname="TeamsChatService Summary Formatting should format action items with assignees" name="TeamsChatService Summary Formatting should format action items with assignees" time="0">
    </testcase>
    <testcase classname="TeamsChatService Summary Formatting should handle summary without optional sections" name="TeamsChatService Summary Formatting should handle summary without optional sections" time="0.001">
    </testcase>
    <testcase classname="TeamsChatService Message Splitting should not split short messages" name="TeamsChatService Message Splitting should not split short messages" time="0.001">
    </testcase>
    <testcase classname="TeamsChatService Message Splitting should split long messages" name="TeamsChatService Message Splitting should split long messages" time="0">
    </testcase>
    <testcase classname="TeamsChatService Message Splitting should add part numbers to split messages" name="TeamsChatService Message Splitting should add part numbers to split messages" time="0">
    </testcase>
    <testcase classname="TeamsChatService Message Splitting should split by sentences when lines are too long" name="TeamsChatService Message Splitting should split by sentences when lines are too long" time="0.005">
    </testcase>
    <testcase classname="TeamsChatService Message Splitting should split by words when sentences are too long" name="TeamsChatService Message Splitting should split by words when sentences are too long" time="0.002">
    </testcase>
    <testcase classname="TeamsChatService Sending Transcript should send transcript successfully" name="TeamsChatService Sending Transcript should send transcript successfully" time="0">
    </testcase>
    <testcase classname="TeamsChatService Sending Transcript should handle send failure with alternative methods" name="TeamsChatService Sending Transcript should handle send failure with alternative methods" time="3.004">
    </testcase>
    <testcase classname="TeamsChatService Sending Transcript should handle permission denied" name="TeamsChatService Sending Transcript should handle permission denied" time="0">
    </testcase>
    <testcase classname="TeamsChatService Sending Transcript should split and send long transcripts" name="TeamsChatService Sending Transcript should split and send long transcripts" time="7.016">
    </testcase>
    <testcase classname="TeamsChatService Sending Summary should send summary successfully" name="TeamsChatService Sending Summary should send summary successfully" time="0.001">
    </testcase>
    <testcase classname="TeamsChatService Sending Summary should handle send failure" name="TeamsChatService Sending Summary should handle send failure" time="3.005">
    </testcase>
    <testcase classname="TeamsChatService Sending Summary should format summary with custom options" name="TeamsChatService Sending Summary should format summary with custom options" time="0.001">
    </testcase>
    <testcase classname="TeamsChatService Alternative Delivery Methods should provide alternative methods when chat fails" name="TeamsChatService Alternative Delivery Methods should provide alternative methods when chat fails" time="0">
    </testcase>
    <testcase classname="TeamsChatService Alternative Delivery Methods should handle download alternative" name="TeamsChatService Alternative Delivery Methods should handle download alternative" time="0.001">
      <failure>ReferenceError: document is not defined
    at Object.document (/Volumes/externalssd/devitems/teamsmeetingplugin/src/client/services/__tests__/TeamsChatService.test.js:435:7)
    at Promise.then.completed (/Volumes/externalssd/devitems/teamsmeetingplugin/node_modules/jest-circus/build/utils.js:298:28)
    at new Promise (&lt;anonymous&gt;)
    at callAsyncCircusFn (/Volumes/externalssd/devitems/teamsmeetingplugin/node_modules/jest-circus/build/utils.js:231:10)
    at _callCircusTest (/Volumes/externalssd/devitems/teamsmeetingplugin/node_modules/jest-circus/build/run.js:316:40)
    at _runTest (/Volumes/externalssd/devitems/teamsmeetingplugin/node_modules/jest-circus/build/run.js:252:3)
    at _runTestsForDescribeBlock (/Volumes/externalssd/devitems/teamsmeetingplugin/node_modules/jest-circus/build/run.js:126:9)
    at _runTestsForDescribeBlock (/Volumes/externalssd/devitems/teamsmeetingplugin/node_modules/jest-circus/build/run.js:121:9)
    at _runTestsForDescribeBlock (/Volumes/externalssd/devitems/teamsmeetingplugin/node_modules/jest-circus/build/run.js:121:9)
    at run (/Volumes/externalssd/devitems/teamsmeetingplugin/node_modules/jest-circus/build/run.js:71:3)
    at runAndTransformResultsToJestFormat (/Volumes/externalssd/devitems/teamsmeetingplugin/node_modules/jest-circus/build/legacy-code-todo-rewrite/jestAdapterInit.js:122:21)
    at jestAdapter (/Volumes/externalssd/devitems/teamsmeetingplugin/node_modules/jest-circus/build/legacy-code-todo-rewrite/jestAdapter.js:79:19)
    at runTestInternal (/Volumes/externalssd/devitems/teamsmeetingplugin/node_modules/jest-runner/build/runTest.js:367:16)
    at runTest (/Volumes/externalssd/devitems/teamsmeetingplugin/node_modules/jest-runner/build/runTest.js:444:34)
    at Object.worker (/Volumes/externalssd/devitems/teamsmeetingplugin/node_modules/jest-runner/build/testWorker.js:106:12)</failure>
    </testcase>
    <testcase classname="TeamsChatService Alternative Delivery Methods should handle clipboard alternative" name="TeamsChatService Alternative Delivery Methods should handle clipboard alternative" time="0.001">
    </testcase>
    <testcase classname="TeamsChatService Alternative Delivery Methods should handle email alternative" name="TeamsChatService Alternative Delivery Methods should handle email alternative" time="0">
      <failure>TypeError: Cannot set properties of undefined (setting &apos;open&apos;)
    at Object.&lt;anonymous&gt; (/Volumes/externalssd/devitems/teamsmeetingplugin/src/client/services/__tests__/TeamsChatService.test.js:461:25)
    at Promise.then.completed (/Volumes/externalssd/devitems/teamsmeetingplugin/node_modules/jest-circus/build/utils.js:298:28)
    at new Promise (&lt;anonymous&gt;)
    at callAsyncCircusFn (/Volumes/externalssd/devitems/teamsmeetingplugin/node_modules/jest-circus/build/utils.js:231:10)
    at _callCircusTest (/Volumes/externalssd/devitems/teamsmeetingplugin/node_modules/jest-circus/build/run.js:316:40)
    at _runTest (/Volumes/externalssd/devitems/teamsmeetingplugin/node_modules/jest-circus/build/run.js:252:3)
    at _runTestsForDescribeBlock (/Volumes/externalssd/devitems/teamsmeetingplugin/node_modules/jest-circus/build/run.js:126:9)
    at _runTestsForDescribeBlock (/Volumes/externalssd/devitems/teamsmeetingplugin/node_modules/jest-circus/build/run.js:121:9)
    at _runTestsForDescribeBlock (/Volumes/externalssd/devitems/teamsmeetingplugin/node_modules/jest-circus/build/run.js:121:9)
    at run (/Volumes/externalssd/devitems/teamsmeetingplugin/node_modules/jest-circus/build/run.js:71:3)
    at runAndTransformResultsToJestFormat (/Volumes/externalssd/devitems/teamsmeetingplugin/node_modules/jest-circus/build/legacy-code-todo-rewrite/jestAdapterInit.js:122:21)
    at jestAdapter (/Volumes/externalssd/devitems/teamsmeetingplugin/node_modules/jest-circus/build/legacy-code-todo-rewrite/jestAdapter.js:79:19)
    at runTestInternal (/Volumes/externalssd/devitems/teamsmeetingplugin/node_modules/jest-runner/build/runTest.js:367:16)
    at runTest (/Volumes/externalssd/devitems/teamsmeetingplugin/node_modules/jest-runner/build/runTest.js:444:34)
    at Object.worker (/Volumes/externalssd/devitems/teamsmeetingplugin/node_modules/jest-runner/build/testWorker.js:106:12)</failure>
    </testcase>
    <testcase classname="TeamsChatService Alternative Delivery Methods should handle local storage alternative" name="TeamsChatService Alternative Delivery Methods should handle local storage alternative" time="0">
    </testcase>
    <testcase classname="TeamsChatService Error Handling should handle missing transcript" name="TeamsChatService Error Handling should handle missing transcript" time="0">
    </testcase>
    <testcase classname="TeamsChatService Error Handling should handle missing summary" name="TeamsChatService Error Handling should handle missing summary" time="0">
    </testcase>
    <testcase classname="TeamsChatService Error Handling should handle adapter errors" name="TeamsChatService Error Handling should handle adapter errors" time="0.001">
    </testcase>
    <testcase classname="TeamsChatService Error Handling should retry failed messages" name="TeamsChatService Error Handling should retry failed messages" time="3.005">
    </testcase>
    <testcase classname="TeamsChatService Error Handling should fail after max retry attempts" name="TeamsChatService Error Handling should fail after max retry attempts" time="3.006">
    </testcase>
    <testcase classname="TeamsChatService Utility Functions should calculate transcript duration" name="TeamsChatService Utility Functions should calculate transcript duration" time="0">
    </testcase>
    <testcase classname="TeamsChatService Utility Functions should format participants list" name="TeamsChatService Utility Functions should format participants list" time="0">
    </testcase>
    <testcase classname="TeamsChatService Utility Functions should format empty participants list" name="TeamsChatService Utility Functions should format empty participants list" time="0">
    </testcase>
    <testcase classname="TeamsChatService Utility Functions should format speaker segment" name="TeamsChatService Utility Functions should format speaker segment" time="0">
    </testcase>
    <testcase classname="TeamsChatService Utility Functions should add delay" name="TeamsChatService Utility Functions should add delay" time="0.103">
    </testcase>
    <testcase classname="TeamsChatService Integration should integrate with real Teams adapter" name="TeamsChatService Integration should integrate with real Teams adapter" time="0">
    </testcase>
  </testsuite>
  <testsuite name="ErrorHandler" errors="0" failures="9" skipped="0" timestamp="2025-09-25T00:39:01" time="20.368" tests="29">
    <testcase classname="ErrorHandler Error Listener Management should add and remove error listeners" name="ErrorHandler Error Listener Management should add and remove error listeners" time="0.001">
    </testcase>
    <testcase classname="ErrorHandler Error Listener Management should notify listeners when error occurs" name="ErrorHandler Error Listener Management should notify listeners when error occurs" time="1.023">
    </testcase>
    <testcase classname="ErrorHandler Error Categorization should categorize microphone access denied error" name="ErrorHandler Error Categorization should categorize microphone access denied error" time="1.003">
    </testcase>
    <testcase classname="ErrorHandler Error Categorization should categorize rate limit error" name="ErrorHandler Error Categorization should categorize rate limit error" time="1.006">
      <failure>Error: expect(jest.fn()).toHaveBeenCalledWith(...expected)

Expected: &quot;Error handled:&quot;, ObjectContaining {&quot;code&quot;: &quot;STT_API_RATE_LIMIT&quot;, &quot;severity&quot;: &quot;warning&quot;}
Received: &quot;Error handled:&quot;, {&quot;code&quot;: &quot;UNKNOWN_ERROR&quot;, &quot;context&quot;: {}, &quot;id&quot;: &quot;8lyo4ebqi&quot;, &quot;message&quot;: &quot;Rate limit exceeded&quot;, &quot;originalError&quot;: [Error: Rate limit exceeded], &quot;severity&quot;: &quot;error&quot;, &quot;stack&quot;: &quot;Error: Rate limit exceeded
    at Object.&lt;anonymous&gt; (/Volumes/externalssd/devitems/teamsmeetingplugin/src/client/services/__tests__/ErrorHandler.test.js:82:21)
    at Promise.then.completed (/Volumes/externalssd/devitems/teamsmeetingplugin/node_modules/jest-circus/build/utils.js:298:28)
    at new Promise (&lt;anonymous&gt;)
    at callAsyncCircusFn (/Volumes/externalssd/devitems/teamsmeetingplugin/node_modules/jest-circus/build/utils.js:231:10)
    at _callCircusTest (/Volumes/externalssd/devitems/teamsmeetingplugin/node_modules/jest-circus/build/run.js:316:40)
    at _runTest (/Volumes/externalssd/devitems/teamsmeetingplugin/node_modules/jest-circus/build/run.js:252:3)
    at _runTestsForDescribeBlock (/Volumes/externalssd/devitems/teamsmeetingplugin/node_modules/jest-circus/build/run.js:126:9)
    at _runTestsForDescribeBlock (/Volumes/externalssd/devitems/teamsmeetingplugin/node_modules/jest-circus/build/run.js:121:9)
    at _runTestsForDescribeBlock (/Volumes/externalssd/devitems/teamsmeetingplugin/node_modules/jest-circus/build/run.js:121:9)
    at run (/Volumes/externalssd/devitems/teamsmeetingplugin/node_modules/jest-circus/build/run.js:71:3)
    at runAndTransformResultsToJestFormat (/Volumes/externalssd/devitems/teamsmeetingplugin/node_modules/jest-circus/build/legacy-code-todo-rewrite/jestAdapterInit.js:122:21)
    at jestAdapter (/Volumes/externalssd/devitems/teamsmeetingplugin/node_modules/jest-circus/build/legacy-code-todo-rewrite/jestAdapter.js:79:19)
    at runTestInternal (/Volumes/externalssd/devitems/teamsmeetingplugin/node_modules/jest-runner/build/runTest.js:367:16)
    at runTest (/Volumes/externalssd/devitems/teamsmeetingplugin/node_modules/jest-runner/build/runTest.js:444:34)
    at Object.worker (/Volumes/externalssd/devitems/teamsmeetingplugin/node_modules/jest-runner/build/testWorker.js:106:12)&quot;, &quot;timestamp&quot;: 2025-09-25T00:39:03.266Z}

Number of calls: 1
    at Object.toHaveBeenCalledWith (/Volumes/externalssd/devitems/teamsmeetingplugin/src/client/services/__tests__/ErrorHandler.test.js:86:29)</failure>
    </testcase>
    <testcase classname="ErrorHandler Error Categorization should categorize authentication error" name="ErrorHandler Error Categorization should categorize authentication error" time="1.003">
    </testcase>
    <testcase classname="ErrorHandler Error Categorization should categorize network error" name="ErrorHandler Error Categorization should categorize network error" time="1.186">
    </testcase>
    <testcase classname="ErrorHandler Audio Error Handling should handle microphone access denied" name="ErrorHandler Audio Error Handling should handle microphone access denied" time="0">
    </testcase>
    <testcase classname="ErrorHandler Audio Error Handling should handle audio stream interruption" name="ErrorHandler Audio Error Handling should handle audio stream interruption" time="0.001">
      <failure>Error: expect(received).toBe(expected) // Object.is equality

Expected: true
Received: false
    at Object.toBe (/Volumes/externalssd/devitems/teamsmeetingplugin/src/client/services/__tests__/ErrorHandler.test.js:160:30)
    at processTicksAndRejections (node:internal/process/task_queues:105:5)</failure>
    </testcase>
    <testcase classname="ErrorHandler Audio Error Handling should handle poor audio quality" name="ErrorHandler Audio Error Handling should handle poor audio quality" time="0">
      <failure>Error: expect(received).toBe(expected) // Object.is equality

Expected: true
Received: false
    at Object.toBe (/Volumes/externalssd/devitems/teamsmeetingplugin/src/client/services/__tests__/ErrorHandler.test.js:170:30)
    at processTicksAndRejections (node:internal/process/task_queues:105:5)</failure>
    </testcase>
    <testcase classname="ErrorHandler Transcription Error Handling should handle STT service unavailable with fallback" name="ErrorHandler Transcription Error Handling should handle STT service unavailable with fallback" time="0">
    </testcase>
    <testcase classname="ErrorHandler Transcription Error Handling should handle STT rate limit" name="ErrorHandler Transcription Error Handling should handle STT rate limit" time="0">
      <failure>Error: expect(received).toBe(expected) // Object.is equality

Expected: true
Received: false
    at Object.toBe (/Volumes/externalssd/devitems/teamsmeetingplugin/src/client/services/__tests__/ErrorHandler.test.js:209:30)
    at processTicksAndRejections (node:internal/process/task_queues:105:5)</failure>
    </testcase>
    <testcase classname="ErrorHandler Transcription Error Handling should handle STT authentication failure" name="ErrorHandler Transcription Error Handling should handle STT authentication failure" time="0.001">
    </testcase>
    <testcase classname="ErrorHandler Summary Error Handling should handle AI service unavailable" name="ErrorHandler Summary Error Handling should handle AI service unavailable" time="0">
    </testcase>
    <testcase classname="ErrorHandler Summary Error Handling should handle invalid custom prompt" name="ErrorHandler Summary Error Handling should handle invalid custom prompt" time="0.002">
      <failure>Error: expect(received).toBe(expected) // Object.is equality

Expected: &quot;default_prompt_used&quot;
Received: &quot;basic_summary_fallback&quot;
    at Object.toBe (/Volumes/externalssd/devitems/teamsmeetingplugin/src/client/services/__tests__/ErrorHandler.test.js:254:29)
    at processTicksAndRejections (node:internal/process/task_queues:105:5)</failure>
    </testcase>
    <testcase classname="ErrorHandler Retry Logic should implement exponential backoff for retries" name="ErrorHandler Retry Logic should implement exponential backoff for retries" time="0">
      <failure>Error: expect(received).toHaveLength(expected)

Expected length: 2
Received length: 3
Received array:  [1000, 2000, 4000]
    at Object.toHaveLength (/Volumes/externalssd/devitems/teamsmeetingplugin/src/client/services/__tests__/ErrorHandler.test.js:294:24)
    at processTicksAndRejections (node:internal/process/task_queues:105:5)</failure>
    </testcase>
    <testcase classname="ErrorHandler Retry Logic should stop retrying after max attempts" name="ErrorHandler Retry Logic should stop retrying after max attempts" time="3.006">
    </testcase>
    <testcase classname="ErrorHandler Fallback Mode Management should enable and disable fallback modes" name="ErrorHandler Fallback Mode Management should enable and disable fallback modes" time="0">
    </testcase>
    <testcase classname="ErrorHandler Fallback Mode Management should notify listeners when fallback mode is enabled" name="ErrorHandler Fallback Mode Management should notify listeners when fallback mode is enabled" time="0.001">
    </testcase>
    <testcase classname="ErrorHandler Diagnostic Data should collect diagnostic information" name="ErrorHandler Diagnostic Data should collect diagnostic information" time="3.006">
    </testcase>
    <testcase classname="ErrorHandler Diagnostic Data should limit diagnostic data to 100 entries" name="ErrorHandler Diagnostic Data should limit diagnostic data to 100 entries" time="5.002">
      <failure>Error: thrown: &quot;Exceeded timeout of 5000 ms for a test.
Add a timeout value to this test to increase the timeout, if this is a long-running test. See https://jestjs.io/docs/api#testname-fn-timeout.&quot;
    at test (/Volumes/externalssd/devitems/teamsmeetingplugin/src/client/services/__tests__/ErrorHandler.test.js:364:5)
    at _dispatchDescribe (/Volumes/externalssd/devitems/teamsmeetingplugin/node_modules/jest-circus/build/index.js:91:26)
    at describe (/Volumes/externalssd/devitems/teamsmeetingplugin/node_modules/jest-circus/build/index.js:55:5)
    at describe (/Volumes/externalssd/devitems/teamsmeetingplugin/src/client/services/__tests__/ErrorHandler.test.js:348:3)
    at _dispatchDescribe (/Volumes/externalssd/devitems/teamsmeetingplugin/node_modules/jest-circus/build/index.js:91:26)
    at describe (/Volumes/externalssd/devitems/teamsmeetingplugin/node_modules/jest-circus/build/index.js:55:5)
    at Object.describe (/Volumes/externalssd/devitems/teamsmeetingplugin/src/client/services/__tests__/ErrorHandler.test.js:23:1)
    at Runtime._execModule (/Volumes/externalssd/devitems/teamsmeetingplugin/node_modules/jest-runtime/build/index.js:1439:24)
    at Runtime._loadModule (/Volumes/externalssd/devitems/teamsmeetingplugin/node_modules/jest-runtime/build/index.js:1022:12)
    at Runtime.requireModule (/Volumes/externalssd/devitems/teamsmeetingplugin/node_modules/jest-runtime/build/index.js:882:12)
    at jestAdapter (/Volumes/externalssd/devitems/teamsmeetingplugin/node_modules/jest-circus/build/legacy-code-todo-rewrite/jestAdapter.js:77:13)
    at processTicksAndRejections (node:internal/process/task_queues:105:5)
    at runTestInternal (/Volumes/externalssd/devitems/teamsmeetingplugin/node_modules/jest-runner/build/runTest.js:367:16)
    at runTest (/Volumes/externalssd/devitems/teamsmeetingplugin/node_modules/jest-runner/build/runTest.js:444:34)
    at Object.worker (/Volumes/externalssd/devitems/teamsmeetingplugin/node_modules/jest-runner/build/testWorker.js:106:12)</failure>
    </testcase>
    <testcase classname="ErrorHandler Diagnostic Data should clear diagnostic data" name="ErrorHandler Diagnostic Data should clear diagnostic data" time="1.003">
    </testcase>
    <testcase classname="ErrorHandler User Notifications should send user notifications with correct format" name="ErrorHandler User Notifications should send user notifications with correct format" time="0">
    </testcase>
    <testcase classname="ErrorHandler User Notifications should handle listener errors gracefully" name="ErrorHandler User Notifications should handle listener errors gracefully" time="0.015">
      <failure>Error: expect(received).not.toThrow()

Error name:    &quot;Error&quot;
Error message: &quot;Listener error&quot;

      411 |     test(&apos;should handle listener errors gracefully&apos;, () =&gt; {
      412 |       const faultyListener = jest.fn().mockImplementation(() =&gt; {
    &gt; 413 |         throw new Error(&apos;Listener error&apos;);
          |               ^
      414 |       });
      415 |       
      416 |       errorHandler.addErrorListener(faultyListener);

      at src/client/services/__tests__/ErrorHandler.test.js:413:15
      at listener (src/client/services/ErrorHandler.js:196:9)
          at Set.forEach (&lt;anonymous&gt;)
      at ErrorHandler.forEach [as notifyUser] (src/client/services/ErrorHandler.js:194:25)
      at notifyUser (src/client/services/__tests__/ErrorHandler.test.js:421:22)
      at Object.&lt;anonymous&gt; (node_modules/expect/build/toThrowMatchers.js:74:11)
      at Object.throwingMatcher [as toThrow] (node_modules/expect/build/index.js:320:21)
      at Object.toThrow (src/client/services/__tests__/ErrorHandler.test.js:422:14)
    at Object.toThrow (/Volumes/externalssd/devitems/teamsmeetingplugin/src/client/services/__tests__/ErrorHandler.test.js:422:14)
    at Promise.then.completed (/Volumes/externalssd/devitems/teamsmeetingplugin/node_modules/jest-circus/build/utils.js:298:28)
    at new Promise (&lt;anonymous&gt;)
    at callAsyncCircusFn (/Volumes/externalssd/devitems/teamsmeetingplugin/node_modules/jest-circus/build/utils.js:231:10)
    at _callCircusTest (/Volumes/externalssd/devitems/teamsmeetingplugin/node_modules/jest-circus/build/run.js:316:40)
    at _runTest (/Volumes/externalssd/devitems/teamsmeetingplugin/node_modules/jest-circus/build/run.js:252:3)
    at _runTestsForDescribeBlock (/Volumes/externalssd/devitems/teamsmeetingplugin/node_modules/jest-circus/build/run.js:126:9)
    at _runTestsForDescribeBlock (/Volumes/externalssd/devitems/teamsmeetingplugin/node_modules/jest-circus/build/run.js:121:9)
    at _runTestsForDescribeBlock (/Volumes/externalssd/devitems/teamsmeetingplugin/node_modules/jest-circus/build/run.js:121:9)
    at run (/Volumes/externalssd/devitems/teamsmeetingplugin/node_modules/jest-circus/build/run.js:71:3)
    at runAndTransformResultsToJestFormat (/Volumes/externalssd/devitems/teamsmeetingplugin/node_modules/jest-circus/build/legacy-code-todo-rewrite/jestAdapterInit.js:122:21)
    at jestAdapter (/Volumes/externalssd/devitems/teamsmeetingplugin/node_modules/jest-circus/build/legacy-code-todo-rewrite/jestAdapter.js:79:19)
    at runTestInternal (/Volumes/externalssd/devitems/teamsmeetingplugin/node_modules/jest-runner/build/runTest.js:367:16)
    at runTest (/Volumes/externalssd/devitems/teamsmeetingplugin/node_modules/jest-runner/build/runTest.js:444:34)
    at Object.worker (/Volumes/externalssd/devitems/teamsmeetingplugin/node_modules/jest-runner/build/testWorker.js:106:12)</failure>
    </testcase>
    <testcase classname="ErrorHandler Network Recovery should test network connectivity" name="ErrorHandler Network Recovery should test network connectivity" time="1.002">
    </testcase>
    <testcase classname="ErrorHandler Network Recovery should handle network connectivity failure" name="ErrorHandler Network Recovery should handle network connectivity failure" time="1.004">
    </testcase>
    <testcase classname="ErrorHandler Integration with Recovery Strategies should execute recovery strategies for specific errors" name="ErrorHandler Integration with Recovery Strategies should execute recovery strategies for specific errors" time="1.004">
      <failure>Error: expect(received).toBe(expected) // Object.is equality

Expected: true
Received: false
    at Object.toBe (/Volumes/externalssd/devitems/teamsmeetingplugin/src/client/services/__tests__/ErrorHandler.test.js:469:30)</failure>
    </testcase>
    <testcase classname="Error Constants should have all required error severities" name="Error Constants should have all required error severities" time="0">
    </testcase>
    <testcase classname="Error Constants should have all required error categories" name="Error Constants should have all required error categories" time="0.001">
    </testcase>
    <testcase classname="Error Constants should have comprehensive error codes" name="Error Constants should have comprehensive error codes" time="0">
    </testcase>
  </testsuite>
  <testsuite name="ConfigurationManager" errors="0" failures="7" skipped="0" timestamp="2025-09-25T00:39:00" time="25.815" tests="31">
    <testcase classname="ConfigurationManager initialization should initialize IndexedDB successfully" name="ConfigurationManager initialization should initialize IndexedDB successfully" time="0.004">
    </testcase>
    <testcase classname="ConfigurationManager initialization should handle IndexedDB initialization error" name="ConfigurationManager initialization should handle IndexedDB initialization error" time="0.024">
    </testcase>
    <testcase classname="ConfigurationManager user configuration should get default configuration for new user" name="ConfigurationManager user configuration should get default configuration for new user" time="0.027">
    </testcase>
    <testcase classname="ConfigurationManager user configuration should get existing user configuration" name="ConfigurationManager user configuration should get existing user configuration" time="0.003">
    </testcase>
    <testcase classname="ConfigurationManager user configuration should save valid user configuration" name="ConfigurationManager user configuration should save valid user configuration" time="0.003">
    </testcase>
    <testcase classname="ConfigurationManager user configuration should reject invalid configuration" name="ConfigurationManager user configuration should reject invalid configuration" time="0.001">
    </testcase>
    <testcase classname="ConfigurationManager API key management should save and retrieve API key" name="ConfigurationManager API key management should save and retrieve API key" time="0.004">
    </testcase>
    <testcase classname="ConfigurationManager API key management should return null for non-existent API key" name="ConfigurationManager API key management should return null for non-existent API key" time="0.006">
    </testcase>
    <testcase classname="ConfigurationManager API key management should delete API key" name="ConfigurationManager API key management should delete API key" time="0.004">
    </testcase>
    <testcase classname="ConfigurationManager API key management should reject invalid API key" name="ConfigurationManager API key management should reject invalid API key" time="0.001">
    </testcase>
    <testcase classname="ConfigurationManager user prompts should save and retrieve custom prompt" name="ConfigurationManager user prompts should save and retrieve custom prompt" time="0">
      <failure>TypeError: store.index is not a function
    at index (/Volumes/externalssd/devitems/teamsmeetingplugin/src/client/services/ConfigurationManager.js:311:29)
    at new Promise (&lt;anonymous&gt;)
    at ConfigurationManager.savePrompt (/Volumes/externalssd/devitems/teamsmeetingplugin/src/client/services/ConfigurationManager.js:305:12)</failure>
    </testcase>
    <testcase classname="ConfigurationManager user prompts should return default prompt when no custom prompt exists" name="ConfigurationManager user prompts should return default prompt when no custom prompt exists" time="0">
      <failure>TypeError: store.index is not a function
    at index (/Volumes/externalssd/devitems/teamsmeetingplugin/src/client/services/ConfigurationManager.js:255:27)
    at new Promise (&lt;anonymous&gt;)
    at ConfigurationManager.getUserPrompts (/Volumes/externalssd/devitems/teamsmeetingplugin/src/client/services/ConfigurationManager.js:252:12)
    at ConfigurationManager.getUserPrompt (/Volumes/externalssd/devitems/teamsmeetingplugin/src/client/services/ConfigurationManager.js:233:21)
    at Object.&lt;anonymous&gt; (/Volumes/externalssd/devitems/teamsmeetingplugin/src/client/services/__tests__/ConfigurationManager.test.js:340:22)</failure>
    </testcase>
    <testcase classname="ConfigurationManager configuration validation should validate correct configuration" name="ConfigurationManager configuration validation should validate correct configuration" time="0.001">
    </testcase>
    <testcase classname="ConfigurationManager configuration validation should reject configuration with invalid STT provider" name="ConfigurationManager configuration validation should reject configuration with invalid STT provider" time="0">
    </testcase>
    <testcase classname="ConfigurationManager configuration validation should reject configuration with invalid AI provider" name="ConfigurationManager configuration validation should reject configuration with invalid AI provider" time="0">
    </testcase>
    <testcase classname="ConfigurationManager configuration validation should reject configuration with invalid data retention" name="ConfigurationManager configuration validation should reject configuration with invalid data retention" time="0">
    </testcase>
    <testcase classname="ConfigurationManager configuration validation should reject configuration missing required fields" name="ConfigurationManager configuration validation should reject configuration missing required fields" time="0">
    </testcase>
    <testcase classname="ConfigurationManager utility methods should identify cloud services requiring consent" name="ConfigurationManager utility methods should identify cloud services requiring consent" time="0">
    </testcase>
    <testcase classname="ConfigurationManager utility methods should return available STT providers" name="ConfigurationManager utility methods should return available STT providers" time="0">
    </testcase>
    <testcase classname="ConfigurationManager utility methods should return available AI providers" name="ConfigurationManager utility methods should return available AI providers" time="0">
    </testcase>
    <testcase classname="ConfigurationManager utility methods should encrypt and decrypt API keys" name="ConfigurationManager utility methods should encrypt and decrypt API keys" time="0.001">
    </testcase>
    <testcase classname="ConfigurationManager data management should clear all data" name="ConfigurationManager data management should clear all data" time="0.001">
    </testcase>
    <testcase classname="Enhanced Prompt Management should get all user prompts" name="Enhanced Prompt Management should get all user prompts" time="5.003">
      <failure>Error: thrown: &quot;Exceeded timeout of 5000 ms for a test.
Add a timeout value to this test to increase the timeout, if this is a long-running test. See https://jestjs.io/docs/api#testname-fn-timeout.&quot;
    at test (/Volumes/externalssd/devitems/teamsmeetingplugin/src/client/services/__tests__/ConfigurationManager.test.js:486:5)
    at _dispatchDescribe (/Volumes/externalssd/devitems/teamsmeetingplugin/node_modules/jest-circus/build/index.js:91:26)
    at describe (/Volumes/externalssd/devitems/teamsmeetingplugin/node_modules/jest-circus/build/index.js:55:5)
    at Object.describe (/Volumes/externalssd/devitems/teamsmeetingplugin/src/client/services/__tests__/ConfigurationManager.test.js:485:3)
    at Runtime._execModule (/Volumes/externalssd/devitems/teamsmeetingplugin/node_modules/jest-runtime/build/index.js:1439:24)
    at Runtime._loadModule (/Volumes/externalssd/devitems/teamsmeetingplugin/node_modules/jest-runtime/build/index.js:1022:12)
    at Runtime.requireModule (/Volumes/externalssd/devitems/teamsmeetingplugin/node_modules/jest-runtime/build/index.js:882:12)
    at jestAdapter (/Volumes/externalssd/devitems/teamsmeetingplugin/node_modules/jest-circus/build/legacy-code-todo-rewrite/jestAdapter.js:77:13)
    at processTicksAndRejections (node:internal/process/task_queues:105:5)
    at runTestInternal (/Volumes/externalssd/devitems/teamsmeetingplugin/node_modules/jest-runner/build/runTest.js:367:16)
    at runTest (/Volumes/externalssd/devitems/teamsmeetingplugin/node_modules/jest-runner/build/runTest.js:444:34)
    at Object.worker (/Volumes/externalssd/devitems/teamsmeetingplugin/node_modules/jest-runner/build/testWorker.js:106:12)</failure>
    </testcase>
    <testcase classname="Enhanced Prompt Management should create default prompt if none exist" name="Enhanced Prompt Management should create default prompt if none exist" time="5.002">
      <failure>Error: thrown: &quot;Exceeded timeout of 5000 ms for a test.
Add a timeout value to this test to increase the timeout, if this is a long-running test. See https://jestjs.io/docs/api#testname-fn-timeout.&quot;
    at test (/Volumes/externalssd/devitems/teamsmeetingplugin/src/client/services/__tests__/ConfigurationManager.test.js:538:5)
    at _dispatchDescribe (/Volumes/externalssd/devitems/teamsmeetingplugin/node_modules/jest-circus/build/index.js:91:26)
    at describe (/Volumes/externalssd/devitems/teamsmeetingplugin/node_modules/jest-circus/build/index.js:55:5)
    at Object.describe (/Volumes/externalssd/devitems/teamsmeetingplugin/src/client/services/__tests__/ConfigurationManager.test.js:485:3)
    at Runtime._execModule (/Volumes/externalssd/devitems/teamsmeetingplugin/node_modules/jest-runtime/build/index.js:1439:24)
    at Runtime._loadModule (/Volumes/externalssd/devitems/teamsmeetingplugin/node_modules/jest-runtime/build/index.js:1022:12)
    at Runtime.requireModule (/Volumes/externalssd/devitems/teamsmeetingplugin/node_modules/jest-runtime/build/index.js:882:12)
    at jestAdapter (/Volumes/externalssd/devitems/teamsmeetingplugin/node_modules/jest-circus/build/legacy-code-todo-rewrite/jestAdapter.js:77:13)
    at processTicksAndRejections (node:internal/process/task_queues:105:5)
    at runTestInternal (/Volumes/externalssd/devitems/teamsmeetingplugin/node_modules/jest-runner/build/runTest.js:367:16)
    at runTest (/Volumes/externalssd/devitems/teamsmeetingplugin/node_modules/jest-runner/build/runTest.js:444:34)
    at Object.worker (/Volumes/externalssd/devitems/teamsmeetingplugin/node_modules/jest-runner/build/testWorker.js:106:12)</failure>
    </testcase>
    <testcase classname="Enhanced Prompt Management should save prompt with validation" name="Enhanced Prompt Management should save prompt with validation" time="5.002">
      <failure>Error: thrown: &quot;Exceeded timeout of 5000 ms for a test.
Add a timeout value to this test to increase the timeout, if this is a long-running test. See https://jestjs.io/docs/api#testname-fn-timeout.&quot;
    at test (/Volumes/externalssd/devitems/teamsmeetingplugin/src/client/services/__tests__/ConfigurationManager.test.js:570:5)
    at _dispatchDescribe (/Volumes/externalssd/devitems/teamsmeetingplugin/node_modules/jest-circus/build/index.js:91:26)
    at describe (/Volumes/externalssd/devitems/teamsmeetingplugin/node_modules/jest-circus/build/index.js:55:5)
    at Object.describe (/Volumes/externalssd/devitems/teamsmeetingplugin/src/client/services/__tests__/ConfigurationManager.test.js:485:3)
    at Runtime._execModule (/Volumes/externalssd/devitems/teamsmeetingplugin/node_modules/jest-runtime/build/index.js:1439:24)
    at Runtime._loadModule (/Volumes/externalssd/devitems/teamsmeetingplugin/node_modules/jest-runtime/build/index.js:1022:12)
    at Runtime.requireModule (/Volumes/externalssd/devitems/teamsmeetingplugin/node_modules/jest-runtime/build/index.js:882:12)
    at jestAdapter (/Volumes/externalssd/devitems/teamsmeetingplugin/node_modules/jest-circus/build/legacy-code-todo-rewrite/jestAdapter.js:77:13)
    at processTicksAndRejections (node:internal/process/task_queues:105:5)
    at runTestInternal (/Volumes/externalssd/devitems/teamsmeetingplugin/node_modules/jest-runner/build/runTest.js:367:16)
    at runTest (/Volumes/externalssd/devitems/teamsmeetingplugin/node_modules/jest-runner/build/runTest.js:444:34)
    at Object.worker (/Volumes/externalssd/devitems/teamsmeetingplugin/node_modules/jest-runner/build/testWorker.js:106:12)</failure>
    </testcase>
    <testcase classname="Enhanced Prompt Management should validate prompt data" name="Enhanced Prompt Management should validate prompt data" time="0.001">
    </testcase>
    <testcase classname="Enhanced Prompt Management should delete prompt" name="Enhanced Prompt Management should delete prompt" time="5.001">
      <failure>Error: thrown: &quot;Exceeded timeout of 5000 ms for a test.
Add a timeout value to this test to increase the timeout, if this is a long-running test. See https://jestjs.io/docs/api#testname-fn-timeout.&quot;
    at test (/Volumes/externalssd/devitems/teamsmeetingplugin/src/client/services/__tests__/ConfigurationManager.test.js:665:5)
    at _dispatchDescribe (/Volumes/externalssd/devitems/teamsmeetingplugin/node_modules/jest-circus/build/index.js:91:26)
    at describe (/Volumes/externalssd/devitems/teamsmeetingplugin/node_modules/jest-circus/build/index.js:55:5)
    at Object.describe (/Volumes/externalssd/devitems/teamsmeetingplugin/src/client/services/__tests__/ConfigurationManager.test.js:485:3)
    at Runtime._execModule (/Volumes/externalssd/devitems/teamsmeetingplugin/node_modules/jest-runtime/build/index.js:1439:24)
    at Runtime._loadModule (/Volumes/externalssd/devitems/teamsmeetingplugin/node_modules/jest-runtime/build/index.js:1022:12)
    at Runtime.requireModule (/Volumes/externalssd/devitems/teamsmeetingplugin/node_modules/jest-runtime/build/index.js:882:12)
    at jestAdapter (/Volumes/externalssd/devitems/teamsmeetingplugin/node_modules/jest-circus/build/legacy-code-todo-rewrite/jestAdapter.js:77:13)
    at processTicksAndRejections (node:internal/process/task_queues:105:5)
    at runTestInternal (/Volumes/externalssd/devitems/teamsmeetingplugin/node_modules/jest-runner/build/runTest.js:367:16)
    at runTest (/Volumes/externalssd/devitems/teamsmeetingplugin/node_modules/jest-runner/build/runTest.js:444:34)
    at Object.worker (/Volumes/externalssd/devitems/teamsmeetingplugin/node_modules/jest-runner/build/testWorker.js:106:12)</failure>
    </testcase>
    <testcase classname="Enhanced Prompt Management should export prompts" name="Enhanced Prompt Management should export prompts" time="0.001">
    </testcase>
    <testcase classname="Enhanced Prompt Management should import prompts" name="Enhanced Prompt Management should import prompts" time="0">
    </testcase>
    <testcase classname="Enhanced Prompt Management should handle invalid import data" name="Enhanced Prompt Management should handle invalid import data" time="0.001">
    </testcase>
    <testcase classname="Enhanced Prompt Management should set default prompt correctly" name="Enhanced Prompt Management should set default prompt correctly" time="5">
      <failure>Error: thrown: &quot;Exceeded timeout of 5000 ms for a test.
Add a timeout value to this test to increase the timeout, if this is a long-running test. See https://jestjs.io/docs/api#testname-fn-timeout.&quot;
    at test (/Volumes/externalssd/devitems/teamsmeetingplugin/src/client/services/__tests__/ConfigurationManager.test.js:770:5)
    at _dispatchDescribe (/Volumes/externalssd/devitems/teamsmeetingplugin/node_modules/jest-circus/build/index.js:91:26)
    at describe (/Volumes/externalssd/devitems/teamsmeetingplugin/node_modules/jest-circus/build/index.js:55:5)
    at Object.describe (/Volumes/externalssd/devitems/teamsmeetingplugin/src/client/services/__tests__/ConfigurationManager.test.js:485:3)
    at Runtime._execModule (/Volumes/externalssd/devitems/teamsmeetingplugin/node_modules/jest-runtime/build/index.js:1439:24)
    at Runtime._loadModule (/Volumes/externalssd/devitems/teamsmeetingplugin/node_modules/jest-runtime/build/index.js:1022:12)
    at Runtime.requireModule (/Volumes/externalssd/devitems/teamsmeetingplugin/node_modules/jest-runtime/build/index.js:882:12)
    at jestAdapter (/Volumes/externalssd/devitems/teamsmeetingplugin/node_modules/jest-circus/build/legacy-code-todo-rewrite/jestAdapter.js:77:13)
    at processTicksAndRejections (node:internal/process/task_queues:105:5)
    at runTestInternal (/Volumes/externalssd/devitems/teamsmeetingplugin/node_modules/jest-runner/build/runTest.js:367:16)
    at runTest (/Volumes/externalssd/devitems/teamsmeetingplugin/node_modules/jest-runner/build/runTest.js:444:34)
    at Object.worker (/Volumes/externalssd/devitems/teamsmeetingplugin/node_modules/jest-runner/build/testWorker.js:106:12)</failure>
    </testcase>
  </testsuite>
  <testsuite name="TranscriptStorageService" errors="0" failures="17" skipped="0" timestamp="2025-09-25T00:39:01" time="80.151" tests="25">
    <testcase classname="TranscriptStorageService initialization should initialize database successfully" name="TranscriptStorageService initialization should initialize database successfully" time="0.005">
    </testcase>
    <testcase classname="TranscriptStorageService initialization should handle database initialization error" name="TranscriptStorageService initialization should handle database initialization error" time="0.013">
    </testcase>
    <testcase classname="TranscriptStorageService initialization should create object stores on upgrade" name="TranscriptStorageService initialization should create object stores on upgrade" time="0.003">
    </testcase>
    <testcase classname="TranscriptStorageService encryption should generate encryption key" name="TranscriptStorageService encryption should generate encryption key" time="5.002">
      <failure>Error: thrown: &quot;Exceeded timeout of 5000 ms for a test.
Add a timeout value to this test to increase the timeout, if this is a long-running test. See https://jestjs.io/docs/api#testname-fn-timeout.&quot;
    at it (/Volumes/externalssd/devitems/teamsmeetingplugin/src/client/services/__tests__/TranscriptStorageService.test.js:181:5)
    at _dispatchDescribe (/Volumes/externalssd/devitems/teamsmeetingplugin/node_modules/jest-circus/build/index.js:91:26)
    at describe (/Volumes/externalssd/devitems/teamsmeetingplugin/node_modules/jest-circus/build/index.js:55:5)
    at describe (/Volumes/externalssd/devitems/teamsmeetingplugin/src/client/services/__tests__/TranscriptStorageService.test.js:176:3)
    at _dispatchDescribe (/Volumes/externalssd/devitems/teamsmeetingplugin/node_modules/jest-circus/build/index.js:91:26)
    at describe (/Volumes/externalssd/devitems/teamsmeetingplugin/node_modules/jest-circus/build/index.js:55:5)
    at Object.describe (/Volumes/externalssd/devitems/teamsmeetingplugin/src/client/services/__tests__/TranscriptStorageService.test.js:67:1)
    at Runtime._execModule (/Volumes/externalssd/devitems/teamsmeetingplugin/node_modules/jest-runtime/build/index.js:1439:24)
    at Runtime._loadModule (/Volumes/externalssd/devitems/teamsmeetingplugin/node_modules/jest-runtime/build/index.js:1022:12)
    at Runtime.requireModule (/Volumes/externalssd/devitems/teamsmeetingplugin/node_modules/jest-runtime/build/index.js:882:12)
    at jestAdapter (/Volumes/externalssd/devitems/teamsmeetingplugin/node_modules/jest-circus/build/legacy-code-todo-rewrite/jestAdapter.js:77:13)
    at processTicksAndRejections (node:internal/process/task_queues:105:5)
    at runTestInternal (/Volumes/externalssd/devitems/teamsmeetingplugin/node_modules/jest-runner/build/runTest.js:367:16)
    at runTest (/Volumes/externalssd/devitems/teamsmeetingplugin/node_modules/jest-runner/build/runTest.js:444:34)
    at Object.worker (/Volumes/externalssd/devitems/teamsmeetingplugin/node_modules/jest-runner/build/testWorker.js:106:12)</failure>
    </testcase>
    <testcase classname="TranscriptStorageService encryption should encrypt content" name="TranscriptStorageService encryption should encrypt content" time="0.001">
    </testcase>
    <testcase classname="TranscriptStorageService encryption should decrypt content" name="TranscriptStorageService encryption should decrypt content" time="0">
      <failure>SyntaxError: Unexpected token &apos; &apos;, &quot;          &quot;... is not valid JSON
    at JSON.parse (&lt;anonymous&gt;)
    at TranscriptStorageService.parse [as decryptContent] (/Volumes/externalssd/devitems/teamsmeetingplugin/src/client/services/TranscriptStorageService.js:131:17)
    at Object.&lt;anonymous&gt; (/Volumes/externalssd/devitems/teamsmeetingplugin/src/client/services/__tests__/TranscriptStorageService.test.js:227:25)</failure>
    </testcase>
    <testcase classname="TranscriptStorageService transcript storage should store transcript without encryption" name="TranscriptStorageService transcript storage should store transcript without encryption" time="5.001">
      <failure>Error: thrown: &quot;Exceeded timeout of 5000 ms for a test.
Add a timeout value to this test to increase the timeout, if this is a long-running test. See https://jestjs.io/docs/api#testname-fn-timeout.&quot;
    at it (/Volumes/externalssd/devitems/teamsmeetingplugin/src/client/services/__tests__/TranscriptStorageService.test.js:238:5)
    at _dispatchDescribe (/Volumes/externalssd/devitems/teamsmeetingplugin/node_modules/jest-circus/build/index.js:91:26)
    at describe (/Volumes/externalssd/devitems/teamsmeetingplugin/node_modules/jest-circus/build/index.js:55:5)
    at describe (/Volumes/externalssd/devitems/teamsmeetingplugin/src/client/services/__tests__/TranscriptStorageService.test.js:233:3)
    at _dispatchDescribe (/Volumes/externalssd/devitems/teamsmeetingplugin/node_modules/jest-circus/build/index.js:91:26)
    at describe (/Volumes/externalssd/devitems/teamsmeetingplugin/node_modules/jest-circus/build/index.js:55:5)
    at Object.describe (/Volumes/externalssd/devitems/teamsmeetingplugin/src/client/services/__tests__/TranscriptStorageService.test.js:67:1)
    at Runtime._execModule (/Volumes/externalssd/devitems/teamsmeetingplugin/node_modules/jest-runtime/build/index.js:1439:24)
    at Runtime._loadModule (/Volumes/externalssd/devitems/teamsmeetingplugin/node_modules/jest-runtime/build/index.js:1022:12)
    at Runtime.requireModule (/Volumes/externalssd/devitems/teamsmeetingplugin/node_modules/jest-runtime/build/index.js:882:12)
    at jestAdapter (/Volumes/externalssd/devitems/teamsmeetingplugin/node_modules/jest-circus/build/legacy-code-todo-rewrite/jestAdapter.js:77:13)
    at processTicksAndRejections (node:internal/process/task_queues:105:5)
    at runTestInternal (/Volumes/externalssd/devitems/teamsmeetingplugin/node_modules/jest-runner/build/runTest.js:367:16)
    at runTest (/Volumes/externalssd/devitems/teamsmeetingplugin/node_modules/jest-runner/build/runTest.js:444:34)
    at Object.worker (/Volumes/externalssd/devitems/teamsmeetingplugin/node_modules/jest-runner/build/testWorker.js:106:12)</failure>
    </testcase>
    <testcase classname="TranscriptStorageService transcript storage should store transcript with encryption" name="TranscriptStorageService transcript storage should store transcript with encryption" time="5.003">
      <failure>Error: thrown: &quot;Exceeded timeout of 5000 ms for a test.
Add a timeout value to this test to increase the timeout, if this is a long-running test. See https://jestjs.io/docs/api#testname-fn-timeout.&quot;
    at it (/Volumes/externalssd/devitems/teamsmeetingplugin/src/client/services/__tests__/TranscriptStorageService.test.js:250:5)
    at _dispatchDescribe (/Volumes/externalssd/devitems/teamsmeetingplugin/node_modules/jest-circus/build/index.js:91:26)
    at describe (/Volumes/externalssd/devitems/teamsmeetingplugin/node_modules/jest-circus/build/index.js:55:5)
    at describe (/Volumes/externalssd/devitems/teamsmeetingplugin/src/client/services/__tests__/TranscriptStorageService.test.js:233:3)
    at _dispatchDescribe (/Volumes/externalssd/devitems/teamsmeetingplugin/node_modules/jest-circus/build/index.js:91:26)
    at describe (/Volumes/externalssd/devitems/teamsmeetingplugin/node_modules/jest-circus/build/index.js:55:5)
    at Object.describe (/Volumes/externalssd/devitems/teamsmeetingplugin/src/client/services/__tests__/TranscriptStorageService.test.js:67:1)
    at Runtime._execModule (/Volumes/externalssd/devitems/teamsmeetingplugin/node_modules/jest-runtime/build/index.js:1439:24)
    at Runtime._loadModule (/Volumes/externalssd/devitems/teamsmeetingplugin/node_modules/jest-runtime/build/index.js:1022:12)
    at Runtime.requireModule (/Volumes/externalssd/devitems/teamsmeetingplugin/node_modules/jest-runtime/build/index.js:882:12)
    at jestAdapter (/Volumes/externalssd/devitems/teamsmeetingplugin/node_modules/jest-circus/build/legacy-code-todo-rewrite/jestAdapter.js:77:13)
    at processTicksAndRejections (node:internal/process/task_queues:105:5)
    at runTestInternal (/Volumes/externalssd/devitems/teamsmeetingplugin/node_modules/jest-runner/build/runTest.js:367:16)
    at runTest (/Volumes/externalssd/devitems/teamsmeetingplugin/node_modules/jest-runner/build/runTest.js:444:34)
    at Object.worker (/Volumes/externalssd/devitems/teamsmeetingplugin/node_modules/jest-runner/build/testWorker.js:106:12)</failure>
    </testcase>
    <testcase classname="TranscriptStorageService transcript storage should handle storage errors" name="TranscriptStorageService transcript storage should handle storage errors" time="5.002">
      <failure>Error: thrown: &quot;Exceeded timeout of 5000 ms for a test.
Add a timeout value to this test to increase the timeout, if this is a long-running test. See https://jestjs.io/docs/api#testname-fn-timeout.&quot;
    at it (/Volumes/externalssd/devitems/teamsmeetingplugin/src/client/services/__tests__/TranscriptStorageService.test.js:264:5)
    at _dispatchDescribe (/Volumes/externalssd/devitems/teamsmeetingplugin/node_modules/jest-circus/build/index.js:91:26)
    at describe (/Volumes/externalssd/devitems/teamsmeetingplugin/node_modules/jest-circus/build/index.js:55:5)
    at describe (/Volumes/externalssd/devitems/teamsmeetingplugin/src/client/services/__tests__/TranscriptStorageService.test.js:233:3)
    at _dispatchDescribe (/Volumes/externalssd/devitems/teamsmeetingplugin/node_modules/jest-circus/build/index.js:91:26)
    at describe (/Volumes/externalssd/devitems/teamsmeetingplugin/node_modules/jest-circus/build/index.js:55:5)
    at Object.describe (/Volumes/externalssd/devitems/teamsmeetingplugin/src/client/services/__tests__/TranscriptStorageService.test.js:67:1)
    at Runtime._execModule (/Volumes/externalssd/devitems/teamsmeetingplugin/node_modules/jest-runtime/build/index.js:1439:24)
    at Runtime._loadModule (/Volumes/externalssd/devitems/teamsmeetingplugin/node_modules/jest-runtime/build/index.js:1022:12)
    at Runtime.requireModule (/Volumes/externalssd/devitems/teamsmeetingplugin/node_modules/jest-runtime/build/index.js:882:12)
    at jestAdapter (/Volumes/externalssd/devitems/teamsmeetingplugin/node_modules/jest-circus/build/legacy-code-todo-rewrite/jestAdapter.js:77:13)
    at processTicksAndRejections (node:internal/process/task_queues:105:5)
    at runTestInternal (/Volumes/externalssd/devitems/teamsmeetingplugin/node_modules/jest-runner/build/runTest.js:367:16)
    at runTest (/Volumes/externalssd/devitems/teamsmeetingplugin/node_modules/jest-runner/build/runTest.js:444:34)
    at Object.worker (/Volumes/externalssd/devitems/teamsmeetingplugin/node_modules/jest-runner/build/testWorker.js:106:12)</failure>
    </testcase>
    <testcase classname="TranscriptStorageService transcript retrieval should retrieve transcript by ID" name="TranscriptStorageService transcript retrieval should retrieve transcript by ID" time="5.002">
      <failure>Error: thrown: &quot;Exceeded timeout of 5000 ms for a test.
Add a timeout value to this test to increase the timeout, if this is a long-running test. See https://jestjs.io/docs/api#testname-fn-timeout.&quot;
    at it (/Volumes/externalssd/devitems/teamsmeetingplugin/src/client/services/__tests__/TranscriptStorageService.test.js:280:5)
    at _dispatchDescribe (/Volumes/externalssd/devitems/teamsmeetingplugin/node_modules/jest-circus/build/index.js:91:26)
    at describe (/Volumes/externalssd/devitems/teamsmeetingplugin/node_modules/jest-circus/build/index.js:55:5)
    at describe (/Volumes/externalssd/devitems/teamsmeetingplugin/src/client/services/__tests__/TranscriptStorageService.test.js:275:3)
    at _dispatchDescribe (/Volumes/externalssd/devitems/teamsmeetingplugin/node_modules/jest-circus/build/index.js:91:26)
    at describe (/Volumes/externalssd/devitems/teamsmeetingplugin/node_modules/jest-circus/build/index.js:55:5)
    at Object.describe (/Volumes/externalssd/devitems/teamsmeetingplugin/src/client/services/__tests__/TranscriptStorageService.test.js:67:1)
    at Runtime._execModule (/Volumes/externalssd/devitems/teamsmeetingplugin/node_modules/jest-runtime/build/index.js:1439:24)
    at Runtime._loadModule (/Volumes/externalssd/devitems/teamsmeetingplugin/node_modules/jest-runtime/build/index.js:1022:12)
    at Runtime.requireModule (/Volumes/externalssd/devitems/teamsmeetingplugin/node_modules/jest-runtime/build/index.js:882:12)
    at jestAdapter (/Volumes/externalssd/devitems/teamsmeetingplugin/node_modules/jest-circus/build/legacy-code-todo-rewrite/jestAdapter.js:77:13)
    at processTicksAndRejections (node:internal/process/task_queues:105:5)
    at runTestInternal (/Volumes/externalssd/devitems/teamsmeetingplugin/node_modules/jest-runner/build/runTest.js:367:16)
    at runTest (/Volumes/externalssd/devitems/teamsmeetingplugin/node_modules/jest-runner/build/runTest.js:444:34)
    at Object.worker (/Volumes/externalssd/devitems/teamsmeetingplugin/node_modules/jest-runner/build/testWorker.js:106:12)</failure>
    </testcase>
    <testcase classname="TranscriptStorageService transcript retrieval should return null for non-existent transcript" name="TranscriptStorageService transcript retrieval should return null for non-existent transcript" time="5.002">
      <failure>Error: thrown: &quot;Exceeded timeout of 5000 ms for a test.
Add a timeout value to this test to increase the timeout, if this is a long-running test. See https://jestjs.io/docs/api#testname-fn-timeout.&quot;
    at it (/Volumes/externalssd/devitems/teamsmeetingplugin/src/client/services/__tests__/TranscriptStorageService.test.js:294:5)
    at _dispatchDescribe (/Volumes/externalssd/devitems/teamsmeetingplugin/node_modules/jest-circus/build/index.js:91:26)
    at describe (/Volumes/externalssd/devitems/teamsmeetingplugin/node_modules/jest-circus/build/index.js:55:5)
    at describe (/Volumes/externalssd/devitems/teamsmeetingplugin/src/client/services/__tests__/TranscriptStorageService.test.js:275:3)
    at _dispatchDescribe (/Volumes/externalssd/devitems/teamsmeetingplugin/node_modules/jest-circus/build/index.js:91:26)
    at describe (/Volumes/externalssd/devitems/teamsmeetingplugin/node_modules/jest-circus/build/index.js:55:5)
    at Object.describe (/Volumes/externalssd/devitems/teamsmeetingplugin/src/client/services/__tests__/TranscriptStorageService.test.js:67:1)
    at Runtime._execModule (/Volumes/externalssd/devitems/teamsmeetingplugin/node_modules/jest-runtime/build/index.js:1439:24)
    at Runtime._loadModule (/Volumes/externalssd/devitems/teamsmeetingplugin/node_modules/jest-runtime/build/index.js:1022:12)
    at Runtime.requireModule (/Volumes/externalssd/devitems/teamsmeetingplugin/node_modules/jest-runtime/build/index.js:882:12)
    at jestAdapter (/Volumes/externalssd/devitems/teamsmeetingplugin/node_modules/jest-circus/build/legacy-code-todo-rewrite/jestAdapter.js:77:13)
    at processTicksAndRejections (node:internal/process/task_queues:105:5)
    at runTestInternal (/Volumes/externalssd/devitems/teamsmeetingplugin/node_modules/jest-runner/build/runTest.js:367:16)
    at runTest (/Volumes/externalssd/devitems/teamsmeetingplugin/node_modules/jest-runner/build/runTest.js:444:34)
    at Object.worker (/Volumes/externalssd/devitems/teamsmeetingplugin/node_modules/jest-runner/build/testWorker.js:106:12)</failure>
    </testcase>
    <testcase classname="TranscriptStorageService transcript retrieval should decrypt encrypted transcript" name="TranscriptStorageService transcript retrieval should decrypt encrypted transcript" time="5.002">
      <failure>Error: thrown: &quot;Exceeded timeout of 5000 ms for a test.
Add a timeout value to this test to increase the timeout, if this is a long-running test. See https://jestjs.io/docs/api#testname-fn-timeout.&quot;
    at it (/Volumes/externalssd/devitems/teamsmeetingplugin/src/client/services/__tests__/TranscriptStorageService.test.js:305:5)
    at _dispatchDescribe (/Volumes/externalssd/devitems/teamsmeetingplugin/node_modules/jest-circus/build/index.js:91:26)
    at describe (/Volumes/externalssd/devitems/teamsmeetingplugin/node_modules/jest-circus/build/index.js:55:5)
    at describe (/Volumes/externalssd/devitems/teamsmeetingplugin/src/client/services/__tests__/TranscriptStorageService.test.js:275:3)
    at _dispatchDescribe (/Volumes/externalssd/devitems/teamsmeetingplugin/node_modules/jest-circus/build/index.js:91:26)
    at describe (/Volumes/externalssd/devitems/teamsmeetingplugin/node_modules/jest-circus/build/index.js:55:5)
    at Object.describe (/Volumes/externalssd/devitems/teamsmeetingplugin/src/client/services/__tests__/TranscriptStorageService.test.js:67:1)
    at Runtime._execModule (/Volumes/externalssd/devitems/teamsmeetingplugin/node_modules/jest-runtime/build/index.js:1439:24)
    at Runtime._loadModule (/Volumes/externalssd/devitems/teamsmeetingplugin/node_modules/jest-runtime/build/index.js:1022:12)
    at Runtime.requireModule (/Volumes/externalssd/devitems/teamsmeetingplugin/node_modules/jest-runtime/build/index.js:882:12)
    at jestAdapter (/Volumes/externalssd/devitems/teamsmeetingplugin/node_modules/jest-circus/build/legacy-code-todo-rewrite/jestAdapter.js:77:13)
    at processTicksAndRejections (node:internal/process/task_queues:105:5)
    at runTestInternal (/Volumes/externalssd/devitems/teamsmeetingplugin/node_modules/jest-runner/build/runTest.js:367:16)
    at runTest (/Volumes/externalssd/devitems/teamsmeetingplugin/node_modules/jest-runner/build/runTest.js:444:34)
    at Object.worker (/Volumes/externalssd/devitems/teamsmeetingplugin/node_modules/jest-runner/build/testWorker.js:106:12)</failure>
    </testcase>
    <testcase classname="TranscriptStorageService transcript retrieval should get all transcripts" name="TranscriptStorageService transcript retrieval should get all transcripts" time="5.002">
      <failure>Error: thrown: &quot;Exceeded timeout of 5000 ms for a test.
Add a timeout value to this test to increase the timeout, if this is a long-running test. See https://jestjs.io/docs/api#testname-fn-timeout.&quot;
    at it (/Volumes/externalssd/devitems/teamsmeetingplugin/src/client/services/__tests__/TranscriptStorageService.test.js:324:5)
    at _dispatchDescribe (/Volumes/externalssd/devitems/teamsmeetingplugin/node_modules/jest-circus/build/index.js:91:26)
    at describe (/Volumes/externalssd/devitems/teamsmeetingplugin/node_modules/jest-circus/build/index.js:55:5)
    at describe (/Volumes/externalssd/devitems/teamsmeetingplugin/src/client/services/__tests__/TranscriptStorageService.test.js:275:3)
    at _dispatchDescribe (/Volumes/externalssd/devitems/teamsmeetingplugin/node_modules/jest-circus/build/index.js:91:26)
    at describe (/Volumes/externalssd/devitems/teamsmeetingplugin/node_modules/jest-circus/build/index.js:55:5)
    at Object.describe (/Volumes/externalssd/devitems/teamsmeetingplugin/src/client/services/__tests__/TranscriptStorageService.test.js:67:1)
    at Runtime._execModule (/Volumes/externalssd/devitems/teamsmeetingplugin/node_modules/jest-runtime/build/index.js:1439:24)
    at Runtime._loadModule (/Volumes/externalssd/devitems/teamsmeetingplugin/node_modules/jest-runtime/build/index.js:1022:12)
    at Runtime.requireModule (/Volumes/externalssd/devitems/teamsmeetingplugin/node_modules/jest-runtime/build/index.js:882:12)
    at jestAdapter (/Volumes/externalssd/devitems/teamsmeetingplugin/node_modules/jest-circus/build/legacy-code-todo-rewrite/jestAdapter.js:77:13)
    at processTicksAndRejections (node:internal/process/task_queues:105:5)
    at runTestInternal (/Volumes/externalssd/devitems/teamsmeetingplugin/node_modules/jest-runner/build/runTest.js:367:16)
    at runTest (/Volumes/externalssd/devitems/teamsmeetingplugin/node_modules/jest-runner/build/runTest.js:444:34)
    at Object.worker (/Volumes/externalssd/devitems/teamsmeetingplugin/node_modules/jest-runner/build/testWorker.js:106:12)</failure>
    </testcase>
    <testcase classname="TranscriptStorageService transcript retrieval should filter transcripts by meeting ID" name="TranscriptStorageService transcript retrieval should filter transcripts by meeting ID" time="5.002">
      <failure>Error: thrown: &quot;Exceeded timeout of 5000 ms for a test.
Add a timeout value to this test to increase the timeout, if this is a long-running test. See https://jestjs.io/docs/api#testname-fn-timeout.&quot;
    at it (/Volumes/externalssd/devitems/teamsmeetingplugin/src/client/services/__tests__/TranscriptStorageService.test.js:337:5)
    at _dispatchDescribe (/Volumes/externalssd/devitems/teamsmeetingplugin/node_modules/jest-circus/build/index.js:91:26)
    at describe (/Volumes/externalssd/devitems/teamsmeetingplugin/node_modules/jest-circus/build/index.js:55:5)
    at describe (/Volumes/externalssd/devitems/teamsmeetingplugin/src/client/services/__tests__/TranscriptStorageService.test.js:275:3)
    at _dispatchDescribe (/Volumes/externalssd/devitems/teamsmeetingplugin/node_modules/jest-circus/build/index.js:91:26)
    at describe (/Volumes/externalssd/devitems/teamsmeetingplugin/node_modules/jest-circus/build/index.js:55:5)
    at Object.describe (/Volumes/externalssd/devitems/teamsmeetingplugin/src/client/services/__tests__/TranscriptStorageService.test.js:67:1)
    at Runtime._execModule (/Volumes/externalssd/devitems/teamsmeetingplugin/node_modules/jest-runtime/build/index.js:1439:24)
    at Runtime._loadModule (/Volumes/externalssd/devitems/teamsmeetingplugin/node_modules/jest-runtime/build/index.js:1022:12)
    at Runtime.requireModule (/Volumes/externalssd/devitems/teamsmeetingplugin/node_modules/jest-runtime/build/index.js:882:12)
    at jestAdapter (/Volumes/externalssd/devitems/teamsmeetingplugin/node_modules/jest-circus/build/legacy-code-todo-rewrite/jestAdapter.js:77:13)
    at processTicksAndRejections (node:internal/process/task_queues:105:5)
    at runTestInternal (/Volumes/externalssd/devitems/teamsmeetingplugin/node_modules/jest-runner/build/runTest.js:367:16)
    at runTest (/Volumes/externalssd/devitems/teamsmeetingplugin/node_modules/jest-runner/build/runTest.js:444:34)
    at Object.worker (/Volumes/externalssd/devitems/teamsmeetingplugin/node_modules/jest-runner/build/testWorker.js:106:12)</failure>
    </testcase>
    <testcase classname="TranscriptStorageService search functionality should search transcripts by keywords" name="TranscriptStorageService search functionality should search transcripts by keywords" time="5.002">
      <failure>Error: thrown: &quot;Exceeded timeout of 5000 ms for a test.
Add a timeout value to this test to increase the timeout, if this is a long-running test. See https://jestjs.io/docs/api#testname-fn-timeout.&quot;
    at it (/Volumes/externalssd/devitems/teamsmeetingplugin/src/client/services/__tests__/TranscriptStorageService.test.js:360:5)
    at _dispatchDescribe (/Volumes/externalssd/devitems/teamsmeetingplugin/node_modules/jest-circus/build/index.js:91:26)
    at describe (/Volumes/externalssd/devitems/teamsmeetingplugin/node_modules/jest-circus/build/index.js:55:5)
    at describe (/Volumes/externalssd/devitems/teamsmeetingplugin/src/client/services/__tests__/TranscriptStorageService.test.js:355:3)
    at _dispatchDescribe (/Volumes/externalssd/devitems/teamsmeetingplugin/node_modules/jest-circus/build/index.js:91:26)
    at describe (/Volumes/externalssd/devitems/teamsmeetingplugin/node_modules/jest-circus/build/index.js:55:5)
    at Object.describe (/Volumes/externalssd/devitems/teamsmeetingplugin/src/client/services/__tests__/TranscriptStorageService.test.js:67:1)
    at Runtime._execModule (/Volumes/externalssd/devitems/teamsmeetingplugin/node_modules/jest-runtime/build/index.js:1439:24)
    at Runtime._loadModule (/Volumes/externalssd/devitems/teamsmeetingplugin/node_modules/jest-runtime/build/index.js:1022:12)
    at Runtime.requireModule (/Volumes/externalssd/devitems/teamsmeetingplugin/node_modules/jest-runtime/build/index.js:882:12)
    at jestAdapter (/Volumes/externalssd/devitems/teamsmeetingplugin/node_modules/jest-circus/build/legacy-code-todo-rewrite/jestAdapter.js:77:13)
    at processTicksAndRejections (node:internal/process/task_queues:105:5)
    at runTestInternal (/Volumes/externalssd/devitems/teamsmeetingplugin/node_modules/jest-runner/build/runTest.js:367:16)
    at runTest (/Volumes/externalssd/devitems/teamsmeetingplugin/node_modules/jest-runner/build/runTest.js:444:34)
    at Object.worker (/Volumes/externalssd/devitems/teamsmeetingplugin/node_modules/jest-runner/build/testWorker.js:106:12)</failure>
    </testcase>
    <testcase classname="TranscriptStorageService search functionality should handle search errors" name="TranscriptStorageService search functionality should handle search errors" time="5.001">
      <failure>Error: thrown: &quot;Exceeded timeout of 5000 ms for a test.
Add a timeout value to this test to increase the timeout, if this is a long-running test. See https://jestjs.io/docs/api#testname-fn-timeout.&quot;
    at it (/Volumes/externalssd/devitems/teamsmeetingplugin/src/client/services/__tests__/TranscriptStorageService.test.js:384:5)
    at _dispatchDescribe (/Volumes/externalssd/devitems/teamsmeetingplugin/node_modules/jest-circus/build/index.js:91:26)
    at describe (/Volumes/externalssd/devitems/teamsmeetingplugin/node_modules/jest-circus/build/index.js:55:5)
    at describe (/Volumes/externalssd/devitems/teamsmeetingplugin/src/client/services/__tests__/TranscriptStorageService.test.js:355:3)
    at _dispatchDescribe (/Volumes/externalssd/devitems/teamsmeetingplugin/node_modules/jest-circus/build/index.js:91:26)
    at describe (/Volumes/externalssd/devitems/teamsmeetingplugin/node_modules/jest-circus/build/index.js:55:5)
    at Object.describe (/Volumes/externalssd/devitems/teamsmeetingplugin/src/client/services/__tests__/TranscriptStorageService.test.js:67:1)
    at Runtime._execModule (/Volumes/externalssd/devitems/teamsmeetingplugin/node_modules/jest-runtime/build/index.js:1439:24)
    at Runtime._loadModule (/Volumes/externalssd/devitems/teamsmeetingplugin/node_modules/jest-runtime/build/index.js:1022:12)
    at Runtime.requireModule (/Volumes/externalssd/devitems/teamsmeetingplugin/node_modules/jest-runtime/build/index.js:882:12)
    at jestAdapter (/Volumes/externalssd/devitems/teamsmeetingplugin/node_modules/jest-circus/build/legacy-code-todo-rewrite/jestAdapter.js:77:13)
    at processTicksAndRejections (node:internal/process/task_queues:105:5)
    at runTestInternal (/Volumes/externalssd/devitems/teamsmeetingplugin/node_modules/jest-runner/build/runTest.js:367:16)
    at runTest (/Volumes/externalssd/devitems/teamsmeetingplugin/node_modules/jest-runner/build/runTest.js:444:34)
    at Object.worker (/Volumes/externalssd/devitems/teamsmeetingplugin/node_modules/jest-runner/build/testWorker.js:106:12)</failure>
    </testcase>
    <testcase classname="TranscriptStorageService transcript deletion should delete transcript" name="TranscriptStorageService transcript deletion should delete transcript" time="5.003">
      <failure>Error: thrown: &quot;Exceeded timeout of 5000 ms for a test.
Add a timeout value to this test to increase the timeout, if this is a long-running test. See https://jestjs.io/docs/api#testname-fn-timeout.&quot;
    at it (/Volumes/externalssd/devitems/teamsmeetingplugin/src/client/services/__tests__/TranscriptStorageService.test.js:404:5)
    at _dispatchDescribe (/Volumes/externalssd/devitems/teamsmeetingplugin/node_modules/jest-circus/build/index.js:91:26)
    at describe (/Volumes/externalssd/devitems/teamsmeetingplugin/node_modules/jest-circus/build/index.js:55:5)
    at describe (/Volumes/externalssd/devitems/teamsmeetingplugin/src/client/services/__tests__/TranscriptStorageService.test.js:399:3)
    at _dispatchDescribe (/Volumes/externalssd/devitems/teamsmeetingplugin/node_modules/jest-circus/build/index.js:91:26)
    at describe (/Volumes/externalssd/devitems/teamsmeetingplugin/node_modules/jest-circus/build/index.js:55:5)
    at Object.describe (/Volumes/externalssd/devitems/teamsmeetingplugin/src/client/services/__tests__/TranscriptStorageService.test.js:67:1)
    at Runtime._execModule (/Volumes/externalssd/devitems/teamsmeetingplugin/node_modules/jest-runtime/build/index.js:1439:24)
    at Runtime._loadModule (/Volumes/externalssd/devitems/teamsmeetingplugin/node_modules/jest-runtime/build/index.js:1022:12)
    at Runtime.requireModule (/Volumes/externalssd/devitems/teamsmeetingplugin/node_modules/jest-runtime/build/index.js:882:12)
    at jestAdapter (/Volumes/externalssd/devitems/teamsmeetingplugin/node_modules/jest-circus/build/legacy-code-todo-rewrite/jestAdapter.js:77:13)
    at processTicksAndRejections (node:internal/process/task_queues:105:5)
    at runTestInternal (/Volumes/externalssd/devitems/teamsmeetingplugin/node_modules/jest-runner/build/runTest.js:367:16)
    at runTest (/Volumes/externalssd/devitems/teamsmeetingplugin/node_modules/jest-runner/build/runTest.js:444:34)
    at Object.worker (/Volumes/externalssd/devitems/teamsmeetingplugin/node_modules/jest-runner/build/testWorker.js:106:12)</failure>
    </testcase>
    <testcase classname="TranscriptStorageService transcript deletion should delete multiple transcripts" name="TranscriptStorageService transcript deletion should delete multiple transcripts" time="5.002">
      <failure>Error: thrown: &quot;Exceeded timeout of 5000 ms for a test.
Add a timeout value to this test to increase the timeout, if this is a long-running test. See https://jestjs.io/docs/api#testname-fn-timeout.&quot;
    at it (/Volumes/externalssd/devitems/teamsmeetingplugin/src/client/services/__tests__/TranscriptStorageService.test.js:416:5)
    at _dispatchDescribe (/Volumes/externalssd/devitems/teamsmeetingplugin/node_modules/jest-circus/build/index.js:91:26)
    at describe (/Volumes/externalssd/devitems/teamsmeetingplugin/node_modules/jest-circus/build/index.js:55:5)
    at describe (/Volumes/externalssd/devitems/teamsmeetingplugin/src/client/services/__tests__/TranscriptStorageService.test.js:399:3)
    at _dispatchDescribe (/Volumes/externalssd/devitems/teamsmeetingplugin/node_modules/jest-circus/build/index.js:91:26)
    at describe (/Volumes/externalssd/devitems/teamsmeetingplugin/node_modules/jest-circus/build/index.js:55:5)
    at Object.describe (/Volumes/externalssd/devitems/teamsmeetingplugin/src/client/services/__tests__/TranscriptStorageService.test.js:67:1)
    at Runtime._execModule (/Volumes/externalssd/devitems/teamsmeetingplugin/node_modules/jest-runtime/build/index.js:1439:24)
    at Runtime._loadModule (/Volumes/externalssd/devitems/teamsmeetingplugin/node_modules/jest-runtime/build/index.js:1022:12)
    at Runtime.requireModule (/Volumes/externalssd/devitems/teamsmeetingplugin/node_modules/jest-runtime/build/index.js:882:12)
    at jestAdapter (/Volumes/externalssd/devitems/teamsmeetingplugin/node_modules/jest-circus/build/legacy-code-todo-rewrite/jestAdapter.js:77:13)
    at processTicksAndRejections (node:internal/process/task_queues:105:5)
    at runTestInternal (/Volumes/externalssd/devitems/teamsmeetingplugin/node_modules/jest-runner/build/runTest.js:367:16)
    at runTest (/Volumes/externalssd/devitems/teamsmeetingplugin/node_modules/jest-runner/build/runTest.js:444:34)
    at Object.worker (/Volumes/externalssd/devitems/teamsmeetingplugin/node_modules/jest-runner/build/testWorker.js:106:12)</failure>
    </testcase>
    <testcase classname="TranscriptStorageService transcript deletion should handle deletion errors" name="TranscriptStorageService transcript deletion should handle deletion errors" time="5.002">
      <failure>Error: thrown: &quot;Exceeded timeout of 5000 ms for a test.
Add a timeout value to this test to increase the timeout, if this is a long-running test. See https://jestjs.io/docs/api#testname-fn-timeout.&quot;
    at it (/Volumes/externalssd/devitems/teamsmeetingplugin/src/client/services/__tests__/TranscriptStorageService.test.js:429:5)
    at _dispatchDescribe (/Volumes/externalssd/devitems/teamsmeetingplugin/node_modules/jest-circus/build/index.js:91:26)
    at describe (/Volumes/externalssd/devitems/teamsmeetingplugin/node_modules/jest-circus/build/index.js:55:5)
    at describe (/Volumes/externalssd/devitems/teamsmeetingplugin/src/client/services/__tests__/TranscriptStorageService.test.js:399:3)
    at _dispatchDescribe (/Volumes/externalssd/devitems/teamsmeetingplugin/node_modules/jest-circus/build/index.js:91:26)
    at describe (/Volumes/externalssd/devitems/teamsmeetingplugin/node_modules/jest-circus/build/index.js:55:5)
    at Object.describe (/Volumes/externalssd/devitems/teamsmeetingplugin/src/client/services/__tests__/TranscriptStorageService.test.js:67:1)
    at Runtime._execModule (/Volumes/externalssd/devitems/teamsmeetingplugin/node_modules/jest-runtime/build/index.js:1439:24)
    at Runtime._loadModule (/Volumes/externalssd/devitems/teamsmeetingplugin/node_modules/jest-runtime/build/index.js:1022:12)
    at Runtime.requireModule (/Volumes/externalssd/devitems/teamsmeetingplugin/node_modules/jest-runtime/build/index.js:882:12)
    at jestAdapter (/Volumes/externalssd/devitems/teamsmeetingplugin/node_modules/jest-circus/build/legacy-code-todo-rewrite/jestAdapter.js:77:13)
    at processTicksAndRejections (node:internal/process/task_queues:105:5)
    at runTestInternal (/Volumes/externalssd/devitems/teamsmeetingplugin/node_modules/jest-runner/build/runTest.js:367:16)
    at runTest (/Volumes/externalssd/devitems/teamsmeetingplugin/node_modules/jest-runner/build/runTest.js:444:34)
    at Object.worker (/Volumes/externalssd/devitems/teamsmeetingplugin/node_modules/jest-runner/build/testWorker.js:106:12)</failure>
    </testcase>
    <testcase classname="TranscriptStorageService cleanup functionality should cleanup old transcripts" name="TranscriptStorageService cleanup functionality should cleanup old transcripts" time="5.002">
      <failure>Error: thrown: &quot;Exceeded timeout of 5000 ms for a test.
Add a timeout value to this test to increase the timeout, if this is a long-running test. See https://jestjs.io/docs/api#testname-fn-timeout.&quot;
    at it (/Volumes/externalssd/devitems/teamsmeetingplugin/src/client/services/__tests__/TranscriptStorageService.test.js:445:5)
    at _dispatchDescribe (/Volumes/externalssd/devitems/teamsmeetingplugin/node_modules/jest-circus/build/index.js:91:26)
    at describe (/Volumes/externalssd/devitems/teamsmeetingplugin/node_modules/jest-circus/build/index.js:55:5)
    at describe (/Volumes/externalssd/devitems/teamsmeetingplugin/src/client/services/__tests__/TranscriptStorageService.test.js:440:3)
    at _dispatchDescribe (/Volumes/externalssd/devitems/teamsmeetingplugin/node_modules/jest-circus/build/index.js:91:26)
    at describe (/Volumes/externalssd/devitems/teamsmeetingplugin/node_modules/jest-circus/build/index.js:55:5)
    at Object.describe (/Volumes/externalssd/devitems/teamsmeetingplugin/src/client/services/__tests__/TranscriptStorageService.test.js:67:1)
    at Runtime._execModule (/Volumes/externalssd/devitems/teamsmeetingplugin/node_modules/jest-runtime/build/index.js:1439:24)
    at Runtime._loadModule (/Volumes/externalssd/devitems/teamsmeetingplugin/node_modules/jest-runtime/build/index.js:1022:12)
    at Runtime.requireModule (/Volumes/externalssd/devitems/teamsmeetingplugin/node_modules/jest-runtime/build/index.js:882:12)
    at jestAdapter (/Volumes/externalssd/devitems/teamsmeetingplugin/node_modules/jest-circus/build/legacy-code-todo-rewrite/jestAdapter.js:77:13)
    at processTicksAndRejections (node:internal/process/task_queues:105:5)
    at runTestInternal (/Volumes/externalssd/devitems/teamsmeetingplugin/node_modules/jest-runner/build/runTest.js:367:16)
    at runTest (/Volumes/externalssd/devitems/teamsmeetingplugin/node_modules/jest-runner/build/runTest.js:444:34)
    at Object.worker (/Volumes/externalssd/devitems/teamsmeetingplugin/node_modules/jest-runner/build/testWorker.js:106:12)</failure>
    </testcase>
    <testcase classname="TranscriptStorageService storage statistics should get storage statistics" name="TranscriptStorageService storage statistics should get storage statistics" time="5.002">
      <failure>Error: thrown: &quot;Exceeded timeout of 5000 ms for a test.
Add a timeout value to this test to increase the timeout, if this is a long-running test. See https://jestjs.io/docs/api#testname-fn-timeout.&quot;
    at it (/Volumes/externalssd/devitems/teamsmeetingplugin/src/client/services/__tests__/TranscriptStorageService.test.js:474:5)
    at _dispatchDescribe (/Volumes/externalssd/devitems/teamsmeetingplugin/node_modules/jest-circus/build/index.js:91:26)
    at describe (/Volumes/externalssd/devitems/teamsmeetingplugin/node_modules/jest-circus/build/index.js:55:5)
    at describe (/Volumes/externalssd/devitems/teamsmeetingplugin/src/client/services/__tests__/TranscriptStorageService.test.js:469:3)
    at _dispatchDescribe (/Volumes/externalssd/devitems/teamsmeetingplugin/node_modules/jest-circus/build/index.js:91:26)
    at describe (/Volumes/externalssd/devitems/teamsmeetingplugin/node_modules/jest-circus/build/index.js:55:5)
    at Object.describe (/Volumes/externalssd/devitems/teamsmeetingplugin/src/client/services/__tests__/TranscriptStorageService.test.js:67:1)
    at Runtime._execModule (/Volumes/externalssd/devitems/teamsmeetingplugin/node_modules/jest-runtime/build/index.js:1439:24)
    at Runtime._loadModule (/Volumes/externalssd/devitems/teamsmeetingplugin/node_modules/jest-runtime/build/index.js:1022:12)
    at Runtime.requireModule (/Volumes/externalssd/devitems/teamsmeetingplugin/node_modules/jest-runtime/build/index.js:882:12)
    at jestAdapter (/Volumes/externalssd/devitems/teamsmeetingplugin/node_modules/jest-circus/build/legacy-code-todo-rewrite/jestAdapter.js:77:13)
    at processTicksAndRejections (node:internal/process/task_queues:105:5)
    at runTestInternal (/Volumes/externalssd/devitems/teamsmeetingplugin/node_modules/jest-runner/build/runTest.js:367:16)
    at runTest (/Volumes/externalssd/devitems/teamsmeetingplugin/node_modules/jest-runner/build/runTest.js:444:34)
    at Object.worker (/Volumes/externalssd/devitems/teamsmeetingplugin/node_modules/jest-runner/build/testWorker.js:106:12)</failure>
    </testcase>
    <testcase classname="TranscriptStorageService helper methods should extract keywords from content" name="TranscriptStorageService helper methods should extract keywords from content" time="0.001">
    </testcase>
    <testcase classname="TranscriptStorageService helper methods should calculate relevance score" name="TranscriptStorageService helper methods should calculate relevance score" time="0.001">
    </testcase>
    <testcase classname="TranscriptStorageService helper methods should generate unique IDs" name="TranscriptStorageService helper methods should generate unique IDs" time="0">
    </testcase>
    <testcase classname="TranscriptStorageService helper methods should calculate content size" name="TranscriptStorageService helper methods should calculate content size" time="0">
    </testcase>
  </testsuite>
  <testsuite name="TranscriptSharingService" errors="0" failures="20" skipped="0" timestamp="2025-09-25T00:39:01" time="95.251" tests="28">
    <testcase classname="TranscriptSharingService initialization should initialize sharing stores" name="TranscriptSharingService initialization should initialize sharing stores" time="0.005">
      <failure>Error: expect(jest.fn()).toHaveBeenCalled()

Expected number of calls: &gt;= 1
Received number of calls:    0
    at Object.toHaveBeenCalled (/Volumes/externalssd/devitems/teamsmeetingplugin/src/client/services/__tests__/TranscriptSharingService.test.js:130:45)</failure>
    </testcase>
    <testcase classname="TranscriptSharingService initialization should handle initialization errors" name="TranscriptSharingService initialization should handle initialization errors" time="0.005">
    </testcase>
    <testcase classname="TranscriptSharingService share creation should create a basic share" name="TranscriptSharingService share creation should create a basic share" time="5.003">
      <failure>Error: thrown: &quot;Exceeded timeout of 5000 ms for a test.
Add a timeout value to this test to increase the timeout, if this is a long-running test. See https://jestjs.io/docs/api#testname-fn-timeout.&quot;
    at it (/Volumes/externalssd/devitems/teamsmeetingplugin/src/client/services/__tests__/TranscriptSharingService.test.js:157:5)
    at _dispatchDescribe (/Volumes/externalssd/devitems/teamsmeetingplugin/node_modules/jest-circus/build/index.js:91:26)
    at describe (/Volumes/externalssd/devitems/teamsmeetingplugin/node_modules/jest-circus/build/index.js:55:5)
    at describe (/Volumes/externalssd/devitems/teamsmeetingplugin/src/client/services/__tests__/TranscriptSharingService.test.js:149:3)
    at _dispatchDescribe (/Volumes/externalssd/devitems/teamsmeetingplugin/node_modules/jest-circus/build/index.js:91:26)
    at describe (/Volumes/externalssd/devitems/teamsmeetingplugin/node_modules/jest-circus/build/index.js:55:5)
    at Object.describe (/Volumes/externalssd/devitems/teamsmeetingplugin/src/client/services/__tests__/TranscriptSharingService.test.js:70:1)
    at Runtime._execModule (/Volumes/externalssd/devitems/teamsmeetingplugin/node_modules/jest-runtime/build/index.js:1439:24)
    at Runtime._loadModule (/Volumes/externalssd/devitems/teamsmeetingplugin/node_modules/jest-runtime/build/index.js:1022:12)
    at Runtime.requireModule (/Volumes/externalssd/devitems/teamsmeetingplugin/node_modules/jest-runtime/build/index.js:882:12)
    at jestAdapter (/Volumes/externalssd/devitems/teamsmeetingplugin/node_modules/jest-circus/build/legacy-code-todo-rewrite/jestAdapter.js:77:13)
    at processTicksAndRejections (node:internal/process/task_queues:105:5)
    at runTestInternal (/Volumes/externalssd/devitems/teamsmeetingplugin/node_modules/jest-runner/build/runTest.js:367:16)
    at runTest (/Volumes/externalssd/devitems/teamsmeetingplugin/node_modules/jest-runner/build/runTest.js:444:34)
    at Object.worker (/Volumes/externalssd/devitems/teamsmeetingplugin/node_modules/jest-runner/build/testWorker.js:106:12)</failure>
    </testcase>
    <testcase classname="TranscriptSharingService share creation should create share with custom options" name="TranscriptSharingService share creation should create share with custom options" time="5.003">
      <failure>Error: thrown: &quot;Exceeded timeout of 5000 ms for a test.
Add a timeout value to this test to increase the timeout, if this is a long-running test. See https://jestjs.io/docs/api#testname-fn-timeout.&quot;
    at it (/Volumes/externalssd/devitems/teamsmeetingplugin/src/client/services/__tests__/TranscriptSharingService.test.js:170:5)
    at _dispatchDescribe (/Volumes/externalssd/devitems/teamsmeetingplugin/node_modules/jest-circus/build/index.js:91:26)
    at describe (/Volumes/externalssd/devitems/teamsmeetingplugin/node_modules/jest-circus/build/index.js:55:5)
    at describe (/Volumes/externalssd/devitems/teamsmeetingplugin/src/client/services/__tests__/TranscriptSharingService.test.js:149:3)
    at _dispatchDescribe (/Volumes/externalssd/devitems/teamsmeetingplugin/node_modules/jest-circus/build/index.js:91:26)
    at describe (/Volumes/externalssd/devitems/teamsmeetingplugin/node_modules/jest-circus/build/index.js:55:5)
    at Object.describe (/Volumes/externalssd/devitems/teamsmeetingplugin/src/client/services/__tests__/TranscriptSharingService.test.js:70:1)
    at Runtime._execModule (/Volumes/externalssd/devitems/teamsmeetingplugin/node_modules/jest-runtime/build/index.js:1439:24)
    at Runtime._loadModule (/Volumes/externalssd/devitems/teamsmeetingplugin/node_modules/jest-runtime/build/index.js:1022:12)
    at Runtime.requireModule (/Volumes/externalssd/devitems/teamsmeetingplugin/node_modules/jest-runtime/build/index.js:882:12)
    at jestAdapter (/Volumes/externalssd/devitems/teamsmeetingplugin/node_modules/jest-circus/build/legacy-code-todo-rewrite/jestAdapter.js:77:13)
    at processTicksAndRejections (node:internal/process/task_queues:105:5)
    at runTestInternal (/Volumes/externalssd/devitems/teamsmeetingplugin/node_modules/jest-runner/build/runTest.js:367:16)
    at runTest (/Volumes/externalssd/devitems/teamsmeetingplugin/node_modules/jest-runner/build/runTest.js:444:34)
    at Object.worker (/Volumes/externalssd/devitems/teamsmeetingplugin/node_modules/jest-runner/build/testWorker.js:106:12)</failure>
    </testcase>
    <testcase classname="TranscriptSharingService share creation should handle transcript not found" name="TranscriptSharingService share creation should handle transcript not found" time="5.004">
      <failure>Error: thrown: &quot;Exceeded timeout of 5000 ms for a test.
Add a timeout value to this test to increase the timeout, if this is a long-running test. See https://jestjs.io/docs/api#testname-fn-timeout.&quot;
    at it (/Volumes/externalssd/devitems/teamsmeetingplugin/src/client/services/__tests__/TranscriptSharingService.test.js:190:5)
    at _dispatchDescribe (/Volumes/externalssd/devitems/teamsmeetingplugin/node_modules/jest-circus/build/index.js:91:26)
    at describe (/Volumes/externalssd/devitems/teamsmeetingplugin/node_modules/jest-circus/build/index.js:55:5)
    at describe (/Volumes/externalssd/devitems/teamsmeetingplugin/src/client/services/__tests__/TranscriptSharingService.test.js:149:3)
    at _dispatchDescribe (/Volumes/externalssd/devitems/teamsmeetingplugin/node_modules/jest-circus/build/index.js:91:26)
    at describe (/Volumes/externalssd/devitems/teamsmeetingplugin/node_modules/jest-circus/build/index.js:55:5)
    at Object.describe (/Volumes/externalssd/devitems/teamsmeetingplugin/src/client/services/__tests__/TranscriptSharingService.test.js:70:1)
    at Runtime._execModule (/Volumes/externalssd/devitems/teamsmeetingplugin/node_modules/jest-runtime/build/index.js:1439:24)
    at Runtime._loadModule (/Volumes/externalssd/devitems/teamsmeetingplugin/node_modules/jest-runtime/build/index.js:1022:12)
    at Runtime.requireModule (/Volumes/externalssd/devitems/teamsmeetingplugin/node_modules/jest-runtime/build/index.js:882:12)
    at jestAdapter (/Volumes/externalssd/devitems/teamsmeetingplugin/node_modules/jest-circus/build/legacy-code-todo-rewrite/jestAdapter.js:77:13)
    at processTicksAndRejections (node:internal/process/task_queues:105:5)
    at runTestInternal (/Volumes/externalssd/devitems/teamsmeetingplugin/node_modules/jest-runner/build/runTest.js:367:16)
    at runTest (/Volumes/externalssd/devitems/teamsmeetingplugin/node_modules/jest-runner/build/runTest.js:444:34)
    at Object.worker (/Volumes/externalssd/devitems/teamsmeetingplugin/node_modules/jest-runner/build/testWorker.js:106:12)</failure>
    </testcase>
    <testcase classname="TranscriptSharingService share creation should handle share creation errors" name="TranscriptSharingService share creation should handle share creation errors" time="5.002">
      <failure>Error: thrown: &quot;Exceeded timeout of 5000 ms for a test.
Add a timeout value to this test to increase the timeout, if this is a long-running test. See https://jestjs.io/docs/api#testname-fn-timeout.&quot;
    at it (/Volumes/externalssd/devitems/teamsmeetingplugin/src/client/services/__tests__/TranscriptSharingService.test.js:197:5)
    at _dispatchDescribe (/Volumes/externalssd/devitems/teamsmeetingplugin/node_modules/jest-circus/build/index.js:91:26)
    at describe (/Volumes/externalssd/devitems/teamsmeetingplugin/node_modules/jest-circus/build/index.js:55:5)
    at describe (/Volumes/externalssd/devitems/teamsmeetingplugin/src/client/services/__tests__/TranscriptSharingService.test.js:149:3)
    at _dispatchDescribe (/Volumes/externalssd/devitems/teamsmeetingplugin/node_modules/jest-circus/build/index.js:91:26)
    at describe (/Volumes/externalssd/devitems/teamsmeetingplugin/node_modules/jest-circus/build/index.js:55:5)
    at Object.describe (/Volumes/externalssd/devitems/teamsmeetingplugin/src/client/services/__tests__/TranscriptSharingService.test.js:70:1)
    at Runtime._execModule (/Volumes/externalssd/devitems/teamsmeetingplugin/node_modules/jest-runtime/build/index.js:1439:24)
    at Runtime._loadModule (/Volumes/externalssd/devitems/teamsmeetingplugin/node_modules/jest-runtime/build/index.js:1022:12)
    at Runtime.requireModule (/Volumes/externalssd/devitems/teamsmeetingplugin/node_modules/jest-runtime/build/index.js:882:12)
    at jestAdapter (/Volumes/externalssd/devitems/teamsmeetingplugin/node_modules/jest-circus/build/legacy-code-todo-rewrite/jestAdapter.js:77:13)
    at processTicksAndRejections (node:internal/process/task_queues:105:5)
    at runTestInternal (/Volumes/externalssd/devitems/teamsmeetingplugin/node_modules/jest-runner/build/runTest.js:367:16)
    at runTest (/Volumes/externalssd/devitems/teamsmeetingplugin/node_modules/jest-runner/build/runTest.js:444:34)
    at Object.worker (/Volumes/externalssd/devitems/teamsmeetingplugin/node_modules/jest-runner/build/testWorker.js:106:12)</failure>
    </testcase>
    <testcase classname="TranscriptSharingService share access should access valid share" name="TranscriptSharingService share access should access valid share" time="5.003">
      <failure>Error: thrown: &quot;Exceeded timeout of 5000 ms for a test.
Add a timeout value to this test to increase the timeout, if this is a long-running test. See https://jestjs.io/docs/api#testname-fn-timeout.&quot;
    at it (/Volumes/externalssd/devitems/teamsmeetingplugin/src/client/services/__tests__/TranscriptSharingService.test.js:251:5)
    at _dispatchDescribe (/Volumes/externalssd/devitems/teamsmeetingplugin/node_modules/jest-circus/build/index.js:91:26)
    at describe (/Volumes/externalssd/devitems/teamsmeetingplugin/node_modules/jest-circus/build/index.js:55:5)
    at describe (/Volumes/externalssd/devitems/teamsmeetingplugin/src/client/services/__tests__/TranscriptSharingService.test.js:209:3)
    at _dispatchDescribe (/Volumes/externalssd/devitems/teamsmeetingplugin/node_modules/jest-circus/build/index.js:91:26)
    at describe (/Volumes/externalssd/devitems/teamsmeetingplugin/node_modules/jest-circus/build/index.js:55:5)
    at Object.describe (/Volumes/externalssd/devitems/teamsmeetingplugin/src/client/services/__tests__/TranscriptSharingService.test.js:70:1)
    at Runtime._execModule (/Volumes/externalssd/devitems/teamsmeetingplugin/node_modules/jest-runtime/build/index.js:1439:24)
    at Runtime._loadModule (/Volumes/externalssd/devitems/teamsmeetingplugin/node_modules/jest-runtime/build/index.js:1022:12)
    at Runtime.requireModule (/Volumes/externalssd/devitems/teamsmeetingplugin/node_modules/jest-runtime/build/index.js:882:12)
    at jestAdapter (/Volumes/externalssd/devitems/teamsmeetingplugin/node_modules/jest-circus/build/legacy-code-todo-rewrite/jestAdapter.js:77:13)
    at processTicksAndRejections (node:internal/process/task_queues:105:5)
    at runTestInternal (/Volumes/externalssd/devitems/teamsmeetingplugin/node_modules/jest-runner/build/runTest.js:367:16)
    at runTest (/Volumes/externalssd/devitems/teamsmeetingplugin/node_modules/jest-runner/build/runTest.js:444:34)
    at Object.worker (/Volumes/externalssd/devitems/teamsmeetingplugin/node_modules/jest-runner/build/testWorker.js:106:12)</failure>
    </testcase>
    <testcase classname="TranscriptSharingService share access should reject access to inactive share" name="TranscriptSharingService share access should reject access to inactive share" time="5">
      <failure>Error: thrown: &quot;Exceeded timeout of 5000 ms for a test.
Add a timeout value to this test to increase the timeout, if this is a long-running test. See https://jestjs.io/docs/api#testname-fn-timeout.&quot;
    at it (/Volumes/externalssd/devitems/teamsmeetingplugin/src/client/services/__tests__/TranscriptSharingService.test.js:260:5)
    at _dispatchDescribe (/Volumes/externalssd/devitems/teamsmeetingplugin/node_modules/jest-circus/build/index.js:91:26)
    at describe (/Volumes/externalssd/devitems/teamsmeetingplugin/node_modules/jest-circus/build/index.js:55:5)
    at describe (/Volumes/externalssd/devitems/teamsmeetingplugin/src/client/services/__tests__/TranscriptSharingService.test.js:209:3)
    at _dispatchDescribe (/Volumes/externalssd/devitems/teamsmeetingplugin/node_modules/jest-circus/build/index.js:91:26)
    at describe (/Volumes/externalssd/devitems/teamsmeetingplugin/node_modules/jest-circus/build/index.js:55:5)
    at Object.describe (/Volumes/externalssd/devitems/teamsmeetingplugin/src/client/services/__tests__/TranscriptSharingService.test.js:70:1)
    at Runtime._execModule (/Volumes/externalssd/devitems/teamsmeetingplugin/node_modules/jest-runtime/build/index.js:1439:24)
    at Runtime._loadModule (/Volumes/externalssd/devitems/teamsmeetingplugin/node_modules/jest-runtime/build/index.js:1022:12)
    at Runtime.requireModule (/Volumes/externalssd/devitems/teamsmeetingplugin/node_modules/jest-runtime/build/index.js:882:12)
    at jestAdapter (/Volumes/externalssd/devitems/teamsmeetingplugin/node_modules/jest-circus/build/legacy-code-todo-rewrite/jestAdapter.js:77:13)
    at processTicksAndRejections (node:internal/process/task_queues:105:5)
    at runTestInternal (/Volumes/externalssd/devitems/teamsmeetingplugin/node_modules/jest-runner/build/runTest.js:367:16)
    at runTest (/Volumes/externalssd/devitems/teamsmeetingplugin/node_modules/jest-runner/build/runTest.js:444:34)
    at Object.worker (/Volumes/externalssd/devitems/teamsmeetingplugin/node_modules/jest-runner/build/testWorker.js:106:12)</failure>
    </testcase>
    <testcase classname="TranscriptSharingService share access should reject access to expired share" name="TranscriptSharingService share access should reject access to expired share" time="5.002">
      <failure>Error: thrown: &quot;Exceeded timeout of 5000 ms for a test.
Add a timeout value to this test to increase the timeout, if this is a long-running test. See https://jestjs.io/docs/api#testname-fn-timeout.&quot;
    at it (/Volumes/externalssd/devitems/teamsmeetingplugin/src/client/services/__tests__/TranscriptSharingService.test.js:267:5)
    at _dispatchDescribe (/Volumes/externalssd/devitems/teamsmeetingplugin/node_modules/jest-circus/build/index.js:91:26)
    at describe (/Volumes/externalssd/devitems/teamsmeetingplugin/node_modules/jest-circus/build/index.js:55:5)
    at describe (/Volumes/externalssd/devitems/teamsmeetingplugin/src/client/services/__tests__/TranscriptSharingService.test.js:209:3)
    at _dispatchDescribe (/Volumes/externalssd/devitems/teamsmeetingplugin/node_modules/jest-circus/build/index.js:91:26)
    at describe (/Volumes/externalssd/devitems/teamsmeetingplugin/node_modules/jest-circus/build/index.js:55:5)
    at Object.describe (/Volumes/externalssd/devitems/teamsmeetingplugin/src/client/services/__tests__/TranscriptSharingService.test.js:70:1)
    at Runtime._execModule (/Volumes/externalssd/devitems/teamsmeetingplugin/node_modules/jest-runtime/build/index.js:1439:24)
    at Runtime._loadModule (/Volumes/externalssd/devitems/teamsmeetingplugin/node_modules/jest-runtime/build/index.js:1022:12)
    at Runtime.requireModule (/Volumes/externalssd/devitems/teamsmeetingplugin/node_modules/jest-runtime/build/index.js:882:12)
    at jestAdapter (/Volumes/externalssd/devitems/teamsmeetingplugin/node_modules/jest-circus/build/legacy-code-todo-rewrite/jestAdapter.js:77:13)
    at processTicksAndRejections (node:internal/process/task_queues:105:5)
    at runTestInternal (/Volumes/externalssd/devitems/teamsmeetingplugin/node_modules/jest-runner/build/runTest.js:367:16)
    at runTest (/Volumes/externalssd/devitems/teamsmeetingplugin/node_modules/jest-runner/build/runTest.js:444:34)
    at Object.worker (/Volumes/externalssd/devitems/teamsmeetingplugin/node_modules/jest-runner/build/testWorker.js:106:12)</failure>
    </testcase>
    <testcase classname="TranscriptSharingService share access should reject access when max accesses reached" name="TranscriptSharingService share access should reject access when max accesses reached" time="5.003">
      <failure>Error: thrown: &quot;Exceeded timeout of 5000 ms for a test.
Add a timeout value to this test to increase the timeout, if this is a long-running test. See https://jestjs.io/docs/api#testname-fn-timeout.&quot;
    at it (/Volumes/externalssd/devitems/teamsmeetingplugin/src/client/services/__tests__/TranscriptSharingService.test.js:274:5)
    at _dispatchDescribe (/Volumes/externalssd/devitems/teamsmeetingplugin/node_modules/jest-circus/build/index.js:91:26)
    at describe (/Volumes/externalssd/devitems/teamsmeetingplugin/node_modules/jest-circus/build/index.js:55:5)
    at describe (/Volumes/externalssd/devitems/teamsmeetingplugin/src/client/services/__tests__/TranscriptSharingService.test.js:209:3)
    at _dispatchDescribe (/Volumes/externalssd/devitems/teamsmeetingplugin/node_modules/jest-circus/build/index.js:91:26)
    at describe (/Volumes/externalssd/devitems/teamsmeetingplugin/node_modules/jest-circus/build/index.js:55:5)
    at Object.describe (/Volumes/externalssd/devitems/teamsmeetingplugin/src/client/services/__tests__/TranscriptSharingService.test.js:70:1)
    at Runtime._execModule (/Volumes/externalssd/devitems/teamsmeetingplugin/node_modules/jest-runtime/build/index.js:1439:24)
    at Runtime._loadModule (/Volumes/externalssd/devitems/teamsmeetingplugin/node_modules/jest-runtime/build/index.js:1022:12)
    at Runtime.requireModule (/Volumes/externalssd/devitems/teamsmeetingplugin/node_modules/jest-runtime/build/index.js:882:12)
    at jestAdapter (/Volumes/externalssd/devitems/teamsmeetingplugin/node_modules/jest-circus/build/legacy-code-todo-rewrite/jestAdapter.js:77:13)
    at processTicksAndRejections (node:internal/process/task_queues:105:5)
    at runTestInternal (/Volumes/externalssd/devitems/teamsmeetingplugin/node_modules/jest-runner/build/runTest.js:367:16)
    at runTest (/Volumes/externalssd/devitems/teamsmeetingplugin/node_modules/jest-runner/build/runTest.js:444:34)
    at Object.worker (/Volumes/externalssd/devitems/teamsmeetingplugin/node_modules/jest-runner/build/testWorker.js:106:12)</failure>
    </testcase>
    <testcase classname="TranscriptSharingService share access should validate password when required" name="TranscriptSharingService share access should validate password when required" time="5.002">
      <failure>Error: thrown: &quot;Exceeded timeout of 5000 ms for a test.
Add a timeout value to this test to increase the timeout, if this is a long-running test. See https://jestjs.io/docs/api#testname-fn-timeout.&quot;
    at it (/Volumes/externalssd/devitems/teamsmeetingplugin/src/client/services/__tests__/TranscriptSharingService.test.js:282:5)
    at _dispatchDescribe (/Volumes/externalssd/devitems/teamsmeetingplugin/node_modules/jest-circus/build/index.js:91:26)
    at describe (/Volumes/externalssd/devitems/teamsmeetingplugin/node_modules/jest-circus/build/index.js:55:5)
    at describe (/Volumes/externalssd/devitems/teamsmeetingplugin/src/client/services/__tests__/TranscriptSharingService.test.js:209:3)
    at _dispatchDescribe (/Volumes/externalssd/devitems/teamsmeetingplugin/node_modules/jest-circus/build/index.js:91:26)
    at describe (/Volumes/externalssd/devitems/teamsmeetingplugin/node_modules/jest-circus/build/index.js:55:5)
    at Object.describe (/Volumes/externalssd/devitems/teamsmeetingplugin/src/client/services/__tests__/TranscriptSharingService.test.js:70:1)
    at Runtime._execModule (/Volumes/externalssd/devitems/teamsmeetingplugin/node_modules/jest-runtime/build/index.js:1439:24)
    at Runtime._loadModule (/Volumes/externalssd/devitems/teamsmeetingplugin/node_modules/jest-runtime/build/index.js:1022:12)
    at Runtime.requireModule (/Volumes/externalssd/devitems/teamsmeetingplugin/node_modules/jest-runtime/build/index.js:882:12)
    at jestAdapter (/Volumes/externalssd/devitems/teamsmeetingplugin/node_modules/jest-circus/build/legacy-code-todo-rewrite/jestAdapter.js:77:13)
    at processTicksAndRejections (node:internal/process/task_queues:105:5)
    at runTestInternal (/Volumes/externalssd/devitems/teamsmeetingplugin/node_modules/jest-runner/build/runTest.js:367:16)
    at runTest (/Volumes/externalssd/devitems/teamsmeetingplugin/node_modules/jest-runner/build/runTest.js:444:34)
    at Object.worker (/Volumes/externalssd/devitems/teamsmeetingplugin/node_modules/jest-runner/build/testWorker.js:106:12)</failure>
    </testcase>
    <testcase classname="TranscriptSharingService share access should reject invalid password" name="TranscriptSharingService share access should reject invalid password" time="5.003">
      <failure>Error: thrown: &quot;Exceeded timeout of 5000 ms for a test.
Add a timeout value to this test to increase the timeout, if this is a long-running test. See https://jestjs.io/docs/api#testname-fn-timeout.&quot;
    at it (/Volumes/externalssd/devitems/teamsmeetingplugin/src/client/services/__tests__/TranscriptSharingService.test.js:295:5)
    at _dispatchDescribe (/Volumes/externalssd/devitems/teamsmeetingplugin/node_modules/jest-circus/build/index.js:91:26)
    at describe (/Volumes/externalssd/devitems/teamsmeetingplugin/node_modules/jest-circus/build/index.js:55:5)
    at describe (/Volumes/externalssd/devitems/teamsmeetingplugin/src/client/services/__tests__/TranscriptSharingService.test.js:209:3)
    at _dispatchDescribe (/Volumes/externalssd/devitems/teamsmeetingplugin/node_modules/jest-circus/build/index.js:91:26)
    at describe (/Volumes/externalssd/devitems/teamsmeetingplugin/node_modules/jest-circus/build/index.js:55:5)
    at Object.describe (/Volumes/externalssd/devitems/teamsmeetingplugin/src/client/services/__tests__/TranscriptSharingService.test.js:70:1)
    at Runtime._execModule (/Volumes/externalssd/devitems/teamsmeetingplugin/node_modules/jest-runtime/build/index.js:1439:24)
    at Runtime._loadModule (/Volumes/externalssd/devitems/teamsmeetingplugin/node_modules/jest-runtime/build/index.js:1022:12)
    at Runtime.requireModule (/Volumes/externalssd/devitems/teamsmeetingplugin/node_modules/jest-runtime/build/index.js:882:12)
    at jestAdapter (/Volumes/externalssd/devitems/teamsmeetingplugin/node_modules/jest-circus/build/legacy-code-todo-rewrite/jestAdapter.js:77:13)
    at processTicksAndRejections (node:internal/process/task_queues:105:5)
    at runTestInternal (/Volumes/externalssd/devitems/teamsmeetingplugin/node_modules/jest-runner/build/runTest.js:367:16)
    at runTest (/Volumes/externalssd/devitems/teamsmeetingplugin/node_modules/jest-runner/build/runTest.js:444:34)
    at Object.worker (/Volumes/externalssd/devitems/teamsmeetingplugin/node_modules/jest-runner/build/testWorker.js:106:12)</failure>
    </testcase>
    <testcase classname="TranscriptSharingService share access should validate email restrictions" name="TranscriptSharingService share access should validate email restrictions" time="5.002">
      <failure>Error: thrown: &quot;Exceeded timeout of 5000 ms for a test.
Add a timeout value to this test to increase the timeout, if this is a long-running test. See https://jestjs.io/docs/api#testname-fn-timeout.&quot;
    at it (/Volumes/externalssd/devitems/teamsmeetingplugin/src/client/services/__tests__/TranscriptSharingService.test.js:305:5)
    at _dispatchDescribe (/Volumes/externalssd/devitems/teamsmeetingplugin/node_modules/jest-circus/build/index.js:91:26)
    at describe (/Volumes/externalssd/devitems/teamsmeetingplugin/node_modules/jest-circus/build/index.js:55:5)
    at describe (/Volumes/externalssd/devitems/teamsmeetingplugin/src/client/services/__tests__/TranscriptSharingService.test.js:209:3)
    at _dispatchDescribe (/Volumes/externalssd/devitems/teamsmeetingplugin/node_modules/jest-circus/build/index.js:91:26)
    at describe (/Volumes/externalssd/devitems/teamsmeetingplugin/node_modules/jest-circus/build/index.js:55:5)
    at Object.describe (/Volumes/externalssd/devitems/teamsmeetingplugin/src/client/services/__tests__/TranscriptSharingService.test.js:70:1)
    at Runtime._execModule (/Volumes/externalssd/devitems/teamsmeetingplugin/node_modules/jest-runtime/build/index.js:1439:24)
    at Runtime._loadModule (/Volumes/externalssd/devitems/teamsmeetingplugin/node_modules/jest-runtime/build/index.js:1022:12)
    at Runtime.requireModule (/Volumes/externalssd/devitems/teamsmeetingplugin/node_modules/jest-runtime/build/index.js:882:12)
    at jestAdapter (/Volumes/externalssd/devitems/teamsmeetingplugin/node_modules/jest-circus/build/legacy-code-todo-rewrite/jestAdapter.js:77:13)
    at processTicksAndRejections (node:internal/process/task_queues:105:5)
    at runTestInternal (/Volumes/externalssd/devitems/teamsmeetingplugin/node_modules/jest-runner/build/runTest.js:367:16)
    at runTest (/Volumes/externalssd/devitems/teamsmeetingplugin/node_modules/jest-runner/build/runTest.js:444:34)
    at Object.worker (/Volumes/externalssd/devitems/teamsmeetingplugin/node_modules/jest-runner/build/testWorker.js:106:12)</failure>
    </testcase>
    <testcase classname="TranscriptSharingService share access should increment access count" name="TranscriptSharingService share access should increment access count" time="5.002">
      <failure>Error: thrown: &quot;Exceeded timeout of 5000 ms for a test.
Add a timeout value to this test to increase the timeout, if this is a long-running test. See https://jestjs.io/docs/api#testname-fn-timeout.&quot;
    at it (/Volumes/externalssd/devitems/teamsmeetingplugin/src/client/services/__tests__/TranscriptSharingService.test.js:315:5)
    at _dispatchDescribe (/Volumes/externalssd/devitems/teamsmeetingplugin/node_modules/jest-circus/build/index.js:91:26)
    at describe (/Volumes/externalssd/devitems/teamsmeetingplugin/node_modules/jest-circus/build/index.js:55:5)
    at describe (/Volumes/externalssd/devitems/teamsmeetingplugin/src/client/services/__tests__/TranscriptSharingService.test.js:209:3)
    at _dispatchDescribe (/Volumes/externalssd/devitems/teamsmeetingplugin/node_modules/jest-circus/build/index.js:91:26)
    at describe (/Volumes/externalssd/devitems/teamsmeetingplugin/node_modules/jest-circus/build/index.js:55:5)
    at Object.describe (/Volumes/externalssd/devitems/teamsmeetingplugin/src/client/services/__tests__/TranscriptSharingService.test.js:70:1)
    at Runtime._execModule (/Volumes/externalssd/devitems/teamsmeetingplugin/node_modules/jest-runtime/build/index.js:1439:24)
    at Runtime._loadModule (/Volumes/externalssd/devitems/teamsmeetingplugin/node_modules/jest-runtime/build/index.js:1022:12)
    at Runtime.requireModule (/Volumes/externalssd/devitems/teamsmeetingplugin/node_modules/jest-runtime/build/index.js:882:12)
    at jestAdapter (/Volumes/externalssd/devitems/teamsmeetingplugin/node_modules/jest-circus/build/legacy-code-todo-rewrite/jestAdapter.js:77:13)
    at processTicksAndRejections (node:internal/process/task_queues:105:5)
    at runTestInternal (/Volumes/externalssd/devitems/teamsmeetingplugin/node_modules/jest-runner/build/runTest.js:367:16)
    at runTest (/Volumes/externalssd/devitems/teamsmeetingplugin/node_modules/jest-runner/build/runTest.js:444:34)
    at Object.worker (/Volumes/externalssd/devitems/teamsmeetingplugin/node_modules/jest-runner/build/testWorker.js:106:12)</failure>
    </testcase>
    <testcase classname="TranscriptSharingService share access should handle non-existent share" name="TranscriptSharingService share access should handle non-existent share" time="5.002">
      <failure>Error: thrown: &quot;Exceeded timeout of 5000 ms for a test.
Add a timeout value to this test to increase the timeout, if this is a long-running test. See https://jestjs.io/docs/api#testname-fn-timeout.&quot;
    at it (/Volumes/externalssd/devitems/teamsmeetingplugin/src/client/services/__tests__/TranscriptSharingService.test.js:327:5)
    at _dispatchDescribe (/Volumes/externalssd/devitems/teamsmeetingplugin/node_modules/jest-circus/build/index.js:91:26)
    at describe (/Volumes/externalssd/devitems/teamsmeetingplugin/node_modules/jest-circus/build/index.js:55:5)
    at describe (/Volumes/externalssd/devitems/teamsmeetingplugin/src/client/services/__tests__/TranscriptSharingService.test.js:209:3)
    at _dispatchDescribe (/Volumes/externalssd/devitems/teamsmeetingplugin/node_modules/jest-circus/build/index.js:91:26)
    at describe (/Volumes/externalssd/devitems/teamsmeetingplugin/node_modules/jest-circus/build/index.js:55:5)
    at Object.describe (/Volumes/externalssd/devitems/teamsmeetingplugin/src/client/services/__tests__/TranscriptSharingService.test.js:70:1)
    at Runtime._execModule (/Volumes/externalssd/devitems/teamsmeetingplugin/node_modules/jest-runtime/build/index.js:1439:24)
    at Runtime._loadModule (/Volumes/externalssd/devitems/teamsmeetingplugin/node_modules/jest-runtime/build/index.js:1022:12)
    at Runtime.requireModule (/Volumes/externalssd/devitems/teamsmeetingplugin/node_modules/jest-runtime/build/index.js:882:12)
    at jestAdapter (/Volumes/externalssd/devitems/teamsmeetingplugin/node_modules/jest-circus/build/legacy-code-todo-rewrite/jestAdapter.js:77:13)
    at processTicksAndRejections (node:internal/process/task_queues:105:5)
    at runTestInternal (/Volumes/externalssd/devitems/teamsmeetingplugin/node_modules/jest-runner/build/runTest.js:367:16)
    at runTest (/Volumes/externalssd/devitems/teamsmeetingplugin/node_modules/jest-runner/build/runTest.js:444:34)
    at Object.worker (/Volumes/externalssd/devitems/teamsmeetingplugin/node_modules/jest-runner/build/testWorker.js:106:12)</failure>
    </testcase>
    <testcase classname="TranscriptSharingService share management should update share settings" name="TranscriptSharingService share management should update share settings" time="5.002">
      <failure>Error: thrown: &quot;Exceeded timeout of 5000 ms for a test.
Add a timeout value to this test to increase the timeout, if this is a long-running test. See https://jestjs.io/docs/api#testname-fn-timeout.&quot;
    at it (/Volumes/externalssd/devitems/teamsmeetingplugin/src/client/services/__tests__/TranscriptSharingService.test.js:363:5)
    at _dispatchDescribe (/Volumes/externalssd/devitems/teamsmeetingplugin/node_modules/jest-circus/build/index.js:91:26)
    at describe (/Volumes/externalssd/devitems/teamsmeetingplugin/node_modules/jest-circus/build/index.js:55:5)
    at describe (/Volumes/externalssd/devitems/teamsmeetingplugin/src/client/services/__tests__/TranscriptSharingService.test.js:338:3)
    at _dispatchDescribe (/Volumes/externalssd/devitems/teamsmeetingplugin/node_modules/jest-circus/build/index.js:91:26)
    at describe (/Volumes/externalssd/devitems/teamsmeetingplugin/node_modules/jest-circus/build/index.js:55:5)
    at Object.describe (/Volumes/externalssd/devitems/teamsmeetingplugin/src/client/services/__tests__/TranscriptSharingService.test.js:70:1)
    at Runtime._execModule (/Volumes/externalssd/devitems/teamsmeetingplugin/node_modules/jest-runtime/build/index.js:1439:24)
    at Runtime._loadModule (/Volumes/externalssd/devitems/teamsmeetingplugin/node_modules/jest-runtime/build/index.js:1022:12)
    at Runtime.requireModule (/Volumes/externalssd/devitems/teamsmeetingplugin/node_modules/jest-runtime/build/index.js:882:12)
    at jestAdapter (/Volumes/externalssd/devitems/teamsmeetingplugin/node_modules/jest-circus/build/legacy-code-todo-rewrite/jestAdapter.js:77:13)
    at processTicksAndRejections (node:internal/process/task_queues:105:5)
    at runTestInternal (/Volumes/externalssd/devitems/teamsmeetingplugin/node_modules/jest-runner/build/runTest.js:367:16)
    at runTest (/Volumes/externalssd/devitems/teamsmeetingplugin/node_modules/jest-runner/build/runTest.js:444:34)
    at Object.worker (/Volumes/externalssd/devitems/teamsmeetingplugin/node_modules/jest-runner/build/testWorker.js:106:12)</failure>
    </testcase>
    <testcase classname="TranscriptSharingService share management should revoke share" name="TranscriptSharingService share management should revoke share" time="5.002">
      <failure>Error: thrown: &quot;Exceeded timeout of 5000 ms for a test.
Add a timeout value to this test to increase the timeout, if this is a long-running test. See https://jestjs.io/docs/api#testname-fn-timeout.&quot;
    at it (/Volumes/externalssd/devitems/teamsmeetingplugin/src/client/services/__tests__/TranscriptSharingService.test.js:376:5)
    at _dispatchDescribe (/Volumes/externalssd/devitems/teamsmeetingplugin/node_modules/jest-circus/build/index.js:91:26)
    at describe (/Volumes/externalssd/devitems/teamsmeetingplugin/node_modules/jest-circus/build/index.js:55:5)
    at describe (/Volumes/externalssd/devitems/teamsmeetingplugin/src/client/services/__tests__/TranscriptSharingService.test.js:338:3)
    at _dispatchDescribe (/Volumes/externalssd/devitems/teamsmeetingplugin/node_modules/jest-circus/build/index.js:91:26)
    at describe (/Volumes/externalssd/devitems/teamsmeetingplugin/node_modules/jest-circus/build/index.js:55:5)
    at Object.describe (/Volumes/externalssd/devitems/teamsmeetingplugin/src/client/services/__tests__/TranscriptSharingService.test.js:70:1)
    at Runtime._execModule (/Volumes/externalssd/devitems/teamsmeetingplugin/node_modules/jest-runtime/build/index.js:1439:24)
    at Runtime._loadModule (/Volumes/externalssd/devitems/teamsmeetingplugin/node_modules/jest-runtime/build/index.js:1022:12)
    at Runtime.requireModule (/Volumes/externalssd/devitems/teamsmeetingplugin/node_modules/jest-runtime/build/index.js:882:12)
    at jestAdapter (/Volumes/externalssd/devitems/teamsmeetingplugin/node_modules/jest-circus/build/legacy-code-todo-rewrite/jestAdapter.js:77:13)
    at processTicksAndRejections (node:internal/process/task_queues:105:5)
    at runTestInternal (/Volumes/externalssd/devitems/teamsmeetingplugin/node_modules/jest-runner/build/runTest.js:367:16)
    at runTest (/Volumes/externalssd/devitems/teamsmeetingplugin/node_modules/jest-runner/build/runTest.js:444:34)
    at Object.worker (/Volumes/externalssd/devitems/teamsmeetingplugin/node_modules/jest-runner/build/testWorker.js:106:12)</failure>
    </testcase>
    <testcase classname="TranscriptSharingService share management should handle update errors" name="TranscriptSharingService share management should handle update errors" time="5.003">
      <failure>Error: thrown: &quot;Exceeded timeout of 5000 ms for a test.
Add a timeout value to this test to increase the timeout, if this is a long-running test. See https://jestjs.io/docs/api#testname-fn-timeout.&quot;
    at it (/Volumes/externalssd/devitems/teamsmeetingplugin/src/client/services/__tests__/TranscriptSharingService.test.js:382:5)
    at _dispatchDescribe (/Volumes/externalssd/devitems/teamsmeetingplugin/node_modules/jest-circus/build/index.js:91:26)
    at describe (/Volumes/externalssd/devitems/teamsmeetingplugin/node_modules/jest-circus/build/index.js:55:5)
    at describe (/Volumes/externalssd/devitems/teamsmeetingplugin/src/client/services/__tests__/TranscriptSharingService.test.js:338:3)
    at _dispatchDescribe (/Volumes/externalssd/devitems/teamsmeetingplugin/node_modules/jest-circus/build/index.js:91:26)
    at describe (/Volumes/externalssd/devitems/teamsmeetingplugin/node_modules/jest-circus/build/index.js:55:5)
    at Object.describe (/Volumes/externalssd/devitems/teamsmeetingplugin/src/client/services/__tests__/TranscriptSharingService.test.js:70:1)
    at Runtime._execModule (/Volumes/externalssd/devitems/teamsmeetingplugin/node_modules/jest-runtime/build/index.js:1439:24)
    at Runtime._loadModule (/Volumes/externalssd/devitems/teamsmeetingplugin/node_modules/jest-runtime/build/index.js:1022:12)
    at Runtime.requireModule (/Volumes/externalssd/devitems/teamsmeetingplugin/node_modules/jest-runtime/build/index.js:882:12)
    at jestAdapter (/Volumes/externalssd/devitems/teamsmeetingplugin/node_modules/jest-circus/build/legacy-code-todo-rewrite/jestAdapter.js:77:13)
    at processTicksAndRejections (node:internal/process/task_queues:105:5)
    at runTestInternal (/Volumes/externalssd/devitems/teamsmeetingplugin/node_modules/jest-runner/build/runTest.js:367:16)
    at runTest (/Volumes/externalssd/devitems/teamsmeetingplugin/node_modules/jest-runner/build/runTest.js:444:34)
    at Object.worker (/Volumes/externalssd/devitems/teamsmeetingplugin/node_modules/jest-runner/build/testWorker.js:106:12)</failure>
    </testcase>
    <testcase classname="TranscriptSharingService share listing should get transcript shares" name="TranscriptSharingService share listing should get transcript shares" time="5.002">
      <failure>Error: thrown: &quot;Exceeded timeout of 5000 ms for a test.
Add a timeout value to this test to increase the timeout, if this is a long-running test. See https://jestjs.io/docs/api#testname-fn-timeout.&quot;
    at it (/Volumes/externalssd/devitems/teamsmeetingplugin/src/client/services/__tests__/TranscriptSharingService.test.js:394:5)
    at _dispatchDescribe (/Volumes/externalssd/devitems/teamsmeetingplugin/node_modules/jest-circus/build/index.js:91:26)
    at describe (/Volumes/externalssd/devitems/teamsmeetingplugin/node_modules/jest-circus/build/index.js:55:5)
    at describe (/Volumes/externalssd/devitems/teamsmeetingplugin/src/client/services/__tests__/TranscriptSharingService.test.js:393:3)
    at _dispatchDescribe (/Volumes/externalssd/devitems/teamsmeetingplugin/node_modules/jest-circus/build/index.js:91:26)
    at describe (/Volumes/externalssd/devitems/teamsmeetingplugin/node_modules/jest-circus/build/index.js:55:5)
    at Object.describe (/Volumes/externalssd/devitems/teamsmeetingplugin/src/client/services/__tests__/TranscriptSharingService.test.js:70:1)
    at Runtime._execModule (/Volumes/externalssd/devitems/teamsmeetingplugin/node_modules/jest-runtime/build/index.js:1439:24)
    at Runtime._loadModule (/Volumes/externalssd/devitems/teamsmeetingplugin/node_modules/jest-runtime/build/index.js:1022:12)
    at Runtime.requireModule (/Volumes/externalssd/devitems/teamsmeetingplugin/node_modules/jest-runtime/build/index.js:882:12)
    at jestAdapter (/Volumes/externalssd/devitems/teamsmeetingplugin/node_modules/jest-circus/build/legacy-code-todo-rewrite/jestAdapter.js:77:13)
    at processTicksAndRejections (node:internal/process/task_queues:105:5)
    at runTestInternal (/Volumes/externalssd/devitems/teamsmeetingplugin/node_modules/jest-runner/build/runTest.js:367:16)
    at runTest (/Volumes/externalssd/devitems/teamsmeetingplugin/node_modules/jest-runner/build/runTest.js:444:34)
    at Object.worker (/Volumes/externalssd/devitems/teamsmeetingplugin/node_modules/jest-runner/build/testWorker.js:106:12)</failure>
    </testcase>
    <testcase classname="TranscriptSharingService analytics should get share analytics" name="TranscriptSharingService analytics should get share analytics" time="5.003">
      <failure>Error: thrown: &quot;Exceeded timeout of 5000 ms for a test.
Add a timeout value to this test to increase the timeout, if this is a long-running test. See https://jestjs.io/docs/api#testname-fn-timeout.&quot;
    at it (/Volumes/externalssd/devitems/teamsmeetingplugin/src/client/services/__tests__/TranscriptSharingService.test.js:418:5)
    at _dispatchDescribe (/Volumes/externalssd/devitems/teamsmeetingplugin/node_modules/jest-circus/build/index.js:91:26)
    at describe (/Volumes/externalssd/devitems/teamsmeetingplugin/node_modules/jest-circus/build/index.js:55:5)
    at describe (/Volumes/externalssd/devitems/teamsmeetingplugin/src/client/services/__tests__/TranscriptSharingService.test.js:417:3)
    at _dispatchDescribe (/Volumes/externalssd/devitems/teamsmeetingplugin/node_modules/jest-circus/build/index.js:91:26)
    at describe (/Volumes/externalssd/devitems/teamsmeetingplugin/node_modules/jest-circus/build/index.js:55:5)
    at Object.describe (/Volumes/externalssd/devitems/teamsmeetingplugin/src/client/services/__tests__/TranscriptSharingService.test.js:70:1)
    at Runtime._execModule (/Volumes/externalssd/devitems/teamsmeetingplugin/node_modules/jest-runtime/build/index.js:1439:24)
    at Runtime._loadModule (/Volumes/externalssd/devitems/teamsmeetingplugin/node_modules/jest-runtime/build/index.js:1022:12)
    at Runtime.requireModule (/Volumes/externalssd/devitems/teamsmeetingplugin/node_modules/jest-runtime/build/index.js:882:12)
    at jestAdapter (/Volumes/externalssd/devitems/teamsmeetingplugin/node_modules/jest-circus/build/legacy-code-todo-rewrite/jestAdapter.js:77:13)
    at processTicksAndRejections (node:internal/process/task_queues:105:5)
    at runTestInternal (/Volumes/externalssd/devitems/teamsmeetingplugin/node_modules/jest-runner/build/runTest.js:367:16)
    at runTest (/Volumes/externalssd/devitems/teamsmeetingplugin/node_modules/jest-runner/build/runTest.js:444:34)
    at Object.worker (/Volumes/externalssd/devitems/teamsmeetingplugin/node_modules/jest-runner/build/testWorker.js:106:12)</failure>
    </testcase>
    <testcase classname="TranscriptSharingService cleanup should cleanup expired shares" name="TranscriptSharingService cleanup should cleanup expired shares" time="5.003">
      <failure>Error: thrown: &quot;Exceeded timeout of 5000 ms for a test.
Add a timeout value to this test to increase the timeout, if this is a long-running test. See https://jestjs.io/docs/api#testname-fn-timeout.&quot;
    at it (/Volumes/externalssd/devitems/teamsmeetingplugin/src/client/services/__tests__/TranscriptSharingService.test.js:459:5)
    at _dispatchDescribe (/Volumes/externalssd/devitems/teamsmeetingplugin/node_modules/jest-circus/build/index.js:91:26)
    at describe (/Volumes/externalssd/devitems/teamsmeetingplugin/node_modules/jest-circus/build/index.js:55:5)
    at describe (/Volumes/externalssd/devitems/teamsmeetingplugin/src/client/services/__tests__/TranscriptSharingService.test.js:458:3)
    at _dispatchDescribe (/Volumes/externalssd/devitems/teamsmeetingplugin/node_modules/jest-circus/build/index.js:91:26)
    at describe (/Volumes/externalssd/devitems/teamsmeetingplugin/node_modules/jest-circus/build/index.js:55:5)
    at Object.describe (/Volumes/externalssd/devitems/teamsmeetingplugin/src/client/services/__tests__/TranscriptSharingService.test.js:70:1)
    at Runtime._execModule (/Volumes/externalssd/devitems/teamsmeetingplugin/node_modules/jest-runtime/build/index.js:1439:24)
    at Runtime._loadModule (/Volumes/externalssd/devitems/teamsmeetingplugin/node_modules/jest-runtime/build/index.js:1022:12)
    at Runtime.requireModule (/Volumes/externalssd/devitems/teamsmeetingplugin/node_modules/jest-runtime/build/index.js:882:12)
    at jestAdapter (/Volumes/externalssd/devitems/teamsmeetingplugin/node_modules/jest-circus/build/legacy-code-todo-rewrite/jestAdapter.js:77:13)
    at processTicksAndRejections (node:internal/process/task_queues:105:5)
    at runTestInternal (/Volumes/externalssd/devitems/teamsmeetingplugin/node_modules/jest-runner/build/runTest.js:367:16)
    at runTest (/Volumes/externalssd/devitems/teamsmeetingplugin/node_modules/jest-runner/build/runTest.js:444:34)
    at Object.worker (/Volumes/externalssd/devitems/teamsmeetingplugin/node_modules/jest-runner/build/testWorker.js:106:12)</failure>
    </testcase>
    <testcase classname="TranscriptSharingService helper methods should hash passwords" name="TranscriptSharingService helper methods should hash passwords" time="0.003">
    </testcase>
    <testcase classname="TranscriptSharingService helper methods should verify passwords" name="TranscriptSharingService helper methods should verify passwords" time="0.001">
    </testcase>
    <testcase classname="TranscriptSharingService helper methods should generate unique share IDs" name="TranscriptSharingService helper methods should generate unique share IDs" time="0">
    </testcase>
    <testcase classname="TranscriptSharingService helper methods should generate share URLs" name="TranscriptSharingService helper methods should generate share URLs" time="0">
    </testcase>
    <testcase classname="TranscriptSharingService helper methods should calculate default expiry" name="TranscriptSharingService helper methods should calculate default expiry" time="0.001">
    </testcase>
    <testcase classname="TranscriptSharingService helper methods should group accesses by day" name="TranscriptSharingService helper methods should group accesses by day" time="0.001">
    </testcase>
    <testcase classname="TranscriptSharingService helper methods should get top accessors" name="TranscriptSharingService helper methods should get top accessors" time="0.001">
    </testcase>
  </testsuite>
</testsuites>